 Lceb

 Timestamp is 5d5ccf02 (Wed Aug 21 06:56:34 2019)

 Preferred load address is 0000000180000000

 Start         Length     Name                   Class
 0001:00000000 00000070H .text$di                CODE
 0001:00000070 0002d4e0H .text$mn                CODE
 0001:0002d550 00000020H .text$mn$00             CODE
 0001:0002d570 00000510H .text$x                 CODE
 0001:0002da80 000000b4H .text$yd                CODE
 0002:00000000 000002a8H .idata$5                DATA
 0002:000002a8 00000010H .00cfg                  DATA
 0002:000002b8 00000008H .CRT$XCA                DATA
 0002:000002c0 00000018H .CRT$XCC                DATA
 0002:000002d8 00000010H .CRT$XCL                DATA
 0002:000002e8 00000008H .CRT$XCU                DATA
 0002:000002f0 00000008H .CRT$XCZ                DATA
 0002:000002f8 00000008H .CRT$XIA                DATA
 0002:00000300 00000028H .CRT$XIC                DATA
 0002:00000328 00000008H .CRT$XIZ                DATA
 0002:00000330 00000008H .CRT$XPA                DATA
 0002:00000338 00000010H .CRT$XPX                DATA
 0002:00000348 00000008H .CRT$XPXA               DATA
 0002:00000350 00000008H .CRT$XPZ                DATA
 0002:00000358 00000008H .CRT$XTA                DATA
 0002:00000360 00000010H .CRT$XTZ                DATA
 0002:00000368 00000000H .gfids$y                DATA
 0002:00000370 00012100H .rdata                  DATA
 0002:00012470 00000a0cH .rdata$r                DATA
 0002:00012e7c 00000414H .rdata$zzzdbg           DATA
 0002:00013290 00000008H .rtc$IAA                DATA
 0002:00013298 00000008H .rtc$IZZ                DATA
 0002:000132a0 00000008H .rtc$TAA                DATA
 0002:000132a8 00000008H .rtc$TZZ                DATA
 0002:000132b0 00002440H .xdata                  DATA
 0002:000156f0 00000244H .xdata$x                DATA
 0002:00015934 00000020H .didat$2                DATA
 0002:00015954 00000024H .didat$3                DATA
 0002:00015978 00000060H .didat$4                DATA
 0002:000159d8 00000300H .didat$6                DATA
 0002:00015cd8 00000068H .didat$7                DATA
 0002:00015d40 00000050H .edata                  DATA
 0002:00015d90 00000014H .idata$2                DATA
 0002:00015da4 00000014H .idata$3                DATA
 0002:00015db8 000002a8H .idata$4                DATA
 0002:00016060 00000616H .idata$6                DATA
 0003:00000000 00000b90H .data                   DATA
 0003:00000b90 00000378H .data$r                 DATA
 0003:00000f08 00000068H .didat$5                DATA
 0003:00000f70 00001898H .bss                    DATA
 0004:00000000 000026b8H .pdata                  DATA
 0005:00000000 00000060H .rsrc$01                DATA
 0005:00000060 00000180H .rsrc$02                DATA

  Address         Publics by Value              Rva+Base               Lib:Object

 0000:00000000       __guard_fids_count         0000000000000000     <absolute>
 0000:00000000       __guard_iat_count          0000000000000000     <absolute>
 0000:00000000       __guard_longjmp_count      0000000000000000     <absolute>
 0000:00000000       __guard_longjmp_table      0000000000000000     <absolute>
 0000:00000000       __volatile_metadata        0000000000000000     <absolute>
 0000:00000000       __guard_iat_table          0000000000000000     <absolute>
 0000:00000000       __hybrid_code_map          0000000000000000     <absolute>
 0000:00000000       __hybrid_code_map_count    0000000000000000     <absolute>
 0000:00000000       ___safe_se_handler_count   0000000000000000     <absolute>
 0000:00000000       __enclave_config           0000000000000000     <absolute>
 0000:00000000       ___safe_se_handler_table   0000000000000000     <absolute>
 0000:00000000       __guard_fids_table         0000000000000000     <absolute>
 0000:00000000       __hybrid_auxiliary_iat     0000000000000000     <absolute>
 0000:00000000       __dynamic_value_reloc_table 0000000000000000     <absolute>
 0000:00000100       __guard_flags              0000000000000100     <absolute>
 0000:00000000       __ImageBase                0000000180000000     <linker-defined>
 0001:00000070       __local_stdio_printf_options 0000000180001070 f i Lceb.obj
 0001:00000080       printf                     0000000180001080 f i Lceb.obj
 0001:000000e0       sprintf_s                  00000001800010e0 f i Lceb.obj
 0001:00000140       ?what@exception@stdext@@UEBAPEBDXZ 0000000180001140 f i Lceb.obj
 0001:00000160       ?_Raise@exception@stdext@@QEBAXXZ 0000000180001160 f i Lceb.obj
 0001:000001a0       _guard_check_icall_nop     00000001800011a0 f i LIBCMT:guard_support.obj
 0001:000001a0       ?imbue@?$basic_streambuf@DU?$char_traits@D@std@@@std@@MEAAXAEBVlocale@2@@Z 00000001800011a0 f i Lceb.obj
 0001:000001a0       ?_Unlock@?$basic_streambuf@DU?$char_traits@D@std@@@std@@UEAAXXZ 00000001800011a0 f i Lceb.obj
 0001:000001a0       ?_Lock@?$basic_streambuf@DU?$char_traits@D@std@@@std@@UEAAXXZ 00000001800011a0 f i Lceb.obj
 0001:000001a0       ?_Doraise@exception@stdext@@MEBAXXZ 00000001800011a0 f i Lceb.obj
 0001:000001b0       ??_Gruntime_error@std@@UEAAPEAXI@Z 00000001800011b0 f i Lceb.obj
 0001:000001b0       ??_Eruntime_error@std@@UEAAPEAXI@Z 00000001800011b0 f i * CIL library *:* CIL module *
 0001:000001b0       ??_Gexception@stdext@@UEAAPEAXI@Z 00000001800011b0 f i Lceb.obj
 0001:000001b0       ??_Eexception@stdext@@UEAAPEAXI@Z 00000001800011b0 f i * CIL library *:* CIL module *
 0001:000001e0       ??0runtime_error@std@@QEAA@PEBD@Z 00000001800011e0 f i Lceb.obj
 0001:00000200       ??1_Locinfo@std@@QEAA@XZ   0000000180001200 f i Lceb.obj
 0001:000002a0       ??_E_Facet_base@std@@UEAAPEAXI@Z 00000001800012a0 f i * CIL library *:* CIL module *
 0001:000002a0       ??_G_Facet_base@std@@UEAAPEAXI@Z 00000001800012a0 f i Lceb.obj
 0001:000002d0       ?_Incref@facet@locale@std@@UEAAXXZ 00000001800012d0 f i Lceb.obj
 0001:000002e0       ?_Decref@facet@locale@std@@UEAAPEAV_Facet_base@3@XZ 00000001800012e0 f i Lceb.obj
 0001:000002f0       ?do_max_length@codecvt_base@std@@MEBAHXZ 00000001800012f0 f i Lceb.obj
 0001:000002f0       ?do_encoding@codecvt_base@std@@MEBAHXZ 00000001800012f0 f i Lceb.obj
 0001:000002f0       DllMain                    00000001800012f0 f i LIBCMT:dll_dllmain_stub.obj
 0001:000002f0       _get_startup_argv_mode     00000001800012f0 f i LIBCMT:argv_mode.obj
 0001:00000300       ?do_tolower@?$ctype@D@std@@MEBADD@Z 0000000180001300 f i Lceb.obj
 0001:00000310       ?do_tolower@?$ctype@D@std@@MEBAPEBDPEADPEBD@Z 0000000180001310 f i Lceb.obj
 0001:00000370       ?do_toupper@?$ctype@D@std@@MEBADD@Z 0000000180001370 f i Lceb.obj
 0001:00000380       ?do_toupper@?$ctype@D@std@@MEBAPEBDPEADPEBD@Z 0000000180001380 f i Lceb.obj
 0001:000003e0       ?do_widen@?$ctype@D@std@@MEBADD@Z 00000001800013e0 f i Lceb.obj
 0001:000003e0       ?do_narrow@?$ctype@D@std@@MEBADDD@Z 00000001800013e0 f i Lceb.obj
 0001:000003f0       ?do_widen@?$ctype@D@std@@MEBAPEBDPEBD0PEAD@Z 00000001800013f0 f i Lceb.obj
 0001:00000410       ?do_narrow@?$ctype@D@std@@MEBAPEBDPEBD0DPEAD@Z 0000000180001410 f i Lceb.obj
 0001:00000430       ??_E?$ctype@D@std@@MEAAPEAXI@Z 0000000180001430 f i * CIL library *:* CIL module *
 0001:00000430       ??_G?$ctype@D@std@@MEAAPEAXI@Z 0000000180001430 f i Lceb.obj
 0001:000004a0       ?default_error_condition@error_category@std@@UEBA?AVerror_condition@2@H@Z 00000001800014a0 f i Lceb.obj
 0001:000004b0       ?equivalent@error_category@std@@UEBA_NHAEBVerror_condition@2@@Z 00000001800014b0 f i Lceb.obj
 0001:000004f0       ?equivalent@error_category@std@@UEBA_NAEBVerror_code@2@H@Z 00000001800014f0 f i Lceb.obj
 0001:00000510       ?make_error_code@std@@YA?AVerror_code@1@W4io_errc@1@@Z 0000000180001510 f i Lceb.obj
 0001:00000560       ??0_System_error@std@@IEAA@Verror_code@1@AEBV?$basic_string@DU?$char_traits@D@std@@V?$allocator@D@2@@1@@Z 0000000180001560 f i Lceb.obj
 0001:00000790       ??_Gfailure@ios_base@std@@UEAAPEAXI@Z 0000000180001790 f i Lceb.obj
 0001:00000790       ??_G_System_error@std@@UEAAPEAXI@Z 0000000180001790 f i Lceb.obj
 0001:00000790       ??_E_System_error@std@@UEAAPEAXI@Z 0000000180001790 f i * CIL library *:* CIL module *
 0001:00000790       ??_Efailure@ios_base@std@@UEAAPEAXI@Z 0000000180001790 f i * CIL library *:* CIL module *
 0001:000007c0       ?name@_Iostream_error_category@std@@UEBAPEBDXZ 00000001800017c0 f i Lceb.obj
 0001:000007d0       ?message@_Iostream_error_category@std@@UEBA?AV?$basic_string@DU?$char_traits@D@std@@V?$allocator@D@2@@2@H@Z 00000001800017d0 f i Lceb.obj
 0001:00000820       ??_G_Iostream_error_category@std@@UEAAPEAXI@Z 0000000180001820 f i Lceb.obj
 0001:00000820       ??_E_Iostream_error_category@std@@UEAAPEAXI@Z 0000000180001820 f i * CIL library *:* CIL module *
 0001:00000850       ??0failure@ios_base@std@@QEAA@PEBDAEBVerror_code@2@@Z 0000000180001850 f i Lceb.obj
 0001:00000900       ?_Doraise@failure@ios_base@std@@MEBAXXZ 0000000180001900 f i Lceb.obj
 0001:00000920       ??_Eios_base@std@@UEAAPEAXI@Z 0000000180001920 f i * CIL library *:* CIL module *
 0001:00000920       ??_Gios_base@std@@UEAAPEAXI@Z 0000000180001920 f i Lceb.obj
 0001:00000960       ?Lceb_addon@v8@@YAXAEBV?$FunctionCallbackInfo@VValue@v8@@@1@@Z 0000000180001960 f   Lceb.obj
 0001:00000970       ?Initialize@v8@@YAXV?$Local@VObject@v8@@@1@@Z 0000000180001970 f   Lceb.obj
 0001:00000a90       Lceb                       0000000180001a90 f   Lceb.obj
 0001:00000ec0       generate_stone_E           0000000180001ec0 f   Lceb.obj
 0001:00000fb0       generate_chenille_body     0000000180001fb0 f   Lceb.obj
 0001:00001120       delete_chenille            0000000180002120 f   Lceb.obj
 0001:00001270       delete_stack               0000000180002270 f   Lceb.obj
 0001:00001320       extract_values_and_quantities_from_chained_list 0000000180002320 f   Lceb.obj
 0001:00001450       recursive                  0000000180002450 f   Lceb.obj
 0001:00001a60       road_to_the_text_file      0000000180002a60 f   Lceb.obj
 0001:000021d0       ??_D?$basic_ofstream@DU?$char_traits@D@std@@@std@@QEAAXXZ 00000001800031d0 f i Lceb.obj
 0001:00002260       get_nb_values              0000000180003260 f   Lceb.obj
 0001:00002590       ??_D?$basic_ifstream@DU?$char_traits@D@std@@@std@@QEAAXXZ 0000000180003590 f i Lceb.obj
 0001:00002620       get_nb_ID                  0000000180003620 f   Lceb.obj
 0001:00002860       get_price                  0000000180003860 f   Lceb.obj
 0001:00002b40       extract_values_from_json   0000000180003b40 f   Lceb.obj
 0001:00002ed0       extract_ID_from_json       0000000180003ed0 f   Lceb.obj
 0001:00003170       merging                    0000000180004170 f   Lceb.obj
 0001:00003410       sort                       0000000180004410 f   Lceb.obj
 0001:00003480       ??0?$basic_string@DU?$char_traits@D@std@@V?$allocator@D@2@@std@@QEAA@_KD@Z 0000000180004480 f i Lceb.obj
 0001:000035f0       ??0?$basic_string@DU?$char_traits@D@std@@V?$allocator@D@2@@std@@QEAA@QEBD@Z 00000001800045f0 f i Lceb.obj
 0001:00003760       ?open@?$basic_ifstream@DU?$char_traits@D@std@@@std@@QEAAXPEBDHH@Z 0000000180004760 f i Lceb.obj
 0001:00003840       ?imbue@?$basic_filebuf@DU?$char_traits@D@std@@@std@@MEAAXAEBVlocale@2@@Z 0000000180004840 f i Lceb.obj
 0001:00003870       ?sync@?$basic_filebuf@DU?$char_traits@D@std@@@std@@MEAAHXZ 0000000180004870 f i Lceb.obj
 0001:000038c0       ?setbuf@?$basic_filebuf@DU?$char_traits@D@std@@@std@@MEAAPEAV?$basic_streambuf@DU?$char_traits@D@std@@@2@PEAD_J@Z 00000001800048c0 f i Lceb.obj
 0001:00003920       ?seekpos@?$basic_filebuf@DU?$char_traits@D@std@@@std@@MEAA?AV?$fpos@U_Mbstatet@@@2@V32@H@Z 0000000180004920 f i Lceb.obj
 0001:00003a00       ?seekoff@?$basic_filebuf@DU?$char_traits@D@std@@@std@@MEAA?AV?$fpos@U_Mbstatet@@@2@_JHH@Z 0000000180004a00 f i Lceb.obj
 0001:00003af0       ?xsputn@?$basic_filebuf@DU?$char_traits@D@std@@@std@@MEAA_JPEBD_J@Z 0000000180004af0 f i Lceb.obj
 0001:00003bd0       ?xsgetn@?$basic_filebuf@DU?$char_traits@D@std@@@std@@MEAA_JPEAD_J@Z 0000000180004bd0 f i Lceb.obj
 0001:00003cb0       ?uflow@?$basic_filebuf@DU?$char_traits@D@std@@@std@@MEAAHXZ 0000000180004cb0 f i Lceb.obj
 0001:00003f50       ?underflow@?$basic_filebuf@DU?$char_traits@D@std@@@std@@MEAAHXZ 0000000180004f50 f i Lceb.obj
 0001:00003fc0       ?pbackfail@?$basic_filebuf@DU?$char_traits@D@std@@@std@@MEAAHH@Z 0000000180004fc0 f i Lceb.obj
 0001:000040b0       ?overflow@?$basic_filebuf@DU?$char_traits@D@std@@@std@@MEAAHH@Z 00000001800050b0 f i Lceb.obj
 0001:00004250       ?_Unlock@?$basic_filebuf@DU?$char_traits@D@std@@@std@@UEAAXXZ 0000000180005250 f i Lceb.obj
 0001:00004270       ?_Lock@?$basic_filebuf@DU?$char_traits@D@std@@@std@@UEAAXXZ 0000000180005270 f i Lceb.obj
 0001:00004290       ??1?$basic_filebuf@DU?$char_traits@D@std@@@std@@UEAA@XZ 0000000180005290 f i Lceb.obj
 0001:00004340       ??6?$basic_ostream@DU?$char_traits@D@std@@@std@@QEAAAEAV01@M@Z 0000000180005340 f i Lceb.obj
 0001:00004540       ??6?$basic_ostream@DU?$char_traits@D@std@@@std@@QEAAAEAV01@K@Z 0000000180005540 f i Lceb.obj
 0001:00004730       ??6?$basic_ostream@DU?$char_traits@D@std@@@std@@QEAAAEAV01@H@Z 0000000180005730 f i Lceb.obj
 0001:00004920       ?get@?$basic_istream@DU?$char_traits@D@std@@@std@@QEAAHXZ 0000000180005920 f i Lceb.obj
 0001:00004b00       ?showmanyc@?$basic_streambuf@DU?$char_traits@D@std@@@std@@MEAA_JXZ 0000000180005b00 f i Lceb.obj
 0001:00004b00       ?sync@?$basic_streambuf@DU?$char_traits@D@std@@@std@@MEAAHXZ 0000000180005b00 f i Lceb.obj
 0001:00004b10       ?setbuf@?$basic_streambuf@DU?$char_traits@D@std@@@std@@MEAAPEAV12@PEAD_J@Z 0000000180005b10 f i Lceb.obj
 0001:00004b20       ?seekpos@?$basic_streambuf@DU?$char_traits@D@std@@@std@@MEAA?AV?$fpos@U_Mbstatet@@@2@V32@H@Z 0000000180005b20 f i Lceb.obj
 0001:00004b20       ?seekoff@?$basic_streambuf@DU?$char_traits@D@std@@@std@@MEAA?AV?$fpos@U_Mbstatet@@@2@_JHH@Z 0000000180005b20 f i Lceb.obj
 0001:00004b40       ?xsputn@?$basic_streambuf@DU?$char_traits@D@std@@@std@@MEAA_JPEBD_J@Z 0000000180005b40 f i Lceb.obj
 0001:00004c00       ?xsgetn@?$basic_streambuf@DU?$char_traits@D@std@@@std@@MEAA_JPEAD_J@Z 0000000180005c00 f i Lceb.obj
 0001:00004cb0       ?uflow@?$basic_streambuf@DU?$char_traits@D@std@@@std@@MEAAHXZ 0000000180005cb0 f i Lceb.obj
 0001:00004cf0       ?overflow@?$basic_streambuf@DU?$char_traits@D@std@@@std@@MEAAHH@Z 0000000180005cf0 f i Lceb.obj
 0001:00004cf0       ?underflow@?$basic_streambuf@DU?$char_traits@D@std@@@std@@MEAAHXZ 0000000180005cf0 f i Lceb.obj
 0001:00004cf0       ?pbackfail@?$basic_streambuf@DU?$char_traits@D@std@@@std@@MEAAHH@Z 0000000180005cf0 f i Lceb.obj
 0001:00004d00       ??_G?$basic_ofstream@DU?$char_traits@D@std@@@std@@UEAAPEAXI@Z 0000000180005d00 f i Lceb.obj
 0001:00004d00       ??_E?$basic_ofstream@DU?$char_traits@D@std@@@std@@UEAAPEAXI@Z 0000000180005d00 f i * CIL library *:* CIL module *
 0001:00004d40       ??_E?$basic_ifstream@DU?$char_traits@D@std@@@std@@UEAAPEAXI@Z 0000000180005d40 f i * CIL library *:* CIL module *
 0001:00004d40       ??_G?$basic_ifstream@DU?$char_traits@D@std@@@std@@UEAAPEAXI@Z 0000000180005d40 f i Lceb.obj
 0001:00004d80       ??_E?$basic_filebuf@DU?$char_traits@D@std@@@std@@UEAAPEAXI@Z 0000000180005d80 f i * CIL library *:* CIL module *
 0001:00004d80       ??_G?$basic_filebuf@DU?$char_traits@D@std@@@std@@UEAAPEAXI@Z 0000000180005d80 f i Lceb.obj
 0001:00004dc0       ??_E?$basic_ostream@DU?$char_traits@D@std@@@std@@UEAAPEAXI@Z 0000000180005dc0 f i * CIL library *:* CIL module *
 0001:00004dc0       ??_G?$basic_ostream@DU?$char_traits@D@std@@@std@@UEAAPEAXI@Z 0000000180005dc0 f i Lceb.obj
 0001:00004e30       ??_G?$basic_istream@DU?$char_traits@D@std@@@std@@UEAAPEAXI@Z 0000000180005e30 f i Lceb.obj
 0001:00004e30       ??_E?$basic_istream@DU?$char_traits@D@std@@@std@@UEAAPEAXI@Z 0000000180005e30 f i * CIL library *:* CIL module *
 0001:00004ea0       ??_G?$basic_streambuf@DU?$char_traits@D@std@@@std@@UEAAPEAXI@Z 0000000180005ea0 f i Lceb.obj
 0001:00004ea0       ??_E?$basic_streambuf@DU?$char_traits@D@std@@@std@@UEAAPEAXI@Z 0000000180005ea0 f i * CIL library *:* CIL module *
 0001:00004f20       ?do_length@?$codecvt@DDU_Mbstatet@@@std@@MEBAHAEAU_Mbstatet@@PEBD1_K@Z 0000000180005f20 f i Lceb.obj
 0001:00004f30       ?do_unshift@?$codecvt@DDU_Mbstatet@@@std@@MEBAHAEAU_Mbstatet@@PEAD1AEAPEAD@Z 0000000180005f30 f i Lceb.obj
 0001:00004f40       ?do_in@?$codecvt@DDU_Mbstatet@@@std@@MEBAHAEAU_Mbstatet@@PEBD1AEAPEBDPEAD3AEAPEAD@Z 0000000180005f40 f i Lceb.obj
 0001:00004f40       ?do_out@?$codecvt@DDU_Mbstatet@@@std@@MEBAHAEAU_Mbstatet@@PEBD1AEAPEBDPEAD3AEAPEAD@Z 0000000180005f40 f i Lceb.obj
 0001:00004f60       ?do_always_noconv@?$codecvt@DDU_Mbstatet@@@std@@MEBA_NXZ 0000000180005f60 f i Lceb.obj
 0001:00004f60       __acrt_uninitialize_command_line 0000000180005f60 f i libucrt:argv_data.obj
 0001:00004f70       ??0sentry@?$basic_ostream@DU?$char_traits@D@std@@@std@@QEAA@AEAV12@@Z 0000000180005f70 f i Lceb.obj
 0001:00004fe0       ?do_put@?$num_put@DV?$ostreambuf_iterator@DU?$char_traits@D@std@@@std@@@std@@MEBA?AV?$ostreambuf_iterator@DU?$char_traits@D@std@@@2@V32@AEAVios_base@2@DPEBX@Z 0000000180005fe0 f i Lceb.obj
 0001:00005080       ?do_put@?$num_put@DV?$ostreambuf_iterator@DU?$char_traits@D@std@@@std@@@std@@MEBA?AV?$ostreambuf_iterator@DU?$char_traits@D@std@@@2@V32@AEAVios_base@2@DO@Z 0000000180006080 f i Lceb.obj
 0001:00005360       ?do_put@?$num_put@DV?$ostreambuf_iterator@DU?$char_traits@D@std@@@std@@@std@@MEBA?AV?$ostreambuf_iterator@DU?$char_traits@D@std@@@2@V32@AEAVios_base@2@DN@Z 0000000180006360 f i Lceb.obj
 0001:00005640       ?do_put@?$num_put@DV?$ostreambuf_iterator@DU?$char_traits@D@std@@@std@@@std@@MEBA?AV?$ostreambuf_iterator@DU?$char_traits@D@std@@@2@V32@AEAVios_base@2@D_K@Z 0000000180006640 f i Lceb.obj
 0001:00005760       ?do_put@?$num_put@DV?$ostreambuf_iterator@DU?$char_traits@D@std@@@std@@@std@@MEBA?AV?$ostreambuf_iterator@DU?$char_traits@D@std@@@2@V32@AEAVios_base@2@D_J@Z 0000000180006760 f i Lceb.obj
 0001:00005880       ?do_put@?$num_put@DV?$ostreambuf_iterator@DU?$char_traits@D@std@@@std@@@std@@MEBA?AV?$ostreambuf_iterator@DU?$char_traits@D@std@@@2@V32@AEAVios_base@2@DK@Z 0000000180006880 f i Lceb.obj
 0001:000059a0       ?do_put@?$num_put@DV?$ostreambuf_iterator@DU?$char_traits@D@std@@@std@@@std@@MEBA?AV?$ostreambuf_iterator@DU?$char_traits@D@std@@@2@V32@AEAVios_base@2@DJ@Z 00000001800069a0 f i Lceb.obj
 0001:00005ac0       ?do_put@?$num_put@DV?$ostreambuf_iterator@DU?$char_traits@D@std@@@std@@@std@@MEBA?AV?$ostreambuf_iterator@DU?$char_traits@D@std@@@2@V32@AEAVios_base@2@D_N@Z 0000000180006ac0 f i Lceb.obj
 0001:00005dc0       ?push_back@?$basic_string@DU?$char_traits@D@std@@V?$allocator@D@2@@std@@QEAAXD@Z 0000000180006dc0 f i Lceb.obj
 0001:00005f50       ?append@?$basic_string@DU?$char_traits@D@std@@V?$allocator@D@2@@std@@QEAAAEAV12@QEBD_K@Z 0000000180006f50 f i Lceb.obj
 0001:00005fd0       ?_Reset_back@?$basic_filebuf@DU?$char_traits@D@std@@@std@@AEAAXXZ 0000000180006fd0 f i Lceb.obj
 0001:00006000       ?_Initcvt@?$basic_filebuf@DU?$char_traits@D@std@@@std@@IEAAXAEBV?$codecvt@DDU_Mbstatet@@@2@@Z 0000000180007000 f i Lceb.obj
 0001:000060a0       ?_Endwrite@?$basic_filebuf@DU?$char_traits@D@std@@@std@@IEAA_NXZ 00000001800070a0 f i Lceb.obj
 0001:00006170       ?_Init@?$basic_filebuf@DU?$char_traits@D@std@@@std@@IEAAXPEAU_iobuf@@W4_Initfl@12@@Z 0000000180007170 f i Lceb.obj
 0001:00006260       ?close@?$basic_filebuf@DU?$char_traits@D@std@@@std@@QEAAPEAV12@XZ 0000000180007260 f i Lceb.obj
 0001:00006330       ?open@?$basic_filebuf@DU?$char_traits@D@std@@@std@@QEAAPEAV12@PEBDHH@Z 0000000180007330 f i Lceb.obj
 0001:000063e0       ??0?$basic_filebuf@DU?$char_traits@D@std@@@std@@QEAA@PEAU_iobuf@@@Z 00000001800073e0 f i Lceb.obj
 0001:00006490       ?_Pnavail@?$basic_streambuf@DU?$char_traits@D@std@@@std@@IEBA_JXZ 0000000180007490 f i Lceb.obj
 0001:000064b0       ?_Gnavail@?$basic_streambuf@DU?$char_traits@D@std@@@std@@IEBA_JXZ 00000001800074b0 f i Lceb.obj
 0001:000064d0       ?setstate@?$basic_ios@DU?$char_traits@D@std@@@std@@QEAAXH_N@Z 00000001800074d0 f i Lceb.obj
 0001:00006550       ??_E?$num_put@DV?$ostreambuf_iterator@DU?$char_traits@D@std@@@std@@@std@@MEAAPEAXI@Z 0000000180007550 f i * CIL library *:* CIL module *
 0001:00006550       ??_G?$codecvt@DDU_Mbstatet@@@std@@MEAAPEAXI@Z 0000000180007550 f i Lceb.obj
 0001:00006550       ??_G?$num_put@DV?$ostreambuf_iterator@DU?$char_traits@D@std@@@std@@@std@@MEAAPEAXI@Z 0000000180007550 f i Lceb.obj
 0001:00006550       ??_E?$codecvt@DDU_Mbstatet@@@std@@MEAAPEAXI@Z 0000000180007550 f i * CIL library *:* CIL module *
 0001:00006580       ?do_truename@?$numpunct@D@std@@MEBA?AV?$basic_string@DU?$char_traits@D@std@@V?$allocator@D@2@@2@XZ 0000000180007580 f i Lceb.obj
 0001:000065a0       ?do_falsename@?$numpunct@D@std@@MEBA?AV?$basic_string@DU?$char_traits@D@std@@V?$allocator@D@2@@2@XZ 00000001800075a0 f i Lceb.obj
 0001:000065c0       ?do_grouping@?$numpunct@D@std@@MEBA?AV?$basic_string@DU?$char_traits@D@std@@V?$allocator@D@2@@2@XZ 00000001800075c0 f i Lceb.obj
 0001:000065e0       ?do_thousands_sep@?$numpunct@D@std@@MEBADXZ 00000001800075e0 f i Lceb.obj
 0001:000065f0       ?do_decimal_point@?$numpunct@D@std@@MEBADXZ 00000001800075f0 f i Lceb.obj
 0001:00006600       ?_Iput@?$num_put@DV?$ostreambuf_iterator@DU?$char_traits@D@std@@@std@@@std@@AEBA?AV?$ostreambuf_iterator@DU?$char_traits@D@std@@@2@V32@AEAVios_base@2@DPEAD_K@Z 0000000180007600 f i Lceb.obj
 0001:00006c70       ?_Fput@?$num_put@DV?$ostreambuf_iterator@DU?$char_traits@D@std@@@std@@@std@@AEBA?AV?$ostreambuf_iterator@DU?$char_traits@D@std@@@2@V32@AEAVios_base@2@DPEBD_K@Z 0000000180007c70 f i Lceb.obj
 0001:00007360       ?flush@?$basic_ostream@DU?$char_traits@D@std@@@std@@QEAAAEAV12@XZ 0000000180008360 f i Lceb.obj
 0001:00007430       ?init@?$basic_ios@DU?$char_traits@D@std@@@std@@IEAAXPEAV?$basic_streambuf@DU?$char_traits@D@std@@@2@_N@Z 0000000180008430 f i Lceb.obj
 0001:00007550       ??_E?$numpunct@D@std@@MEAAPEAXI@Z 0000000180008550 f i * CIL library *:* CIL module *
 0001:00007550       ??_G?$numpunct@D@std@@MEAAPEAXI@Z 0000000180008550 f i Lceb.obj
 0001:000075b0       ?_Xran@?$_String_val@U?$_Simple_types@D@std@@@std@@SAXXZ 00000001800085b0 f i Lceb.obj
 0001:000075d0       ??$use_facet@V?$ctype@D@std@@@std@@YAAEBV?$ctype@D@0@AEBVlocale@0@@Z 00000001800085d0 f i Lceb.obj
 0001:000077d0       ??$?6U?$char_traits@D@std@@@std@@YAAEAV?$basic_ostream@DU?$char_traits@D@std@@@0@AEAV10@PEBD@Z 00000001800087d0 f i Lceb.obj
 0001:00007a70       ??$?6U?$char_traits@D@std@@@std@@YAAEAV?$basic_ostream@DU?$char_traits@D@std@@@0@AEAV10@D@Z 0000000180008a70 f i Lceb.obj
 0001:00007d10       ??$use_facet@V?$codecvt@DDU_Mbstatet@@@std@@@std@@YAAEBV?$codecvt@DDU_Mbstatet@@@0@AEBVlocale@0@@Z 0000000180008d10 f i Lceb.obj
 0001:00007ef0       ??$use_facet@V?$num_put@DV?$ostreambuf_iterator@DU?$char_traits@D@std@@@std@@@std@@@std@@YAAEBV?$num_put@DV?$ostreambuf_iterator@DU?$char_traits@D@std@@@std@@@0@AEBVlocale@0@@Z 0000000180008ef0 f i Lceb.obj
 0001:000080d0       ??$use_facet@V?$numpunct@D@std@@@std@@YAAEBV?$numpunct@D@0@AEBVlocale@0@@Z 00000001800090d0 f i Lceb.obj
 0001:000081e0       ??$_Reallocate_grow_by@V<lambda_e1befb086ad3257e3f042a63030725f7>@@_KD@?$basic_string@DU?$char_traits@D@std@@V?$allocator@D@2@@std@@QEAAAEAV01@_KV<lambda_e1befb086ad3257e3f042a63030725f7>@@_KD@Z 00000001800091e0 f i Lceb.obj
 0001:00008360       ??$_Reallocate_grow_by@V<lambda_65e615be2a453ca0576c979606f46740>@@PEBD_K@?$basic_string@DU?$char_traits@D@std@@V?$allocator@D@2@@std@@QEAAAEAV01@_KV<lambda_65e615be2a453ca0576c979606f46740>@@PEBD_K@Z 0000000180009360 f i Lceb.obj
 0001:000084e0       ??$_Reallocate_grow_by@V<lambda_b986da8d428e4af07c64af60eec09b61>@@_K_KD@?$basic_string@DU?$char_traits@D@std@@V?$allocator@D@2@@std@@QEAAAEAV01@_KV<lambda_b986da8d428e4af07c64af60eec09b61>@@_K2D@Z 00000001800094e0 f i Lceb.obj
 0001:00008690       ?_Getcat@?$numpunct@D@std@@SA_KPEAPEBVfacet@locale@2@PEBV42@@Z 0000000180009690 f i Lceb.obj
 0001:00008880       ?_Xlen@?$basic_string@DU?$char_traits@D@std@@V?$allocator@D@2@@std@@SAXXZ 0000000180009880 f i Lceb.obj
 0001:000088a0       ??$_Immortalize_impl@V_Iostream_error_category@std@@@std@@YAHPEAX0PEAPEAX@Z 00000001800098a0 f i Lceb.obj
 0001:000088b8       ??_E?$basic_ostream@DU?$char_traits@D@std@@@std@@$4PPPPPPPM@A@EAAPEAXI@Z 00000001800098b8 f i Lceb.obj
 0001:000088c4       ??_E?$basic_ifstream@DU?$char_traits@D@std@@@std@@$4PPPPPPPM@A@EAAPEAXI@Z 00000001800098c4 f i Lceb.obj
 0001:000088d0       ??_E?$basic_istream@DU?$char_traits@D@std@@@std@@$4PPPPPPPM@A@EAAPEAXI@Z 00000001800098d0 f i Lceb.obj
 0001:000088dc       ??_E?$basic_ofstream@DU?$char_traits@D@std@@@std@@$4PPPPPPPM@A@EAAPEAXI@Z 00000001800098dc f i Lceb.obj
 0001:00008924       __imp_load_?GetCurrentContext@Isolate@v8@@QEAA?AV?$Local@VContext@v8@@@2@XZ 0000000180009924 f   node:node.exe
 0001:00008930       __tailMerge_node_exe       0000000180009930     node:node.exe
 0001:000089a9       __imp_load_?GetCurrent@Isolate@v8@@SAPEAV12@XZ 00000001800099a9 f   node:node.exe
 0001:000089b5       __imp_load_??1HandleScope@v8@@QEAA@XZ 00000001800099b5 f   node:node.exe
 0001:000089c1       __imp_load_??0HandleScope@v8@@QEAA@PEAVIsolate@1@@Z 00000001800099c1 f   node:node.exe
 0001:000089cd       __imp_load_?GetFunction@FunctionTemplate@v8@@QEAA?AV?$MaybeLocal@VFunction@v8@@@2@V?$Local@VContext@v8@@@2@@Z 00000001800099cd f   node:node.exe
 0001:000089d9       __imp_load_?New@FunctionTemplate@v8@@SA?AV?$Local@VFunctionTemplate@v8@@@2@PEAVIsolate@2@P6AXAEBV?$FunctionCallbackInfo@VValue@v8@@@2@@ZV?$Local@VValue@v8@@@2@V?$Local@VSignature@v8@@@2@HW4ConstructorBehavior@2@W4SideEffectType@2@@Z 00000001800099d9 f   node:node.exe
 0001:000089e5       __imp_load_?ToLocalEmpty@V8@v8@@CAXXZ 00000001800099e5 f   node:node.exe
 0001:000089f1       __imp_load_?NewFromUtf8@String@v8@@SA?AV?$MaybeLocal@VString@v8@@@2@PEAVIsolate@2@PEBDW4NewStringType@2@H@Z 00000001800099f1 f   node:node.exe
 0001:000089fd       __imp_load_?Set@Object@v8@@QEAA_NV?$Local@VValue@v8@@@2@0@Z 00000001800099fd f   node:node.exe
 0001:00008a09       __imp_load_?SetName@Function@v8@@QEAAXV?$Local@VString@v8@@@2@@Z 0000000180009a09 f   node:node.exe
 0001:00008a15       __imp_load_node_module_register 0000000180009a15 f   node:node.exe
 0001:00008a24       ??0_Init_locks@std@@QEAA@XZ 0000000180009a24 f   libcpmt:xlock.obj
 0001:00008a70       ??0_Lockit@std@@QEAA@H@Z   0000000180009a70 f   libcpmt:xlock.obj
 0001:00008aac       ??1_Init_locks@std@@QEAA@XZ 0000000180009aac f   libcpmt:xlock.obj
 0001:00008af0       ??1_Lockit@std@@QEAA@XZ    0000000180009af0 f   libcpmt:xlock.obj
 0001:00008b24       ??0exception@std@@QEAA@AEBV01@@Z 0000000180009b24 f i libcpmt:xonce.obj
 0001:00008b5c       ??_Gbad_alloc@std@@UEAAPEAXI@Z 0000000180009b5c f i libcpmt:xthrow.obj
 0001:00008b5c       ??_Glogic_error@std@@UEAAPEAXI@Z 0000000180009b5c f i libcpmt:xthrow.obj
 0001:00008b5c       ??_Gbad_exception@std@@UEAAPEAXI@Z 0000000180009b5c f i libvcruntime:frame.obj
 0001:00008b5c       ??_Eout_of_range@std@@UEAAPEAXI@Z 0000000180009b5c f i libcpmt:xthrow.obj
 0001:00008b5c       ??_Elength_error@std@@UEAAPEAXI@Z 0000000180009b5c f i libcpmt:xthrow.obj
 0001:00008b5c       ??_Ebad_alloc@std@@UEAAPEAXI@Z 0000000180009b5c f i libcpmt:xthrow.obj
 0001:00008b5c       ??_Glength_error@std@@UEAAPEAXI@Z 0000000180009b5c f i libcpmt:xthrow.obj
 0001:00008b5c       ??_Gout_of_range@std@@UEAAPEAXI@Z 0000000180009b5c f i libcpmt:xthrow.obj
 0001:00008b5c       ??_Gbad_array_new_length@std@@UEAAPEAXI@Z 0000000180009b5c f i LIBCMT:throw_bad_alloc.obj
 0001:00008b5c       ??_Gexception@std@@UEAAPEAXI@Z 0000000180009b5c f i libcpmt:xonce.obj
 0001:00008b5c       ??_Elogic_error@std@@UEAAPEAXI@Z 0000000180009b5c f i libcpmt:xthrow.obj
 0001:00008b5c       ??_Eexception@std@@UEAAPEAXI@Z 0000000180009b5c f i libcpmt:xonce.obj
 0001:00008b5c       ??_Ebad_exception@std@@UEAAPEAXI@Z 0000000180009b5c f i libvcruntime:frame.obj
 0001:00008b5c       ??_Ebad_array_new_length@std@@UEAAPEAXI@Z 0000000180009b5c f i LIBCMT:throw_bad_alloc.obj
 0001:00008ba0       ?_Execute_once@std@@YAHAEAUonce_flag@1@P6AHPEAX1PEAPEAX@Z1@Z 0000000180009ba0 f   libcpmt:xonce.obj
 0001:00008ba8       ?what@exception@std@@UEBAPEBDXZ 0000000180009ba8 f i libcpmt:xonce.obj
 0001:00008bbc       ??1_Fac_tidy_reg_t@std@@QEAA@XZ 0000000180009bbc f i libcpmt:locale0.obj
 0001:00008c24       ??4?$_Yarn@D@std@@QEAAAEAV01@PEBD@Z 0000000180009c24 f i libcpmt:locale0.obj
 0001:00008c9c       ??_G_Locimp@locale@std@@MEAAPEAXI@Z 0000000180009c9c f i libcpmt:locale0.obj
 0001:00008c9c       ??_E_Locimp@locale@std@@MEAAPEAXI@Z 0000000180009c9c f i libcpmt:locale0.obj
 0001:00008d08       ?_Facet_Register@std@@YAXPEAV_Facet_base@1@@Z 0000000180009d08 f   libcpmt:locale0.obj
 0001:00008d40       ?_Getgloballocale@locale@std@@CAPEAV_Locimp@12@XZ 0000000180009d40 f   libcpmt:locale0.obj
 0001:00008d48       ?_Init@locale@std@@CAPEAV_Locimp@12@_N@Z 0000000180009d48 f   libcpmt:locale0.obj
 0001:00008df4       ?_Locimp_dtor@_Locimp@locale@std@@CAXPEAV123@@Z 0000000180009df4 f   libcpmt:locale0.obj
 0001:00008e7c       ?_Locinfo_ctor@_Locinfo@std@@SAXPEAV12@PEBD@Z 0000000180009e7c f   libcpmt:locale0.obj
 0001:00008ee8       ?_Locinfo_dtor@_Locinfo@std@@SAXPEAV12@@Z 0000000180009ee8 f   libcpmt:locale0.obj
 0001:00008f04       ?_New_Locimp@_Locimp@locale@std@@CAPEAV123@_N@Z 0000000180009f04 f   libcpmt:locale0.obj
 0001:00008f74       ?_Setgloballocale@locale@std@@CAXPEAX@Z 0000000180009f74 f   libcpmt:locale0.obj
 0001:00008fa8       _Deletegloballocale        0000000180009fa8 f   libcpmt:locale0.obj
 0001:00009018       ??0bad_alloc@std@@QEAA@AEBV01@@Z 000000018000a018 f i libcpmt:xthrow.obj
 0001:00009058       ??0bad_alloc@std@@QEAA@XZ  000000018000a058 f i libcpmt:xthrow.obj
 0001:00009078       ??0length_error@std@@QEAA@AEBV01@@Z 000000018000a078 f i libcpmt:xthrow.obj
 0001:000090b8       ??0length_error@std@@QEAA@PEBD@Z 000000018000a0b8 f i libcpmt:xthrow.obj
 0001:00009104       ??0logic_error@std@@QEAA@AEBV01@@Z 000000018000a104 f i libcpmt:xthrow.obj
 0001:00009144       ??0out_of_range@std@@QEAA@AEBV01@@Z 000000018000a144 f i libcpmt:xthrow.obj
 0001:00009184       ??0out_of_range@std@@QEAA@PEBD@Z 000000018000a184 f i libcpmt:xthrow.obj
 0001:000091d0       ??1bad_array_new_length@std@@UEAA@XZ 000000018000a1d0 f i LIBCMT:throw_bad_alloc.obj
 0001:000091d0       ??1out_of_range@std@@UEAA@XZ 000000018000a1d0 f i libcpmt:xthrow.obj
 0001:000091d0       ??1bad_alloc@std@@UEAA@XZ  000000018000a1d0 f i libcpmt:xthrow.obj
 0001:000091d0       ??1length_error@std@@UEAA@XZ 000000018000a1d0 f i libcpmt:xthrow.obj
 0001:000091d0       ??1bad_exception@std@@UEAA@XZ 000000018000a1d0 f i libvcruntime:frame.obj
 0001:000091e4       ?_Xbad_alloc@std@@YAXXZ    000000018000a1e4 f   libcpmt:xthrow.obj
 0001:000091e4       ?__scrt_throw_std_bad_alloc@@YAXXZ 000000018000a1e4 f   LIBCMT:throw_bad_alloc.obj
 0001:00009204       ?_Xlength_error@std@@YAXPEBD@Z 000000018000a204 f   libcpmt:xthrow.obj
 0001:00009228       ?_Xout_of_range@std@@YAXPEBD@Z 000000018000a228 f   libcpmt:xthrow.obj
 0001:0000924c       ?_Ios_base_dtor@ios_base@std@@CAXPEAV12@@Z 000000018000a24c f   libcpmt:ios.obj
 0001:000092cc       ?_Tidy@ios_base@std@@AEAAXXZ 000000018000a2cc f i libcpmt:ios.obj
 0001:0000934c       ??$_Xfiopen@D@std@@YAPEAU_iobuf@@PEBDHH@Z 000000018000a34c f i libcpmt:fiopen.obj
 0001:00009454       ?_Fiopen@std@@YAPEAU_iobuf@@PEBDHH@Z 000000018000a454 f   libcpmt:fiopen.obj
 0001:0000945c       ?_Syserror_map@std@@YAPEBDH@Z 000000018000a45c f   libcpmt:syserror.obj
 0001:00009484       _Getctype                  000000018000a484 f   libcpmt:_tolower.obj
 0001:0000954c       _Tolower                   000000018000a54c f   libcpmt:_tolower.obj
 0001:0000967c       _Getcvt                    000000018000a67c f   libcpmt:xwctomb.obj
 0001:0000970c       _Toupper                   000000018000a70c f   libcpmt:_toupper.obj
 0001:0000984c       _Mtxdst                    000000018000a84c f   libcpmt:xmtx.obj
 0001:00009854       _Mtxinit                   000000018000a854 f   libcpmt:xmtx.obj
 0001:00009864       _Mtxlock                   000000018000a864 f   libcpmt:xmtx.obj
 0001:0000986c       _Mtxunlock                 000000018000a86c f   libcpmt:xmtx.obj
 0001:00009d44       __crtInitOnceExecuteOnce   000000018000ad44 f   libcpmt:winapisupp.obj
 0001:00009e10       __crtInitializeCriticalSectionEx 000000018000ae10 f   libcpmt:winapisupp.obj
 0001:00009e40       ?_Atexit@@YAXP6AXXZ@Z      000000018000ae40 f   libcpmt:iosptrs.obj
 0001:00009e80       __crtLCMapStringA          000000018000ae80 f   libcpmt:StlLCMapStringA.obj
 0001:0000a134       GetTableIndexFromLocaleName 000000018000b134 f   libcpmt:winapinls.obj
 0001:0000a1c4       __crtDownlevelLocaleNameToLCID 000000018000b1c4 f   libcpmt:winapinls.obj
 0001:0000a1f8       __crtLCMapStringEx         000000018000b1f8 f   libcpmt:winapinls.obj
 0001:0000a294       __wcsnicmp_ascii           000000018000b294 f   libcpmt:winapinls.obj
 0001:0000a310       __security_check_cookie    000000018000b310 f   LIBCMT:amdsecgs.obj
 0001:0000a334       ??3@YAXPEAX_K@Z            000000018000b334 f   LIBCMT:delete_scalar_size.obj
 0001:0000a334       ??_V@YAXPEAX@Z             000000018000b334 f   LIBCMT:delete_array.obj
 0001:0000a33c       __raise_securityfailure    000000018000b33c f   LIBCMT:gs_report.obj
 0001:0000a370       __report_gsfailure         000000018000b370 f   LIBCMT:gs_report.obj
 0001:0000a444       __report_rangecheckfailure 000000018000b444 f   LIBCMT:gs_report.obj
 0001:0000a458       __report_securityfailure   000000018000b458 f   LIBCMT:gs_report.obj
 0001:0000a5d8       ??2@YAPEAX_K@Z             000000018000b5d8 f   LIBCMT:new_scalar.obj
 0001:0000a944       _DllMainCRTStartup         000000018000b944 f   LIBCMT:dll_dllmain.obj
 0001:0000a984       __scrt_acquire_startup_lock 000000018000b984 f   LIBCMT:utility.obj
 0001:0000a9c0       __scrt_dllmain_after_initialize_c 000000018000b9c0 f   LIBCMT:utility.obj
 0001:0000a9f4       __scrt_dllmain_before_initialize_c 000000018000b9f4 f   LIBCMT:utility.obj
 0001:0000aa0c       __scrt_dllmain_crt_thread_attach 000000018000ba0c f   LIBCMT:utility.obj
 0001:0000aa34       __scrt_dllmain_crt_thread_detach 000000018000ba34 f   LIBCMT:utility.obj
 0001:0000aa4c       __scrt_dllmain_exception_filter 000000018000ba4c f   LIBCMT:utility.obj
 0001:0000aaac       __scrt_dllmain_uninitialize_c 000000018000baac f   LIBCMT:utility.obj
 0001:0000aadc       __scrt_dllmain_uninitialize_critical 000000018000badc f   LIBCMT:utility.obj
 0001:0000aaf0       __scrt_initialize_crt      000000018000baf0 f   LIBCMT:utility.obj
 0001:0000ab3c       __scrt_initialize_onexit_tables 000000018000bb3c f   LIBCMT:utility.obj
 0001:0000ac14       __scrt_is_nonwritable_in_current_image 000000018000bc14 f   LIBCMT:utility.obj
 0001:0000acb0       __scrt_release_startup_lock 000000018000bcb0 f   LIBCMT:utility.obj
 0001:0000acd4       __scrt_uninitialize_crt    000000018000bcd4 f   LIBCMT:utility.obj
 0001:0000ad00       _onexit                    000000018000bd00 f   LIBCMT:utility.obj
 0001:0000ad50       atexit                     000000018000bd50 f   LIBCMT:utility.obj
 0001:0000ad68       __GSHandlerCheck           000000018000bd68 f   LIBCMT:gshandler.obj
 0001:0000ad88       __GSHandlerCheckCommon     000000018000bd88 f   LIBCMT:gshandler.obj
 0001:0000ade4       __GSHandlerCheck_EH        000000018000bde4 f   LIBCMT:gshandlereh.obj
 0001:0000ae64       ??_Gtype_info@@UEAAPEAXI@Z 000000018000be64 f i LIBCMT:std_type_info_static.obj
 0001:0000ae64       ??_Etype_info@@UEAAPEAXI@Z 000000018000be64 f i LIBCMT:std_type_info_static.obj
 0001:0000aea0       _alloca_probe              000000018000bea0 f   LIBCMT:chkstk.obj
 0001:0000aea0       __chkstk                   000000018000bea0 f   LIBCMT:chkstk.obj
 0001:0000aef4       ??3@YAXPEAX@Z              000000018000bef4 f   LIBCMT:delete_scalar.obj
 0001:0000aefc       ??0bad_array_new_length@std@@QEAA@AEBV01@@Z 000000018000befc f i LIBCMT:throw_bad_alloc.obj
 0001:0000af3c       ??0bad_array_new_length@std@@QEAA@XZ 000000018000bf3c f i LIBCMT:throw_bad_alloc.obj
 0001:0000af5c       ?__scrt_throw_std_bad_array_new_length@@YAXXZ 000000018000bf5c f   LIBCMT:throw_bad_alloc.obj
 0001:0000af7c       __security_init_cookie     000000018000bf7c f   LIBCMT:gs_support.obj
 0001:0000b028       ?__scrt_initialize_type_info@@YAXXZ 000000018000c028 f   LIBCMT:tncleanup.obj
 0001:0000b038       ?__scrt_uninitialize_type_info@@YAXXZ 000000018000c038 f   LIBCMT:tncleanup.obj
 0001:0000b044       __local_stdio_scanf_options 000000018000c044 f i LIBCMT:default_local_stdio_options.obj
 0001:0000b04c       __scrt_initialize_default_local_stdio_options 000000018000c04c f   LIBCMT:default_local_stdio_options.obj
 0001:0000b068       __scrt_get_dyn_tls_init_callback 000000018000c068 f   LIBCMT:dyn_tls_init.obj
 0001:0000b070       __crt_debugger_hook        000000018000c070 f   LIBCMT:utility_desktop.obj
 0001:0000b078       __scrt_fastfail            000000018000c078 f   LIBCMT:utility_desktop.obj
 0001:0000b1c4       _RTC_Initialize            000000018000c1c4 f   LIBCMT:initsect.obj
 0001:0000b200       _RTC_Terminate             000000018000c200 f   LIBCMT:initsect.obj
 0001:0000b23c       __isa_available_init       000000018000c23c f   LIBCMT:cpu_disp.obj
 0001:0000b3b8       __scrt_is_ucrt_dll_in_use  000000018000c3b8 f   LIBCMT:ucrt_detection.obj
 0001:0000b3d0       _purecall                  000000018000c3d0 f   libvcruntime:purevirt.obj
 0001:0000b400       __std_exception_copy       000000018000c400 f   libvcruntime:std_exception.obj
 0001:0000b490       __std_exception_destroy    000000018000c490 f   libvcruntime:std_exception.obj
 0001:0000b4b8       _CxxThrowException         000000018000c4b8 f   libvcruntime:throw.obj
 0001:0000b578       ??$_CallSETranslator@V__FrameHandler3@@@@YAHPEAUEHExceptionRecord@@PEA_KPEAU_CONTEXT@@PEAU_xDISPATCHER_CONTEXT@@PEBU_s_FuncInfo@@K1@Z 000000018000c578 f i libvcruntime:risctrnsctrl.obj
 0001:0000b5cc       ?CatchTryBlock@__FrameHandler3@@SAPEBU_s_TryBlockMapEntry@@PEBU_s_FuncInfo@@H@Z 000000018000c5cc f   libvcruntime:risctrnsctrl.obj
 0001:0000b624       ?ExecutionInCatch@__FrameHandler3@@SA_NPEAU_xDISPATCHER_CONTEXT@@PEBU_s_FuncInfo@@@Z 000000018000c624 f   libvcruntime:risctrnsctrl.obj
 0001:0000b650       ?FrameUnwindToEmptyState@__FrameHandler3@@SAXPEA_KPEAU_xDISPATCHER_CONTEXT@@PEBU_s_FuncInfo@@@Z 000000018000c650 f   libvcruntime:risctrnsctrl.obj
 0001:0000b6b4       ?GetEstablisherFrame@__FrameHandler3@@SAPEA_KPEA_KPEAU_xDISPATCHER_CONTEXT@@PEBU_s_FuncInfo@@0@Z 000000018000c6b4 f   libvcruntime:risctrnsctrl.obj
 0001:0000b780       ?GetRangeOfTrysToCheck@__FrameHandler3@@SA?AU?$pair@Viterator@TryBlockMap@__FrameHandler3@@V123@@std@@AEAVTryBlockMap@1@HH@Z 000000018000c780 f   libvcruntime:risctrnsctrl.obj
 0001:0000b8dc       ?UnwindNestedFrames@__FrameHandler3@@SAXPEA_KPEAUEHExceptionRecord@@PEAU_CONTEXT@@0PEAXPEBU_s_FuncInfo@@HHPEBU_s_HandlerType@@PEAU_xDISPATCHER_CONTEXT@@E@Z 000000018000c8dc f   libvcruntime:risctrnsctrl.obj
 0001:0000ba00       _CreateFrameInfo           000000018000ca00 f   libvcruntime:risctrnsctrl.obj
 0001:0000ba3c       _FindAndUnlinkFrame        000000018000ca3c f   libvcruntime:risctrnsctrl.obj
 0001:0000ba90       _GetImageBase              000000018000ca90 f   libvcruntime:risctrnsctrl.obj
 0001:0000baa4       _GetThrowImageBase         000000018000caa4 f   libvcruntime:risctrnsctrl.obj
 0001:0000bab8       _SetImageBase              000000018000cab8 f   libvcruntime:risctrnsctrl.obj
 0001:0000bad0       _SetThrowImageBase         000000018000cad0 f   libvcruntime:risctrnsctrl.obj
 0001:0000bae8       __CxxFrameHandler3         000000018000cae8 f   libvcruntime:risctrnsctrl.obj
 0001:0000bb80       memcpy_repmovs             000000018000cb80 f   libvcruntime:memcpy.obj
 0001:0000bba0       memmove                    000000018000cba0 f   libvcruntime:memcpy.obj
 0001:0000bba0       memcpy                     000000018000cba0 f   libvcruntime:memcpy.obj
 0001:0000bfe0       memset_repmovs             000000018000cfe0 f   libvcruntime:memset.obj
 0001:0000c000       memset                     000000018000d000 f   libvcruntime:memset.obj
 0001:0000c190       __DestructExceptionObject  000000018000d190 f   libvcruntime:ehhelpers.obj
 0001:0000c204       ?_CallMemberFunction0@@YAXQEAX0@Z 000000018000d204 f i libvcruntime:ehhelpers.obj
 0001:0000c208       _IsExceptionObjectToBeDestroyed 000000018000d208 f   libvcruntime:ehhelpers.obj
 0001:0000c238       __AdjustPointer            000000018000d238 f   libvcruntime:ehhelpers.obj
 0001:0000c25c       __FrameUnwindFilter        000000018000d25c f   libvcruntime:ehhelpers.obj
 0001:0000c2a8       __std_terminate            000000018000d2a8 f   libvcruntime:ehhelpers.obj
 0001:0000c2d0       memchr                     000000018000d2d0 f   libvcruntime:memchr.obj
 0001:0000c350       memcmp                     000000018000d350 f   libvcruntime:memcmp.obj
 0001:0000c418       __C_specific_handler       000000018000d418 f   libvcruntime:riscchandler.obj
 0001:0000c624       __vcrt_initialize          000000018000d624 f   libvcruntime:initialization.obj
 0001:0000c658       __vcrt_thread_attach       000000018000d658 f   libvcruntime:initialization.obj
 0001:0000c66c       __vcrt_thread_detach       000000018000d66c f   libvcruntime:initialization.obj
 0001:0000c680       __vcrt_uninitialize        000000018000d680 f   libvcruntime:initialization.obj
 0001:0000c6a0       __vcrt_uninitialize_critical 000000018000d6a0 f   libvcruntime:initialization.obj
 0001:0000c6b0       __std_type_info_compare    000000018000d6b0 f   libvcruntime:std_type_info.obj
 0001:0000c6d8       __std_type_info_destroy_list 000000018000d6d8 f   libvcruntime:std_type_info.obj
 0001:0000c704       __vcrt_initialize_pure_virtual_call_handler 000000018000d704 f   libvcruntime:purevirt_data.obj
 0001:0000c714       __vcrt_freefls             000000018000d714 f   libvcruntime:per_thread_data.obj
 0001:0000c734       __vcrt_freeptd             000000018000d734 f   libvcruntime:per_thread_data.obj
 0001:0000c784       __vcrt_getptd              000000018000d784 f   libvcruntime:per_thread_data.obj
 0001:0000c7a0       __vcrt_getptd_noexit       000000018000d7a0 f   libvcruntime:per_thread_data.obj
 0001:0000c86c       __vcrt_initialize_ptd      000000018000d86c f   libvcruntime:per_thread_data.obj
 0001:0000c8c0       __vcrt_uninitialize_ptd    000000018000d8c0 f   libvcruntime:per_thread_data.obj
 0001:0000c8e4       ?GetCurrentState@__FrameHandler3@@SAHPEA_KPEAU_xDISPATCHER_CONTEXT@@PEBU_s_FuncInfo@@@Z 000000018000d8e4 f   libvcruntime:ehstate.obj
 0001:0000c90c       ?GetUnwindTryBlock@__FrameHandler3@@SAHPEA_KPEAU_xDISPATCHER_CONTEXT@@PEBU_s_FuncInfo@@@Z 000000018000d90c f   libvcruntime:ehstate.obj
 0001:0000c938       ?SetState@__FrameHandler3@@SAXPEA_KPEBU_s_FuncInfo@@H@Z 000000018000d938 f   libvcruntime:ehstate.obj
 0001:0000c944       ?SetUnwindTryBlock@__FrameHandler3@@SAXPEA_KPEAU_xDISPATCHER_CONTEXT@@PEBU_s_FuncInfo@@H@Z 000000018000d944 f   libvcruntime:ehstate.obj
 0001:0000c980       ?StateFromControlPc@__FrameHandler3@@SAHPEBU_s_FuncInfo@@PEAU_xDISPATCHER_CONTEXT@@@Z 000000018000d980 f   libvcruntime:ehstate.obj
 0001:0000c988       ?StateFromIp@__FrameHandler3@@SAHPEBU_s_FuncInfo@@PEAU_xDISPATCHER_CONTEXT@@_K@Z 000000018000d988 f   libvcruntime:ehstate.obj
 0001:0000d414       ??$TypeMatchHelper@V__FrameHandler3@@@@YAHPEBU_s_HandlerType@@PEBU_s_CatchableType@@PEBU_s_ThrowInfo@@@Z 000000018000e414 f i libvcruntime:frame.obj
 0001:0000d558       ??$__InternalCxxFrameHandler@V__FrameHandler3@@@@YA?AW4_EXCEPTION_DISPOSITION@@PEAUEHExceptionRecord@@PEA_KPEAU_CONTEXT@@PEAU_xDISPATCHER_CONTEXT@@PEBU_s_FuncInfo@@H1E@Z 000000018000e558 f i libvcruntime:frame.obj
 0001:0000d7a0       ??0bad_exception@std@@QEAA@AEBV01@@Z 000000018000e7a0 f i libvcruntime:frame.obj
 0001:0000d7e0       ??0bad_exception@std@@QEAA@XZ 000000018000e7e0 f i libvcruntime:frame.obj
 0001:0000d800       ?CxxCallCatchBlock@__FrameHandler3@@SAPEAXPEAU_EXCEPTION_RECORD@@@Z 000000018000e800 f   libvcruntime:frame.obj
 0001:0000da74       ?FrameUnwindToState@__FrameHandler3@@SAXPEA_KPEAU_xDISPATCHER_CONTEXT@@PEBU_s_FuncInfo@@H@Z 000000018000ea74 f   libvcruntime:frame.obj
 0001:0000dc08       ?GetHandlerSearchState@__FrameHandler3@@SAHPEA_KPEAU_xDISPATCHER_CONTEXT@@PEBU_s_FuncInfo@@@Z 000000018000ec08 f i libvcruntime:frame.obj
 0001:0000de0c       ?_CallMemberFunction1@@YAXQEAX00@Z 000000018000ee0c f i libvcruntime:frame.obj
 0001:0000de18       ?_CallMemberFunction2@@YAXQEAX00H@Z 000000018000ee18 f i libvcruntime:frame.obj
 0001:0000de40       _NLG_Notify                000000018000ee40 f   libvcruntime:notify.obj
 0001:0000de60       __NLG_Dispatch2            000000018000ee60 f   libvcruntime:notify.obj
 0001:0000de70       __NLG_Return2              000000018000ee70 f   libvcruntime:notify.obj
 0001:0000de74       __except_validate_context_record 000000018000ee74 f   libvcruntime:jbcxrval.obj
 0001:0000deac       __vcrt_initialize_locks    000000018000eeac f   libvcruntime:locks.obj
 0001:0000def4       __vcrt_uninitialize_locks  000000018000eef4 f   libvcruntime:locks.obj
 0001:0000e104       __vcrt_FlsAlloc            000000018000f104 f   libvcruntime:winapi_downlevel.obj
 0001:0000e14c       __vcrt_FlsFree             000000018000f14c f   libvcruntime:winapi_downlevel.obj
 0001:0000e194       __vcrt_FlsGetValue         000000018000f194 f   libvcruntime:winapi_downlevel.obj
 0001:0000e1dc       __vcrt_FlsSetValue         000000018000f1dc f   libvcruntime:winapi_downlevel.obj
 0001:0000e230       __vcrt_InitializeCriticalSectionEx 000000018000f230 f   libvcruntime:winapi_downlevel.obj
 0001:0000e294       __vcrt_initialize_winapi_thunks 000000018000f294 f   libvcruntime:winapi_downlevel.obj
 0001:0000e2c4       __vcrt_uninitialize_winapi_thunks 000000018000f2c4 f   libvcruntime:winapi_downlevel.obj
 0001:0000e320       _CallSettingFrame          000000018000f320 f   libvcruntime:handlers.obj
 0001:0000e370       _CallSettingFrameEncoded   000000018000f370 f   libvcruntime:handlers.obj
 0001:0000e3b8       abort                      000000018000f3b8 f   libucrt:abort.obj
 0001:0000e410       _fputc_nolock              000000018000f410 f   libucrt:fputc.obj
 0001:0000e428       fputc                      000000018000f428 f   libucrt:fputc.obj
 0001:0000e54c       calloc                     000000018000f54c f   libucrt:calloc.obj
 0001:0000e554       __acrt_initialize_stdio    000000018000f554 f   libucrt:_file.obj
 0001:0000e674       __acrt_iob_func            000000018000f674 f   libucrt:_file.obj
 0001:0000e688       __acrt_uninitialize_stdio  000000018000f688 f   libucrt:_file.obj
 0001:0000e6e4       _get_stream_buffer_pointers 000000018000f6e4 f   libucrt:_file.obj
 0001:0000e72c       _lock_file                 000000018000f72c f   libucrt:_file.obj
 0001:0000e738       _unlock_file               000000018000f738 f   libucrt:_file.obj
 0001:0000e744       __acrt_call_reportfault    000000018000f744 f   libucrt:invalid_parameter.obj
 0001:0000e8a0       __acrt_initialize_invalid_parameter_handler 000000018000f8a0 f   libucrt:invalid_parameter.obj
 0001:0000e8a8       _invalid_parameter         000000018000f8a8 f   libucrt:invalid_parameter.obj
 0001:0000e958       _invalid_parameter_noinfo  000000018000f958 f   libucrt:invalid_parameter.obj
 0001:0000e978       _invalid_parameter_noinfo_noreturn 000000018000f978 f   libucrt:invalid_parameter.obj
 0001:0000e9a8       _invoke_watson             000000018000f9a8 f   libucrt:invalid_parameter.obj
 0001:0000ec0c       __acrt_stdio_flush_nolock  000000018000fc0c f   libucrt:fflush.obj
 0001:0000ec88       _fflush_nolock             000000018000fc88 f   libucrt:fflush.obj
 0001:0000ecd4       _flushall                  000000018000fcd4 f   libucrt:fflush.obj
 0001:0000ecdc       fflush                     000000018000fcdc f   libucrt:fflush.obj
 0001:0000ed44       _fclose_nolock             000000018000fd44 f   libucrt:fclose.obj
 0001:0000edc8       fclose                     000000018000fdc8 f   libucrt:fclose.obj
 0001:0000ee2c       perror                     000000018000fe2c f   libucrt:perror.obj
 0001:0000ef90       strcspn                    000000018000ff90 f   libucrt:strcspn.obj
 0001:0000f560       ??$ensure_buffer_is_big_enough@D@formatting_buffer@__crt_stdio_output@@QEAA_N_K@Z 0000000180010560 f i libucrt:output.obj
 0001:0000f608       ??$type_case_integer_parse_into_buffer@I@?$output_processor@DV?$stream_output_adapter@D@__crt_stdio_output@@V?$standard_base@DV?$stream_output_adapter@D@__crt_stdio_output@@@2@@__crt_stdio_output@@AEAAXII_N@Z 0000000180010608 f i libucrt:output.obj
 0001:0000f608       ??$type_case_integer_parse_into_buffer@I@?$output_processor@DV?$string_output_adapter@D@__crt_stdio_output@@V?$format_validation_base@DV?$string_output_adapter@D@__crt_stdio_output@@@2@@__crt_stdio_output@@AEAAXII_N@Z 0000000180010608 f i libucrt:output.obj
 0001:0000f698       ??$type_case_integer_parse_into_buffer@_K@?$output_processor@DV?$stream_output_adapter@D@__crt_stdio_output@@V?$standard_base@DV?$stream_output_adapter@D@__crt_stdio_output@@@2@@__crt_stdio_output@@AEAAX_KI_N@Z 0000000180010698 f i libucrt:output.obj
 0001:0000f698       ??$type_case_integer_parse_into_buffer@_K@?$output_processor@DV?$string_output_adapter@D@__crt_stdio_output@@V?$format_validation_base@DV?$string_output_adapter@D@__crt_stdio_output@@@2@@__crt_stdio_output@@AEAAX_KI_N@Z 0000000180010698 f i libucrt:output.obj
 0001:0000f72c       ??$write_multiple_characters@V?$stream_output_adapter@D@__crt_stdio_output@@D@__crt_stdio_output@@YAXAEBV?$stream_output_adapter@D@0@DHQEAH@Z 000000018001072c f i libucrt:output.obj
 0001:0000f7b8       ??$write_multiple_characters@V?$string_output_adapter@D@__crt_stdio_output@@D@__crt_stdio_output@@YAXAEBV?$string_output_adapter@D@0@DHQEAH@Z 00000001800107b8 f i libucrt:output.obj
 0001:0000f830       ??0_LocaleUpdate@@QEAA@QEAU__crt_locale_pointers@@@Z 0000000180010830 f i libucrt:output.obj
 0001:0000f8cc       ??1_LocaleUpdate@@QEAA@XZ  00000001800108cc f i libucrt:output.obj
 0001:0000fa10       ?crop_zeroes@__crt_stdio_output@@YAXPEADQEAU__crt_locale_pointers@@@Z 0000000180010a10 f i libucrt:output.obj
 0001:0000fa7c       ?force_decimal_point@__crt_stdio_output@@YAXPEADQEAU__crt_locale_pointers@@@Z 0000000180010a7c f i libucrt:output.obj
 0001:0000faec       ?parse_int_from_format_string@?$output_processor@DV?$stream_output_adapter@D@__crt_stdio_output@@V?$standard_base@DV?$stream_output_adapter@D@__crt_stdio_output@@@2@@__crt_stdio_output@@AEAA_NQEAH@Z 0000000180010aec f i libucrt:output.obj
 0001:0000faec       ?parse_int_from_format_string@?$output_processor@DV?$string_output_adapter@D@__crt_stdio_output@@V?$format_validation_base@DV?$string_output_adapter@D@__crt_stdio_output@@@2@@__crt_stdio_output@@AEAA_NQEAH@Z 0000000180010aec f i libucrt:output.obj
 0001:0000fb90       ?process@?$output_processor@DV?$stream_output_adapter@D@__crt_stdio_output@@V?$standard_base@DV?$stream_output_adapter@D@__crt_stdio_output@@@2@@__crt_stdio_output@@QEAAHXZ 0000000180010b90 f i libucrt:output.obj
 0001:0000fda8       ?process@?$output_processor@DV?$string_output_adapter@D@__crt_stdio_output@@V?$format_validation_base@DV?$string_output_adapter@D@__crt_stdio_output@@@2@@__crt_stdio_output@@QEAAHXZ 0000000180010da8 f i libucrt:output.obj
 0001:0000ffc0       ?state_case_normal@?$output_processor@DV?$stream_output_adapter@D@__crt_stdio_output@@V?$standard_base@DV?$stream_output_adapter@D@__crt_stdio_output@@@2@@__crt_stdio_output@@AEAA_NXZ 0000000180010fc0 f i libucrt:output.obj
 0001:00010030       ?state_case_normal@?$output_processor@DV?$string_output_adapter@D@__crt_stdio_output@@V?$format_validation_base@DV?$string_output_adapter@D@__crt_stdio_output@@@2@@__crt_stdio_output@@AEAA_NXZ 0000000180011030 f i libucrt:output.obj
 0001:000100a4       ?state_case_normal_tchar@?$output_processor@DV?$stream_output_adapter@D@__crt_stdio_output@@V?$standard_base@DV?$stream_output_adapter@D@__crt_stdio_output@@@2@@__crt_stdio_output@@AEAA_ND@Z 00000001800110a4 f i libucrt:output.obj
 0001:00010148       ?state_case_normal_tchar@?$output_processor@DV?$string_output_adapter@D@__crt_stdio_output@@V?$format_validation_base@DV?$string_output_adapter@D@__crt_stdio_output@@@2@@__crt_stdio_output@@AEAA_ND@Z 0000000180011148 f i libucrt:output.obj
 0001:000101f0       ?state_case_size@?$output_processor@DV?$stream_output_adapter@D@__crt_stdio_output@@V?$standard_base@DV?$stream_output_adapter@D@__crt_stdio_output@@@2@@__crt_stdio_output@@AEAA_NXZ 00000001800111f0 f i libucrt:output.obj
 0001:00010364       ?state_case_size@?$output_processor@DV?$string_output_adapter@D@__crt_stdio_output@@V?$format_validation_base@DV?$string_output_adapter@D@__crt_stdio_output@@@2@@__crt_stdio_output@@AEAA_NXZ 0000000180011364 f i libucrt:output.obj
 0001:000104d8       ?state_case_type@?$output_processor@DV?$stream_output_adapter@D@__crt_stdio_output@@V?$standard_base@DV?$stream_output_adapter@D@__crt_stdio_output@@@2@@__crt_stdio_output@@AEAA_NXZ 00000001800114d8 f i libucrt:output.obj
 0001:0001075c       ?state_case_type@?$output_processor@DV?$string_output_adapter@D@__crt_stdio_output@@V?$format_validation_base@DV?$string_output_adapter@D@__crt_stdio_output@@@2@@__crt_stdio_output@@AEAA_NXZ 000000018001175c f i libucrt:output.obj
 0001:000109c4       ?type_case_Z@?$output_processor@DV?$string_output_adapter@D@__crt_stdio_output@@V?$format_validation_base@DV?$string_output_adapter@D@__crt_stdio_output@@@2@@__crt_stdio_output@@AEAA_NXZ 00000001800119c4 f i libucrt:output.obj
 0001:000109c4       ?type_case_Z@?$output_processor@DV?$stream_output_adapter@D@__crt_stdio_output@@V?$standard_base@DV?$stream_output_adapter@D@__crt_stdio_output@@@2@@__crt_stdio_output@@AEAA_NXZ 00000001800119c4 f i libucrt:output.obj
 0001:00010a3c       ?type_case_a@?$output_processor@DV?$stream_output_adapter@D@__crt_stdio_output@@V?$standard_base@DV?$stream_output_adapter@D@__crt_stdio_output@@@2@@__crt_stdio_output@@AEAA_NXZ 0000000180011a3c f i libucrt:output.obj
 0001:00010a3c       ?type_case_a@?$output_processor@DV?$string_output_adapter@D@__crt_stdio_output@@V?$format_validation_base@DV?$string_output_adapter@D@__crt_stdio_output@@@2@@__crt_stdio_output@@AEAA_NXZ 0000000180011a3c f i libucrt:output.obj
 0001:00010bf8       ?type_case_c_tchar@?$output_processor@DV?$stream_output_adapter@D@__crt_stdio_output@@V?$standard_base@DV?$stream_output_adapter@D@__crt_stdio_output@@@2@@__crt_stdio_output@@AEAA_ND@Z 0000000180011bf8 f i libucrt:output.obj
 0001:00010bf8       ?type_case_c_tchar@?$output_processor@DV?$string_output_adapter@D@__crt_stdio_output@@V?$format_validation_base@DV?$string_output_adapter@D@__crt_stdio_output@@@2@@__crt_stdio_output@@AEAA_ND@Z 0000000180011bf8 f i libucrt:output.obj
 0001:00010cb4       ?type_case_integer@?$output_processor@DV?$stream_output_adapter@D@__crt_stdio_output@@V?$standard_base@DV?$stream_output_adapter@D@__crt_stdio_output@@@2@@__crt_stdio_output@@AEAA_NI_N@Z 0000000180011cb4 f i libucrt:output.obj
 0001:00010cb4       ?type_case_integer@?$output_processor@DV?$string_output_adapter@D@__crt_stdio_output@@V?$format_validation_base@DV?$string_output_adapter@D@__crt_stdio_output@@@2@@__crt_stdio_output@@AEAA_NI_N@Z 0000000180011cb4 f i libucrt:output.obj
 0001:00010e7c       ?type_case_n@?$output_processor@DV?$stream_output_adapter@D@__crt_stdio_output@@V?$standard_base@DV?$stream_output_adapter@D@__crt_stdio_output@@@2@@__crt_stdio_output@@AEAA_NXZ 0000000180011e7c f i libucrt:output.obj
 0001:00010e7c       ?type_case_n@?$output_processor@DV?$string_output_adapter@D@__crt_stdio_output@@V?$format_validation_base@DV?$string_output_adapter@D@__crt_stdio_output@@@2@@__crt_stdio_output@@AEAA_NXZ 0000000180011e7c f i libucrt:output.obj
 0001:00010f58       ?type_case_s@?$output_processor@DV?$string_output_adapter@D@__crt_stdio_output@@V?$format_validation_base@DV?$string_output_adapter@D@__crt_stdio_output@@@2@@__crt_stdio_output@@AEAA_NXZ 0000000180011f58 f i libucrt:output.obj
 0001:00010f58       ?type_case_s@?$output_processor@DV?$stream_output_adapter@D@__crt_stdio_output@@V?$standard_base@DV?$stream_output_adapter@D@__crt_stdio_output@@@2@@__crt_stdio_output@@AEAA_NXZ 0000000180011f58 f i libucrt:output.obj
 0001:00010ff0       ?validate_stream_is_ansi_if_required@?$__acrt_stdio_char_traits@D@@SA_NQEAU_iobuf@@@Z 0000000180011ff0 f i libucrt:output.obj
 0001:0001108c       ?write_stored_string_tchar@?$output_processor@DV?$stream_output_adapter@D@__crt_stdio_output@@V?$standard_base@DV?$stream_output_adapter@D@__crt_stdio_output@@@2@@__crt_stdio_output@@AEAA_ND@Z 000000018001208c f i libucrt:output.obj
 0001:000111b0       ?write_stored_string_tchar@?$output_processor@DV?$string_output_adapter@D@__crt_stdio_output@@V?$format_validation_base@DV?$string_output_adapter@D@__crt_stdio_output@@@2@@__crt_stdio_output@@AEAA_ND@Z 00000001800121b0 f i libucrt:output.obj
 0001:00011288       ?write_string@?$string_output_adapter@D@__crt_stdio_output@@QEBAXQEBDHQEAHAEAV__crt_deferred_errno_cache@@@Z 0000000180012288 f i libucrt:output.obj
 0001:0001132c       ?write_string_impl@?$output_adapter_common@DV?$stream_output_adapter@D@__crt_stdio_output@@@__crt_stdio_output@@IEBAXQEBDHQEAHAEAV__crt_deferred_errno_cache@@@Z 000000018001232c f i libucrt:output.obj
 0001:00011424       __stdio_common_vfprintf    0000000180012424 f   libucrt:output.obj
 0001:000114b0       __stdio_common_vsprintf_s  00000001800124b0 f   libucrt:output.obj
 0001:00011514       _fgetc_nolock              0000000180012514 f   libucrt:fgetc.obj
 0001:00011558       fgetc                      0000000180012558 f   libucrt:fgetc.obj
 0001:00011660       localeconv                 0000000180012660 f   libucrt:localeconv.obj
 0001:00011738       _fwrite_nolock             0000000180012738 f   libucrt:fwrite.obj
 0001:000118e4       fwrite                     00000001800128e4 f   libucrt:fwrite.obj
 0001:00011968       fgetpos                    0000000180012968 f   libucrt:fgetpos.obj
 0001:00011ad4       setvbuf                    0000000180012ad4 f   libucrt:setvbuf.obj
 0001:00011b70       free                       0000000180012b70 f   libucrt:free.obj
 0001:00011b84       ??$parse_integer@KV?$c_string_character_source@D@__crt_strtox@@@__crt_strtox@@YAKQEAU__crt_locale_pointers@@V?$c_string_character_source@D@0@H_N@Z 0000000180012b84 f i libucrt:atox.obj
 0001:00011ec0       ??$parse_integer@KV?$c_string_character_source@_W@__crt_strtox@@@__crt_strtox@@YAKQEAU__crt_locale_pointers@@V?$c_string_character_source@_W@0@H_N@Z 0000000180012ec0 f i libucrt:atox.obj
 0001:00012574       _wtol                      0000000180013574 f   libucrt:atox.obj
 0001:000125a0       atoi                       00000001800135a0 f   libucrt:atox.obj
 0001:000125cc       _ungetc_nolock             00000001800135cc f   libucrt:ungetc.obj
 0001:000126f4       ungetc                     00000001800136f4 f   libucrt:ungetc.obj
 0001:0001274c       frexp                      000000018001374c f   libucrt:frexp.obj
 0001:000128b8       ??$parse_floating_point@V?$c_string_character_source@D@__crt_strtox@@N@__crt_strtox@@YA?AW4SLD_STATUS@@QEAU__crt_locale_pointers@@V?$c_string_character_source@D@0@QEAN@Z 00000001800138b8 f i libucrt:atof.obj
 0001:00012958       ??$parse_floating_point_from_source@V?$c_string_character_source@D@__crt_strtox@@@__crt_strtox@@YA?AW4floating_point_parse_result@0@QEAU__crt_locale_pointers@@AEAV?$c_string_character_source@D@0@AEAUfloating_point_string@0@@Z 0000000180013958 f i libucrt:atof.obj
 0001:00012e40       ??$parse_floating_point_possible_infinity@DV?$c_string_character_source@D@__crt_strtox@@PEBD@__crt_strtox@@YA?AW4floating_point_parse_result@0@AEADAEAV?$c_string_character_source@D@0@PEBD@Z 0000000180013e40 f i libucrt:atof.obj
 0001:00012f9c       ??$parse_floating_point_possible_nan@DV?$c_string_character_source@D@__crt_strtox@@PEBD@__crt_strtox@@YA?AW4floating_point_parse_result@0@AEADAEAV?$c_string_character_source@D@0@PEBD@Z 0000000180013f9c f i libucrt:atof.obj
 0001:00013188       ??$parse_floating_point_possible_nan_is_ind@DV?$c_string_character_source@D@__crt_strtox@@@__crt_strtox@@YA_NAEADAEAV?$c_string_character_source@D@0@@Z 0000000180014188 f i libucrt:atof.obj
 0001:000131cc       ??$parse_floating_point_possible_nan_is_snan@DV?$c_string_character_source@D@__crt_strtox@@@__crt_strtox@@YA_NAEADAEAV?$c_string_character_source@D@0@@Z 00000001800141cc f i libucrt:atof.obj
 0001:00013210       ??$parse_floating_point_write_result@N@__crt_strtox@@YA?AW4SLD_STATUS@@W4floating_point_parse_result@0@AEBUfloating_point_string@0@QEAN@Z 0000000180014210 f i libucrt:atof.obj
 0001:000133f0       ?as_double@floating_point_value@__crt_strtox@@QEBAAEANXZ 00000001800143f0 f i libucrt:atof.obj
 0001:0001342c       ?as_float@floating_point_value@__crt_strtox@@QEBAAEAMXZ 000000018001442c f i libucrt:atof.obj
 0001:00013468       ?assemble_floating_point_value@__crt_strtox@@YA?AW4SLD_STATUS@@_KH_N1AEBVfloating_point_value@1@@Z 0000000180014468 f i libucrt:atof.obj
 0001:00013810       ?assemble_floating_point_value_from_big_integer@__crt_strtox@@YA?AW4SLD_STATUS@@AEBUbig_integer@1@I_N1AEBVfloating_point_value@1@@Z 0000000180014810 f i libucrt:atof.obj
 0001:00013974       ?convert_decimal_string_to_floating_type_common@__crt_strtox@@YA?AW4SLD_STATUS@@AEBUfloating_point_string@1@AEBVfloating_point_value@1@@Z 0000000180014974 f i libucrt:atof.obj
 0001:000156f4       ?convert_hexadecimal_string_to_floating_type_common@__crt_strtox@@YA?AW4SLD_STATUS@@AEBUfloating_point_string@1@AEBVfloating_point_value@1@@Z 00000001800166f4 f i libucrt:atof.obj
 0001:000157a0       ?divide@__crt_strtox@@YA_KAEAUbig_integer@1@AEBU21@@Z 00000001800167a0 f i libucrt:atof.obj
 0001:00015bcc       atof                       0000000180016bcc f   libucrt:atof.obj
 0001:00015c5c       strcat_s                   0000000180016c5c f   libucrt:strcat_s.obj
 0001:00015cd4       fsetpos                    0000000180016cd4 f   libucrt:fsetpos.obj
 0001:00015d0c       _fread_nolock_s            0000000180016d0c f   libucrt:fread.obj
 0001:00015f9c       fread                      0000000180016f9c f   libucrt:fread.obj
 0001:00015fbc       fread_s                    0000000180016fbc f   libucrt:fread.obj
 0001:0001626c       _fseeki64                  000000018001726c f   libucrt:fseek.obj
 0001:00016274       fseek                      0000000180017274 f   libucrt:fseek.obj
 0001:0001627c       malloc                     000000018001727c f   libucrt:malloc.obj
 0001:00016284       __ascii_stricmp            0000000180017284 f   libucrt:stricmp.obj
 0001:000162c4       _stricmp                   00000001800172c4 f   libucrt:stricmp.obj
 0001:0001630c       _stricmp_l                 000000018001730c f   libucrt:stricmp.obj
 0001:000163c0       __acrt_initialize_locks    00000001800173c0 f   libucrt:locks.obj
 0001:00016408       __acrt_lock                0000000180017408 f   libucrt:locks.obj
 0001:00016424       __acrt_uninitialize_locks  0000000180017424 f   libucrt:locks.obj
 0001:0001645c       __acrt_unlock              000000018001745c f   libucrt:locks.obj
 0001:00016478       _lock_locales              0000000180017478 f   libucrt:locks.obj
 0001:00016494       _unlock_locales            0000000180017494 f   libucrt:locks.obj
 0001:000164a4       terminate                  00000001800174a4 f   libucrt:terminate.obj
 0001:000167a4       setlocale                  00000001800177a4 f   libucrt:setlocale.obj
 0001:000168ac       _fsopen                    00000001800178ac f   libucrt:fopen.obj
 0001:000168b4       __pctype_func              00000001800178b4 f   libucrt:ctype.obj
 0001:000168e4       isdigit                    00000001800178e4 f i libucrt:_ctype.obj
 0001:00016978       islower                    0000000180017978 f i libucrt:_ctype.obj
 0001:00016a0c       isupper                    0000000180017a0c f i libucrt:_ctype.obj
 0001:00016aa0       _wcsdup                    0000000180017aa0 f   libucrt:wcsdup.obj
 0001:00016b24       ___lc_codepage_func        0000000180017b24 f   libucrt:initctype.obj
 0001:00016b54       ___lc_locale_name_func     0000000180017b54 f   libucrt:initctype.obj
 0001:00016b88       ___mb_cur_max_func         0000000180017b88 f   libucrt:initctype.obj
 0001:00016bb8       __acrt_locale_initialize_ctype 0000000180017bb8 f   libucrt:initctype.obj
 0001:00017208       __acrt_errno_from_os_error 0000000180018208 f   libucrt:errno.obj
 0001:00017250       __acrt_errno_map_os_error  0000000180018250 f   libucrt:errno.obj
 0001:000172a0       __doserrno                 00000001800182a0 f   libucrt:errno.obj
 0001:000172c0       _errno                     00000001800182c0 f   libucrt:errno.obj
 0001:000172e0       pow                        00000001800182e0 f   libucrt:pow.obj
 0001:00018980       powf                       0000000180019980 f   libucrt:powf.obj
 0001:00019848       __strncnt                  000000018001a848 f   libucrt:strncnt.obj
 0001:00019860       ??$__acrt_mbs_to_wcs_cp@U__crt_win32_buffer_internal_dynamic_resizing@@@@YAHQEBDAEAV?$__crt_win32_buffer@_WU__crt_win32_buffer_internal_dynamic_resizing@@@@I@Z 000000018001a860 f i libucrt:strftime.obj
 0001:000199d8       ??$__acrt_wcs_to_mbs_cp@U__crt_win32_buffer_no_resizing@@@@YAHQEB_WAEAV?$__crt_win32_buffer@DU__crt_win32_buffer_no_resizing@@@@I@Z 000000018001a9d8 f i libucrt:strftime.obj
 0001:00019b4c       _tolower_l                 000000018001ab4c f   libucrt:tolower_toupper.obj
 0001:00019c8c       tolower                    000000018001ac8c f   libucrt:tolower_toupper.obj
 0001:00019cb8       wcscpy_s                   000000018001acb8 f   libucrt:wcscpy_s.obj
 0001:00019d20       strnlen                    000000018001ad20 f   libucrt:strnlen.obj
 0001:00019e70       wcsnlen                    000000018001ae70 f   libucrt:strnlen.obj
 0001:0001a048       __acrt_initialize_new_handler 000000018001b048 f   libucrt:new_handler.obj
 0001:0001a050       _callnewh                  000000018001b050 f   libucrt:new_handler.obj
 0001:0001a080       _query_new_handler         000000018001b080 f   libucrt:new_handler.obj
 0001:0001a0b4       _initterm                  000000018001b0b4 f   libucrt:initterm.obj
 0001:0001a118       _initterm_e                000000018001b118 f   libucrt:initterm.obj
 0001:0001a158       _seh_filter_dll            000000018001b158 f   libucrt:exception_filter.obj
 0001:0001a16c       _seh_filter_exe            000000018001b16c f   libucrt:exception_filter.obj
 0001:0001a55c       __acrt_initialize_thread_local_exit_callback 000000018001b55c f   libucrt:exit.obj
 0001:0001a564       _cexit                     000000018001b564 f   libucrt:exit.obj
 0001:0001a574       _exit                      000000018001b574 f   libucrt:exit.obj
 0001:0001a580       _is_c_termination_complete 000000018001b580 f   libucrt:exit.obj
 0001:0001a74c       __acrt_allocate_buffer_for_argv 000000018001b74c f   libucrt:argv_parsing.obj
 0001:0001a7ac       _configure_narrow_argv     000000018001b7ac f   libucrt:argv_parsing.obj
 0001:0001ab24       __dcrt_uninitialize_environments_nolock 000000018001bb24 f   libucrt:environment_initialization.obj
 0001:0001ab5c       _initialize_narrow_environment 000000018001bb5c f   libucrt:environment_initialization.obj
 0001:0001aea4       _crt_atexit                000000018001bea4 f   libucrt:onexit.obj
 0001:0001aeb4       _execute_onexit_table      000000018001beb4 f   libucrt:onexit.obj
 0001:0001aef0       _initialize_onexit_table   000000018001bef0 f   libucrt:onexit.obj
 0001:0001af18       _register_onexit_function  000000018001bf18 f   libucrt:onexit.obj
 0001:0001b08c       __acrt_initialize          000000018001c08c f   libucrt:initialization.obj
 0001:0001b0a0       __acrt_thread_attach       000000018001c0a0 f   libucrt:initialization.obj
 0001:0001b0b4       __acrt_thread_detach       000000018001c0b4 f   libucrt:initialization.obj
 0001:0001b0c4       __acrt_uninitialize        000000018001c0c4 f   libucrt:initialization.obj
 0001:0001b0fc       __acrt_uninitialize_critical 000000018001c0fc f   libucrt:initialization.obj
 0001:0001b10c       strcpy_s                   000000018001c10c f   libucrt:strcpy_s.obj
 0001:0001b16c       wcsncmp                    000000018001c16c f   libucrt:wcsncmp.obj
 0001:0001b1b0       strncmp                    000000018001c1b0 f   libucrt:strncmp.obj
 0001:0001b278       __acrt_get_sigabrt_handler 000000018001c278 f   libucrt:signal.obj
 0001:0001b2a8       __acrt_initialize_signal_handlers 000000018001c2a8 f   libucrt:signal.obj
 0001:0001b2c8       raise                      000000018001c2c8 f   libucrt:signal.obj
 0001:0001b534       _fileno                    000000018001c534 f   libucrt:fileno.obj
 0001:0001b6b8       __acrt_stdio_flush_and_write_narrow_nolock 000000018001c6b8 f   libucrt:_flsbuf.obj
 0001:0001b9a0       __acrt_initialize_lowio    000000018001c9a0 f   libucrt:ioinit.obj
 0001:0001b9dc       __acrt_uninitialize_lowio  000000018001c9dc f   libucrt:ioinit.obj
 0001:0001ba1c       _calloc_base               000000018001ca1c f   libucrt:calloc_base.obj
 0001:0001ba94       _free_base                 000000018001ca94 f   libucrt:free_base.obj
 0001:0001bd50       __acrt_AppPolicyGetProcessTerminationMethodInternal 000000018001cd50 f   libucrt:winapi_thunks.obj
 0001:0001bda0       __acrt_AreFileApisANSI     000000018001cda0 f   libucrt:winapi_thunks.obj
 0001:0001bddc       __acrt_EnumSystemLocalesEx 000000018001cddc f   libucrt:winapi_thunks.obj
 0001:0001be74       __acrt_FlsAlloc            000000018001ce74 f   libucrt:winapi_thunks.obj
 0001:0001bebc       __acrt_FlsFree             000000018001cebc f   libucrt:winapi_thunks.obj
 0001:0001bf04       __acrt_FlsGetValue         000000018001cf04 f   libucrt:winapi_thunks.obj
 0001:0001bf4c       __acrt_FlsSetValue         000000018001cf4c f   libucrt:winapi_thunks.obj
 0001:0001bfa0       __acrt_GetLocaleInfoEx     000000018001cfa0 f   libucrt:winapi_thunks.obj
 0001:0001c024       __acrt_GetUserDefaultLocaleName 000000018001d024 f   libucrt:winapi_thunks.obj
 0001:0001c088       __acrt_InitializeCriticalSectionEx 000000018001d088 f   libucrt:winapi_thunks.obj
 0001:0001c0ec       __acrt_IsValidLocaleName   000000018001d0ec f   libucrt:winapi_thunks.obj
 0001:0001c144       __acrt_LCIDToLocaleName    000000018001d144 f   libucrt:winapi_thunks.obj
 0001:0001c1b4       __acrt_LCMapStringEx       000000018001d1b4 f   libucrt:winapi_thunks.obj
 0001:0001c290       __acrt_LocaleNameToLCID    000000018001d290 f   libucrt:winapi_thunks.obj
 0001:0001c2e0       __acrt_can_use_vista_locale_apis 000000018001d2e0 f   libucrt:winapi_thunks.obj
 0001:0001c310       __acrt_eagerly_load_locale_apis 000000018001d310 f   libucrt:winapi_thunks.obj
 0001:0001c46c       __acrt_initialize_winapi_thunks 000000018001d46c f   libucrt:winapi_thunks.obj
 0001:0001c4a0       __acrt_uninitialize_winapi_thunks 000000018001d4a0 f   libucrt:winapi_thunks.obj
 0001:0001c4e4       _fcloseall                 000000018001d4e4 f   libucrt:closeall.obj
 0001:0001c598       __acrt_stdio_free_buffer_nolock 000000018001d598 f   libucrt:_freebuf.obj
 0001:0001c950       __acrt_freeptd             000000018001d950 f   libucrt:per_thread_data.obj
 0001:0001c994       __acrt_getptd              000000018001d994 f   libucrt:per_thread_data.obj
 0001:0001ca68       __acrt_getptd_head         000000018001da68 f   libucrt:per_thread_data.obj
 0001:0001cb10       __acrt_getptd_noexit       000000018001db10 f   libucrt:per_thread_data.obj
 0001:0001cbdc       __acrt_initialize_ptd      000000018001dbdc f   libucrt:per_thread_data.obj
 0001:0001cc18       __acrt_uninitialize_ptd    000000018001dc18 f   libucrt:per_thread_data.obj
 0001:0001ccc8       _commit                    000000018001dcc8 f   libucrt:commit.obj
 0001:0001d5c8       _write                     000000018001e5c8 f   libucrt:write.obj
 0001:0001d6b4       _write_nolock              000000018001e6b4 f   libucrt:write.obj
 0001:0001da04       _close                     000000018001ea04 f   libucrt:close.obj
 0001:0001daa8       _close_nolock              000000018001eaa8 f   libucrt:close.obj
 0001:0001db68       ?__acrt_stdio_allocate_stream@@YA?AV__crt_stdio_stream@@XZ 000000018001eb68 f   libucrt:stream.obj
 0001:0001dbc0       ?__acrt_stdio_free_stream@@YAXV__crt_stdio_stream@@@Z 000000018001ebc0 f   libucrt:stream.obj
 0001:0001dcc8       __sys_errlist              000000018001ecc8 f   libucrt:syserr.obj
 0001:0001dcd0       __sys_nerr                 000000018001ecd0 f   libucrt:syserr.obj
 0001:0001dcd8       __acrt_lowio_create_handle_array 000000018001ecd8 f   libucrt:osfinfo.obj
 0001:0001dd80       __acrt_lowio_destroy_handle_array 000000018001ed80 f   libucrt:osfinfo.obj
 0001:0001ddd0       __acrt_lowio_ensure_fh_exists 000000018001edd0 f   libucrt:osfinfo.obj
 0001:0001de78       __acrt_lowio_lock_fh       000000018001ee78 f   libucrt:osfinfo.obj
 0001:0001dea0       __acrt_lowio_set_os_handle 000000018001eea0 f   libucrt:osfinfo.obj
 0001:0001df60       __acrt_lowio_unlock_fh     000000018001ef60 f   libucrt:osfinfo.obj
 0001:0001df88       _alloc_osfhnd              000000018001ef88 f   libucrt:osfinfo.obj
 0001:0001e0c8       _free_osfhnd               000000018001f0c8 f   libucrt:osfinfo.obj
 0001:0001e184       _get_osfhandle             000000018001f184 f   libucrt:osfinfo.obj
 0001:0001e1fc       _malloc_base               000000018001f1fc f   libucrt:malloc_base.obj
 0001:0001e25c       strtol                     000000018001f25c f   libucrt:strtox.obj
 0001:0001e288       _mbtowc_l                  000000018001f288 f   libucrt:mbtowc.obj
 0001:0001e404       mbtowc                     000000018001f404 f   libucrt:mbtowc.obj
 0001:0001e40c       _wctomb_s_l                000000018001f40c f   libucrt:wctomb.obj
 0001:0001e5ac       wctomb_s                   000000018001f5ac f   libucrt:wctomb.obj
 0001:0001e5c0       __acrt_update_locale_info  000000018001f5c0 f   libucrt:locale_update.obj
 0001:0001e5f4       __acrt_update_multibyte_info 000000018001f5f4 f   libucrt:locale_update.obj
 0001:0001effc       __acrt_fp_format           000000018001fffc f   libucrt:cvt.obj
 0001:0001f284       _get_printf_count_output   0000000180020284 f   libucrt:printf_count_output.obj
 0001:0001f29c       __acrt_stdio_begin_temporary_buffering_nolock 000000018002029c f   libucrt:_sftbuf.obj
 0001:0001f36c       __acrt_stdio_end_temporary_buffering_nolock 000000018002036c f   libucrt:_sftbuf.obj
 0001:0001f610       __acrt_copy_locale_name    0000000180020610 f   libucrt:wsetlocale.obj
 0001:0001f694       __acrt_set_locale_changed  0000000180020694 f   libucrt:wsetlocale.obj
 0001:0001f6a0       __acrt_uninitialize_locale 00000001800206a0 f   libucrt:wsetlocale.obj
 0001:0001f6d0       __lc_lctowcs               00000001800206d0 f   libucrt:wsetlocale.obj
 0001:0001f774       __lc_wcstolc               0000000180020774 f   libucrt:wsetlocale.obj
 0001:0001f9b0       _expandlocale              00000001800209b0 f   libucrt:wsetlocale.obj
 0001:0001fd94       _wcscats                   0000000180020d94 f   libucrt:wsetlocale.obj
 0001:0001fdfc       _wsetlocale                0000000180020dfc f   libucrt:wsetlocale.obj
 0001:00020674       __acrt_stdio_refill_and_read_narrow_nolock 0000000180021674 f   libucrt:_filbuf.obj
 0001:00020cb0       _ftelli64                  0000000180021cb0 f   libucrt:ftell.obj
 0001:00020cb8       _ftelli64_nolock           0000000180021cb8 f   libucrt:ftell.obj
 0001:00020cc0       iswctype                   0000000180021cc0 f   libucrt:iswctype.obj
 0001:00020d30       _isctype_l                 0000000180021d30 f   libucrt:isctype.obj
 0001:00020e40       __acrt_stdio_allocate_buffer_nolock 0000000180021e40 f   libucrt:_getbuf.obj
 0001:00020ea8       _dsign                     0000000180021ea8 f   libucrt:nan.obj
 0001:00020ec0       _errcode                   0000000180021ec0 f   libucrt:fpexcept.obj
 0001:00020f04       _except1                   0000000180021f04 f   libucrt:fpexcept.obj
 0001:00020ff8       _handle_exc                0000000180021ff8 f   libucrt:fpexcept.obj
 0001:00021260       _raise_exc                 0000000180022260 f   libucrt:fpexcept.obj
 0001:00021288       _raise_exc_ex              0000000180022288 f   libucrt:fpexcept.obj
 0001:00021598       _raise_excf                0000000180022598 f   libucrt:fpexcept.obj
 0001:000215c4       _set_errno_from_matherr    00000001800225c4 f   libucrt:fpexcept.obj
 0001:000215f4       _umatherr                  00000001800225f4 f   libucrt:fpexcept.obj
 0001:000216c8       _decomp                    00000001800226c8 f   libucrt:util.obj
 0001:00021800       _sptype                    0000000180022800 f   libucrt:util.obj
 0001:00021874       _clrfp                     0000000180022874 f   libucrt:fpctrl.obj
 0001:00021894       _ctrlfp                    0000000180022894 f   libucrt:fpctrl.obj
 0001:00021910       _set_statfp                0000000180022910 f   libucrt:fpctrl.obj
 0001:00021930       _statfp                    0000000180022930 f   libucrt:fpctrl.obj
 0001:00021944       fegetround                 0000000180022944 f   libucrt:fegetround.obj
 0001:00021f2c       _read                      0000000180022f2c f   libucrt:read.obj
 0001:00022048       _read_nolock               0000000180023048 f   libucrt:read.obj
 0001:0002262c       _lseeki64                  000000018002362c f   libucrt:lseek.obj
 0001:00022634       _lseeki64_nolock           0000000180023634 f   libucrt:lseek.obj
 0001:00022840       _mbstowcs_s_l              0000000180023840 f   libucrt:mbstowcs.obj
 0001:00022974       mbstowcs_s                 0000000180023974 f   libucrt:mbstowcs.obj
 0001:00022cfc       _wcstombs_s_l              0000000180023cfc f   libucrt:wcstombs.obj
 0001:00022de8       ??$__acrt_stdio_parse_mode@D@@YA?AU__acrt_stdio_stream_mode@@QEBD@Z 0000000180023de8 f i libucrt:openfile.obj
 0001:000230ac       _openfile                  00000001800240ac f   libucrt:openfile.obj
 0001:000232c4       __acrt_GetLocaleInfoA      00000001800242c4 f   libucrt:getlocaleinfoa.obj
 0001:0002348c       __acrt_GetStringTypeA      000000018002448c f   libucrt:getstringtypea.obj
 0001:00023934       __acrt_LCMapStringA        0000000180024934 f   libucrt:lcmapstringa.obj
 0001:000239cc       _realloc_base              00000001800249cc f   libucrt:realloc_base.obj
 0001:00023a50       __acrt_initialize_fma3     0000000180024a50 f   libucrt:fma3_available.obj
 0001:00023ac0       _pow_special               0000000180024ac0 f   libucrt:pow_special.obj
 0001:00023be4       _powf_special              0000000180024be4 f   libucrt:pow_special.obj
 0001:00023d70       __acrt_MultiByteToWideChar 0000000180024d70 f   libucrt:multibytetowidechar.obj
 0001:00023dcc       __acrt_WideCharToMultiByte 0000000180024dcc f   libucrt:widechartomultibyte.obj
 0001:00023e64       _wcsicmp                   0000000180024e64 f   libucrt:wcsicmp.obj
 0001:00023efc       _wcsicmp_l                 0000000180024efc f   libucrt:wcsicmp.obj
 0001:00023ffc       __acrt_initialize_timeset  0000000180024ffc f   libucrt:timeset.obj
 0001:00024040       _isleadbyte_l              0000000180025040 f i libucrt:_wctype.obj
 0001:0002408c       __acrt_get_process_end_policy 000000018002508c f   libucrt:win_policies.obj
[...]
 0004:000021cc       $pdata$GetLcidFromLangCountry 000000018004b1cc     libucrt:getqloc_downlevel.obj
 0004:000021d8       $pdata$GetLcidFromLanguage 000000018004b1d8     libucrt:getqloc_downlevel.obj
 0004:000021e4       $pdata$LangCountryEnumProc 000000018004b1e4     libucrt:getqloc_downlevel.obj
 0004:000021f0       $pdata$LanguageEnumProc    000000018004b1f0     libucrt:getqloc_downlevel.obj
 0004:000021fc       $pdata$ProcessCodePage     000000018004b1fc     libucrt:getqloc_downlevel.obj
 0004:00002208       $pdata$TestDefaultLanguage 000000018004b208     libucrt:getqloc_downlevel.obj
 0004:00002214       $pdata$TranslateName       000000018004b214     libucrt:getqloc_downlevel.obj
 0004:00002220       $pdata$__acrt_get_qualified_locale_downlevel 000000018004b220     libucrt:getqloc_downlevel.obj
 0004:00002238       $pdata$__acrt_fenv_set_control 000000018004b238     libucrt:_fenvutils.obj
 0004:00002244       $pdata$?__wcsrtombs_utf8@__crt_mbstring@@YA_KPEADPEAPEB_W_KPEAU_Mbstatet@@@Z 000000018004b244     libucrt:wcrtomb.obj
 0004:00002250       $pdata$_wcsnicmp           000000018004b250     libucrt:wcsnicmp.obj
 0004:0000225c       $pdata$_wcsnicmp_l         000000018004b25c     libucrt:wcsnicmp.obj
 0004:00002268       $pdata$__ascii_strnicmp    000000018004b268     libucrt:strnicmp.obj
 0004:00002274       $pdata$_strnicmp           000000018004b274     libucrt:strnicmp.obj
 0004:00002280       $pdata$_strnicmp_l         000000018004b280     libucrt:strnicmp.obj
 0004:0000228c       $pdata$??$common_sopen_dispatch@D@@YAHQEBDHHHQEAHH@Z 000000018004b28c     libucrt:open.obj
 0004:00002298       $pdata$?configure_text_mode@@YAHHUfile_options@?A0xa9d50aae@@HAEAW4__crt_lowio_text_mode@@@Z 000000018004b298     libucrt:open.obj
 0004:000022a4       $pdata$?decode_options@@YA?AUfile_options@?A0xa9d50aae@@HHH@Z 000000018004b2a4     libucrt:open.obj
 0004:000022b0       $pdata$?truncate_ctrl_z_if_present@@YAHH@Z 000000018004b2b0     libucrt:open.obj
 0004:000022bc       $pdata$_sopen_nolock       000000018004b2bc     libucrt:open.obj
 0004:000022c8       $pdata$_sopen_s            000000018004b2c8     libucrt:open.obj
 0004:000022d4       $pdata$_wsopen_nolock      000000018004b2d4     libucrt:open.obj
 0004:000022e0       $pdata$strncpy_s           000000018004b2e0     libucrt:strncpy_s.obj
 0004:000022ec       $pdata$_call_matherr       000000018004b2ec     libucrt:libm_error.obj
 0004:000022f8       $pdata$_exception_enabled  000000018004b2f8     libucrt:libm_error.obj
 0004:00002304       $pdata$_handle_error       000000018004b304     libucrt:libm_error.obj
 0004:00002310       $pdata$_handle_errorf      000000018004b310     libucrt:libm_error.obj
 0004:0000231c       $pdata$_towlower_l         000000018004b31c     libucrt:towlower.obj
 0004:00002328       $pdata$qsort               000000018004b328     libucrt:qsort.obj
 0004:00002334       $pdata$4$qsort             000000018004b334     libucrt:qsort.obj
 0004:00002340       $pdata$5$qsort             000000018004b340     libucrt:qsort.obj
 0004:0000234c       $pdata$fallbackMethod      000000018004b34c     libucrt:strpbrk.obj
 0004:00002358       $pdata$strpbrk             000000018004b358     libucrt:strpbrk.obj
 0004:00002364       $pdata$_mbsdec_l           000000018004b364     libucrt:mbsdec.obj
 0004:00002370       $pdata$?initialize_multibyte@@YAHXZ 000000018004b370     libucrt:multibyte_initializer.obj
 0004:0000237c       $pdata$_msize_base         000000018004b37c     libucrt:msize.obj
 0004:00002388       $pdata$?__mbrtoc32_utf8@__crt_mbstring@@YA_KPEA_UPEBD_KPEAU_Mbstatet@@@Z 000000018004b388     libucrt:mbrtoc32.obj
 0004:00002394       $pdata$__dcrt_lowio_ensure_console_output_initialized 000000018004b394     libucrt:initcon.obj
 0004:000023a0       $pdata$__dcrt_terminate_console_output 000000018004b3a0     libucrt:initcon.obj
 0004:000023ac       $pdata$__dcrt_write_console 000000018004b3ac     libucrt:initcon.obj
 0004:000023b8       $pdata$fegetenv            000000018004b3b8     libucrt:fegetenv.obj
 0004:000023c4       $pdata$fesetenv            000000018004b3c4     libucrt:fesetenv.obj
 0004:000023d0       $pdata$feholdexcept        000000018004b3d0     libucrt:feholdexcept.obj
 0004:000023e8       $pdata$??$common_xtox@K_W@@YAHKQEA_W_KI_N@Z 000000018004b3e8     libucrt:xtoa.obj
 0004:000023f4       $pdata$??$common_xtox_s@K_W@@YAHKQEA_W_KI_N@Z 000000018004b3f4     libucrt:xtoa.obj
 0004:00002400       $pdata$_itow_s             000000018004b400     libucrt:xtoa.obj
 0004:0000240c       $pdata$?__c16rtomb_utf8@__crt_mbstring@@YA_KPEAD_SPEAU_Mbstatet@@@Z 000000018004b40c     libucrt:c16rtomb.obj
 0004:00002418       $pdata$_get_fmode          000000018004b418     libucrt:setmode.obj
 0004:00002424       $pdata$_setmode_nolock     000000018004b424     libucrt:setmode.obj
 0004:00002430       $pdata$_chsize_nolock      000000018004b430     libucrt:chsize.obj
 0004:0000243c       $pdata$__acrt_LCMapStringW 000000018004b43c     libucrt:lcmapstringw.obj
 0004:00002448       $pdata$_clearfp            000000018004b448     libucrt:ieee.obj
 0004:00002454       $pdata$_log10_special      000000018004b454     libucrt:log_special.obj
 0004:00002460       $pdata$_log_special_common 000000018004b460     libucrt:log_special.obj
 0004:0000246c       $pdata$?DloadAcquireSectionWriteAccess@@YAXXZ 000000018004b46c     DelayImp:delayhlp.obj
 0004:00002478       $pdata$?DloadGetSRWLockFunctionPointers@@YAEXZ 000000018004b478     DelayImp:delayhlp.obj
 0004:00002484       $pdata$?DloadMakePermanentImageCommit@@YAXPEAX_K@Z 000000018004b484     DelayImp:delayhlp.obj
 0004:00002490       $pdata$?DloadObtainSection@@YAPEAXPEAK0@Z 000000018004b490     DelayImp:delayhlp.obj
 0004:0000249c       $pdata$?DloadProtectSection@@YAXKPEAK@Z 000000018004b49c     DelayImp:delayhlp.obj
 0004:000024a8       $pdata$?DloadReleaseSectionWriteAccess@@YAXXZ 000000018004b4a8     DelayImp:delayhlp.obj
 0004:000024b4       $pdata$__delayLoadHelper2  000000018004b4b4     DelayImp:delayhlp.obj
 0004:000024c0       $pdata$_IsNonwritableInCurrentImage 000000018004b4c0     LIBCMT:pesect.obj
 0004:000024cc       $pdata$_local_unwind       000000018004b4cc     libvcruntime:jmpuwind.obj
 0004:000024d8       $pdata$strrchr             000000018004b4d8     libvcruntime:strrchr.obj
 0004:000024e4       $pdata$wcschr              000000018004b4e4     libvcruntime:wcschr.obj
 0004:000024fc       $pdata$?fin$0@?0??dllmain_crt_process_attach@@YAHQEAUHINSTANCE__@@QEAX@Z@4HA 000000018004b4fc     LIBCMT:dll_dllmain.obj
 0004:00002508       $pdata$?fin$0@?0??dllmain_crt_process_detach@@YAH_N@Z@4HA 000000018004b508     LIBCMT:dll_dllmain.obj
 0004:00002514       $pdata$?filt$0@?0??dllmain_dispatch@@YAHQEAUHINSTANCE__@@KQEAX@Z@4HA 000000018004b514     LIBCMT:dll_dllmain.obj
 0004:00002520       $pdata$__scrt_is_nonwritable_in_current_image$filt$0 000000018004b520     LIBCMT:utility.obj
 0004:0000252c       $pdata$?filt$0@?0???$_CallSETranslator@V__FrameHandler3@@@@YAHPEAUEHExceptionRecord@@PEA_KPEAU_CONTEXT@@PEAU_xDISPATCHER_CONTEXT@@PEBU_s_FuncInfo@@K1@Z@4HA 000000018004b52c     libvcruntime:risctrnsctrl.obj
 0004:00002538       $pdata$__DestructExceptionObject$filt$0 000000018004b538     libvcruntime:ehhelpers.obj
 0004:00002544       $pdata$?filt$0@?0??CxxCallCatchBlock@__FrameHandler3@@SAPEAXPEAU_EXCEPTION_RECORD@@@Z@4HA 000000018004b544     libvcruntime:frame.obj
 0004:00002550       $pdata$?fin$1@?0??CxxCallCatchBlock@__FrameHandler3@@SAPEAXPEAU_EXCEPTION_RECORD@@@Z@4HA 000000018004b550     libvcruntime:frame.obj
 0004:0000255c       $pdata$?filt$0@?0??FrameUnwindToState@__FrameHandler3@@SAXPEA_KPEAU_xDISPATCHER_CONTEXT@@PEBU_s_FuncInfo@@H@Z@4HA 000000018004b55c     libvcruntime:frame.obj
 0004:00002568       $pdata$?fin$1@?0??FrameUnwindToState@__FrameHandler3@@SAXPEA_KPEAU_xDISPATCHER_CONTEXT@@PEBU_s_FuncInfo@@H@Z@4HA 000000018004b568     libvcruntime:frame.obj
 0004:00002574       $pdata$fputc$fin$0         000000018004b574     libucrt:fputc.obj
 0004:00002580       $pdata$?fin$0@?0???$?RV<lambda_84ec643ea9557e2f7dc01bb0e9624395>@@AEAV<lambda_ca71763b3c0644891230e4f79ea54fa6>@@V<lambda_439a761618c59b0600e24586724d733b>@@@?$__crt_seh_guarded_call@H@@QEAAH$$QEAV<lambda_84ec643ea9557e2f7dc01bb0e9624395>@@AEAV<lambda_ca71763b3c0644891230e4f79ea54fa6>@@$$QEAV<lambda_439a761618c59b0600e24586724d733b>@@@Z@4HA 000000018004b580     libucrt:setvbuf.obj
 0004:00002580       $pdata$?fin$0@?0???$?RV<lambda_842d9ff0dc9ef11c61343bbaebe7f885>@@AEAV<lambda_c5860995281e5c4ce005b3de8f5874ee>@@V<lambda_d90129c13df834fdcbf8d2b88dafcf2d>@@@?$__crt_seh_guarded_call@X@@QEAAX$$QEAV<lambda_842d9ff0dc9ef11c61343bbaebe7f885>@@AEAV<lambda_c5860995281e5c4ce005b3de8f5874ee>@@$$QEAV<lambda_d90129c13df834fdcbf8d2b88dafcf2d>@@@Z@4HA 000000018004b580     libucrt:fflush.obj
 0004:00002580       $pdata$?fin$0@?0???$?RV<lambda_bdbcead8b570fa3d5ec6d9679862a6e5>@@AEAV<lambda_96f4279ff90247a4c5c5d9824f56f8c1>@@V<lambda_4606be27f17b5e5579e09050fab91818>@@@?$__crt_seh_guarded_call@_K@@QEAA_K$$QEAV<lambda_bdbcead8b570fa3d5ec6d9679862a6e5>@@AEAV<lambda_96f4279ff90247a4c5c5d9824f56f8c1>@@$$QEAV<lambda_4606be27f17b5e5579e09050fab91818>@@@Z@4HA 000000018004b580     libucrt:fwrite.obj
 0004:00002580       $pdata$?fin$0@?0???$?RV<lambda_c376a267cfb53b6959b3b692ec76b120>@@AEAV<lambda_9a32fed5bf61b6b509b2d3f6003082a1>@@V<lambda_572fbb9fa0ab338edf41edfd4b5fcc8d>@@@?$__crt_seh_guarded_call@H@@QEAAH$$QEAV<lambda_c376a267cfb53b6959b3b692ec76b120>@@AEAV<lambda_9a32fed5bf61b6b509b2d3f6003082a1>@@$$QEAV<lambda_572fbb9fa0ab338edf41edfd4b5fcc8d>@@@Z@4HA 000000018004b580     libucrt:fflush.obj
 0004:00002580       $pdata$?fin$0@?0???$?RV<lambda_a62c933ada0517137acf5807a1eeac1f>@@AEAV<lambda_a31071773b9a94e445cbd5d04ef99106>@@V<lambda_56065050dbf3ada7e59a83db45153de3>@@@?$__crt_seh_guarded_call@H@@QEAAH$$QEAV<lambda_a62c933ada0517137acf5807a1eeac1f>@@AEAV<lambda_a31071773b9a94e445cbd5d04ef99106>@@$$QEAV<lambda_56065050dbf3ada7e59a83db45153de3>@@@Z@4HA 000000018004b580     libucrt:output.obj
 0004:0000258c       $pdata$?fin$0@?0???$?RV<lambda_886d6c58226a84441f68b9f2b8217b83>@@AEAV<lambda_ab61a845afdef5b7c387490eaf3616ee>@@V<lambda_f7f22ab5edc0698d5f6905b0d3f44752>@@@?$__crt_seh_guarded_call@X@@QEAAX$$QEAV<lambda_886d6c58226a84441f68b9f2b8217b83>@@AEAV<lambda_ab61a845afdef5b7c387490eaf3616ee>@@$$QEAV<lambda_f7f22ab5edc0698d5f6905b0d3f44752>@@@Z@4HA 000000018004b58c     libucrt:fflush.obj
 0004:00002598       $pdata$?fin$0@?0??common_fseek@@YAHV__crt_stdio_stream@@_JH@Z@4HA 000000018004b598     libucrt:fseek.obj
 0004:00002598       $pdata$fclose$fin$0        000000018004b598     libucrt:fclose.obj
 0004:00002598       $pdata$?fin$0@?0???$common_ftell@_J@@YA_JV__crt_stdio_stream@@@Z@4HA 000000018004b598     libucrt:ftell.obj
 0004:000025a4       $pdata$perror$fin$0        000000018004b5a4     libucrt:perror.obj
 0004:000025b0       $pdata$fgetc$fin$0         000000018004b5b0     libucrt:fgetc.obj
 0004:000025bc       $pdata$ungetc$fin$0        000000018004b5bc     libucrt:ungetc.obj
 0004:000025c8       $pdata$fread_s$fin$0       000000018004b5c8     libucrt:fread.obj
 0004:000025d4       $pdata$?fin$0@?0???$?RV<lambda_1d892b297fdedeee07ed8124eeb2f2fa>@@AEAV<lambda_ffc046909424fd52df0ac47e64813305>@@V<lambda_01a7098693036236037e7cdb9bca3d73>@@@?$__crt_seh_guarded_call@X@@QEAAX$$QEAV<lambda_1d892b297fdedeee07ed8124eeb2f2fa>@@AEAV<lambda_ffc046909424fd52df0ac47e64813305>@@$$QEAV<lambda_01a7098693036236037e7cdb9bca3d73>@@@Z@4HA 000000018004b5d4     libucrt:wsetlocale.obj
 0004:000025d4       $pdata$?fin$0@?0???$?RV<lambda_aa87e3671a710a21b5dc78c0bdf72e11>@@AEAV<lambda_92619d2358a28f41a33ba319515a20b9>@@V<lambda_6992ecaafeb10aed2b74cb1fae11a551>@@@?$__crt_seh_guarded_call@X@@QEAAX$$QEAV<lambda_aa87e3671a710a21b5dc78c0bdf72e11>@@AEAV<lambda_92619d2358a28f41a33ba319515a20b9>@@$$QEAV<lambda_6992ecaafeb10aed2b74cb1fae11a551>@@@Z@4HA 000000018004b5d4     libucrt:per_thread_data.obj
 0004:000025d4       $pdata$?fin$0@?0???$?RV<lambda_0ae27a3a962d80f24befdcbee591983d>@@AEAV<lambda_8d0ee55de4b1038c4002e0adecdf1839>@@V<lambda_dc504788e8f1664fe9b84e20bfb512f2>@@@?$__crt_seh_guarded_call@X@@QEAAX$$QEAV<lambda_0ae27a3a962d80f24befdcbee591983d>@@AEAV<lambda_8d0ee55de4b1038c4002e0adecdf1839>@@$$QEAV<lambda_dc504788e8f1664fe9b84e20bfb512f2>@@@Z@4HA 000000018004b5d4     libucrt:per_thread_data.obj
 0004:000025d4       $pdata$?fin$0@?0???$?RV<lambda_2d41944a1d46af3157314b8a01080d33>@@AEAV<lambda_8f455de75cd7d7f24b4096f044d8b9e6>@@V<lambda_aa500f224e6afead328df44964fe2772>@@@?$__crt_seh_guarded_call@X@@QEAAX$$QEAV<lambda_2d41944a1d46af3157314b8a01080d33>@@AEAV<lambda_8f455de75cd7d7f24b4096f044d8b9e6>@@$$QEAV<lambda_aa500f224e6afead328df44964fe2772>@@@Z@4HA 000000018004b5d4     libucrt:per_thread_data.obj
 0004:000025d4       $pdata$?fin$0@?0???$?RV<lambda_efdfa57d1f175319df784efa44bb7b81>@@AEAV<lambda_5f0a4c1567f8adc6734073e5d1e1b35c>@@V<lambda_2e8a7d3640ea6ccb4c2413664c2db6fd>@@@?$__crt_seh_guarded_call@X@@QEAAX$$QEAV<lambda_efdfa57d1f175319df784efa44bb7b81>@@AEAV<lambda_5f0a4c1567f8adc6734073e5d1e1b35c>@@$$QEAV<lambda_2e8a7d3640ea6ccb4c2413664c2db6fd>@@@Z@4HA 000000018004b5d4     libucrt:mbctype.obj
 0004:000025d4       $pdata$?fin$0@?0???$?RV<lambda_bd00b5aa228bd7e7e5b2b5db5fd2933b>@@AEAV<lambda_777d11615145f89ee95b9466d285deeb>@@V<lambda_6e5e48fbd24f9f8f81b203eb3d877683>@@@?$__crt_seh_guarded_call@H@@QEAAH$$QEAV<lambda_bd00b5aa228bd7e7e5b2b5db5fd2933b>@@AEAV<lambda_777d11615145f89ee95b9466d285deeb>@@$$QEAV<lambda_6e5e48fbd24f9f8f81b203eb3d877683>@@@Z@4HA 000000018004b5d4     libucrt:winapi_thunks.obj
 0004:000025d4       $pdata$?fin$0@?0???$?RV<lambda_f2e299630e499de9f9a165e60fcd3db5>@@AEAV<lambda_2ae9d31cdba2644fcbeaf08da7c24588>@@V<lambda_40d01ff24d0e7b3814fdbdcee8eab3c7>@@@?$__crt_seh_guarded_call@X@@QEAAX$$QEAV<lambda_f2e299630e499de9f9a165e60fcd3db5>@@AEAV<lambda_2ae9d31cdba2644fcbeaf08da7c24588>@@$$QEAV<lambda_40d01ff24d0e7b3814fdbdcee8eab3c7>@@@Z@4HA 000000018004b5d4     libucrt:per_thread_data.obj
 0004:000025d4       $pdata$?fin$0@?0???$?RV<lambda_450d765d439847d4c735a33c368b5fc0>@@AEAV<lambda_44731a7d0e6d81c3e6aa82d741081786>@@V<lambda_601a2a7da3b7a96e9554ac7215c4b07c>@@@?$__crt_seh_guarded_call@P6AXH@Z@@QEAAP6AXH@Z$$QEAV<lambda_450d765d439847d4c735a33c368b5fc0>@@AEAV<lambda_44731a7d0e6d81c3e6aa82d741081786>@@$$QEAV<lambda_601a2a7da3b7a96e9554ac7215c4b07c>@@@Z@4HA 000000018004b5d4     libucrt:signal.obj
 0004:000025d4       $pdata$?fin$0@?0???$?RV<lambda_9bd929c17696992ce54f1d748594fc62>@@AEAV<lambda_082c17da81b0962e08c0587ee0fac50c>@@V<lambda_9c08ac857f4975304d44e9f601d9b878>@@@?$__crt_seh_guarded_call@PEAD@@QEAAPEAD$$QEAV<lambda_9bd929c17696992ce54f1d748594fc62>@@AEAV<lambda_082c17da81b0962e08c0587ee0fac50c>@@$$QEAV<lambda_9c08ac857f4975304d44e9f601d9b878>@@@Z@4HA 000000018004b5d4     libucrt:setlocale.obj
 0004:000025d4       $pdata$?fin$0@?0???$?RV<lambda_7777bce6b2f8c936911f934f8298dc43>@@AEAV<lambda_f03950bc5685219e0bcd2087efbe011e>@@V<lambda_3883c3dff614d5e0c5f61bb1ac94921c>@@@?$__crt_seh_guarded_call@H@@QEAAH$$QEAV<lambda_7777bce6b2f8c936911f934f8298dc43>@@AEAV<lambda_f03950bc5685219e0bcd2087efbe011e>@@$$QEAV<lambda_3883c3dff614d5e0c5f61bb1ac94921c>@@@Z@4HA 000000018004b5d4     libucrt:onexit.obj
 0004:000025d4       $pdata$?fin$0@?0???$?RV<lambda_638799b9deba96c50f710eeac98168cd>@@AEAV<lambda_22ebabd17bc4fa466a2aca6d8deb888d>@@V<lambda_a6f7d7db0129f75315ebf26d50c089f1>@@@?$__crt_seh_guarded_call@H@@QEAAH$$QEAV<lambda_638799b9deba96c50f710eeac98168cd>@@AEAV<lambda_22ebabd17bc4fa466a2aca6d8deb888d>@@$$QEAV<lambda_a6f7d7db0129f75315ebf26d50c089f1>@@@Z@4HA 000000018004b5d4     libucrt:onexit.obj
 0004:000025d4       $pdata$?fin$0@?0???$?RV<lambda_d80eeec6fff315bfe5c115232f3240e3>@@AEAV<lambda_6e4b09c48022b2350581041d5f6b0c4c>@@V<lambda_2358e3775559c9db80273638284d5e45>@@@?$__crt_seh_guarded_call@X@@QEAAX$$QEAV<lambda_d80eeec6fff315bfe5c115232f3240e3>@@AEAV<lambda_6e4b09c48022b2350581041d5f6b0c4c>@@$$QEAV<lambda_2358e3775559c9db80273638284d5e45>@@@Z@4HA 000000018004b5d4     libucrt:exit.obj
 0004:000025e0       $pdata$?fin$0@?0???$common_fsopen@D@@YAPEAU_iobuf@@QEBD0H@Z@4HA 000000018004b5e0     libucrt:fopen.obj
 0004:000025ec       $pdata$_query_new_handler$fin$0 000000018004b5ec     libucrt:new_handler.obj
 0004:000025f8       $pdata$?filt$0@?0???R<lambda_6e4b09c48022b2350581041d5f6b0c4c>@@QEBA@XZ@4HA 000000018004b5f8     libucrt:exit.obj
 0004:00002604       $pdata$raise$fin$0         000000018004b604     libucrt:signal.obj
 0004:00002610       $pdata$__acrt_initialize_lowio$fin$0 000000018004b610     libucrt:ioinit.obj
 0004:00002610       $pdata$__acrt_lowio_ensure_fh_exists$fin$0 000000018004b610     libucrt:osfinfo.obj
 0004:00002610       $pdata$_alloc_osfhnd$fin$0 000000018004b610     libucrt:osfinfo.obj
 0004:0000261c       $pdata$?fin$0@?0??__acrt_stdio_allocate_stream@@YA?AV__crt_stdio_stream@@XZ@4HA 000000018004b61c     libucrt:stream.obj
 0004:0000261c       $pdata$_fcloseall$fin$0    000000018004b61c     libucrt:closeall.obj
 0004:00002628       $pdata$?fin$0@?0???$?RV<lambda_a37b2b86f63e897a80ea819b0eb08c01>@@AEAV<lambda_38ce7e780aa69e748d6df282ebc68efe>@@V<lambda_99fb1378e971ab6e7edea83e3a7a83a2>@@@?$__crt_seh_guarded_call@H@@QEAAH$$QEAV<lambda_a37b2b86f63e897a80ea819b0eb08c01>@@AEAV<lambda_38ce7e780aa69e748d6df282ebc68efe>@@$$QEAV<lambda_99fb1378e971ab6e7edea83e3a7a83a2>@@@Z@4HA 000000018004b628     libucrt:commit.obj
 0004:00002628       $pdata$?fin$0@?0???$?RV<lambda_751a882b2c74d4b022dec766aa51a29a>@@AEAV<lambda_628dfdc04ba53c8bfc02c9951375f3f5>@@V<lambda_f6c7be5f7998530c34de24c7437d6b54>@@@?$__crt_seh_guarded_call@H@@QEAAH$$QEAV<lambda_751a882b2c74d4b022dec766aa51a29a>@@AEAV<lambda_628dfdc04ba53c8bfc02c9951375f3f5>@@$$QEAV<lambda_f6c7be5f7998530c34de24c7437d6b54>@@@Z@4HA 000000018004b628     libucrt:close.obj
 0004:00002634       $pdata$?fin$0@?0???$common_lseek@_J@@YA_JH_JH@Z@4HA 000000018004b634     libucrt:lseek.obj
 0004:00002634       $pdata$_write$fin$0        000000018004b634     libucrt:write.obj
 0004:00002640       $pdata$?fin$0@?0???$?RV<lambda_410d79af7f07d98d83a3f525b3859a53>@@AEAV<lambda_3e16ef9562a7dcce91392c22ab16ea36>@@V<lambda_38119f0e861e05405d8a144b9b982f0a>@@@?$__crt_seh_guarded_call@X@@QEAAX$$QEAV<lambda_410d79af7f07d98d83a3f525b3859a53>@@AEAV<lambda_3e16ef9562a7dcce91392c22ab16ea36>@@$$QEAV<lambda_38119f0e861e05405d8a144b9b982f0a>@@@Z@4HA 000000018004b640     libucrt:wsetlocale.obj
 0004:0000264c       $pdata$?fin$0@?0???$?RV<lambda_7f2adfce497ff2baa965cd4f576ecfd1>@@AEAV<lambda_2a444430fde8c29194d880d93eed5e8f>@@AEAV<lambda_8dff2cf36a5417162780cd64fa2883ef>@@@?$__crt_seh_guarded_call@X@@QEAAX$$QEAV<lambda_7f2adfce497ff2baa965cd4f576ecfd1>@@AEAV<lambda_2a444430fde8c29194d880d93eed5e8f>@@AEAV<lambda_8dff2cf36a5417162780cd64fa2883ef>@@@Z@4HA 000000018004b64c     libucrt:wsetlocale.obj
 0004:00002658       $pdata$_ctrlfp$filt$0      000000018004b658     libucrt:fpctrl.obj
 0004:00002664       $pdata$_read$fin$0         000000018004b664     libucrt:read.obj
 0004:00002670       $pdata$?fin$0@?0??update_thread_multibyte_data_internal@@YAPEAU__crt_multibyte_data@@QEAU__acrt_ptd@@QEAPEAU1@@Z@4HA 000000018004b670     libucrt:mbctype.obj
 0004:0000267c       $pdata$__acrt_update_thread_locale_data$fin$0 000000018004b67c     libucrt:locale_refcounting.obj
 0004:00002688       $pdata$?fin$0@?0???$common_sopen_dispatch@D@@YAHQEBDHHHQEAHH@Z@4HA 000000018004b688     libucrt:open.obj
 0004:00002694       $pdata$_IsNonwritableInCurrentImage$filt$0 000000018004b694     LIBCMT:pesect.obj
 0004:000026a0       $pdata$??__Fclassic_locale@std@@YAXXZ 000000018004b6a0     libcpmt:locale0.obj
 0004:000026ac       $pdata$??__Finit_atexit@@YAXXZ 000000018004b6ac     libcpmt:iosptrs.obj
 0005:00000060       $R000000                   000000018004c060     * linker generated manifest res *

 Exports

  ordinal    name

        1    _register_addon_
