 Lceb

 Timestamp is 5d79244c (Wed Sep 11 18:43:56 2019)

 Preferred load address is 0000000180000000

 Start         Length     Name                   Class
 0001:00000000 00000070H .text$di                CODE
 0001:00000070 0002d710H .text$mn                CODE
 0001:0002d780 00000020H .text$mn$00             CODE
 0001:0002d7a0 00000510H .text$x                 CODE
 0001:0002dcb0 000000b4H .text$yd                CODE
 0002:00000000 000002a8H .idata$5                DATA
 0002:000002a8 00000010H .00cfg                  DATA
 0002:000002b8 00000008H .CRT$XCA                DATA
 0002:000002c0 00000018H .CRT$XCC                DATA
 0002:000002d8 00000010H .CRT$XCL                DATA
 0002:000002e8 00000008H .CRT$XCU                DATA
 0002:000002f0 00000008H .CRT$XCZ                DATA
 0002:000002f8 00000008H .CRT$XIA                DATA
 0002:00000300 00000028H .CRT$XIC                DATA
 0002:00000328 00000008H .CRT$XIZ                DATA
 0002:00000330 00000008H .CRT$XPA                DATA
 0002:00000338 00000010H .CRT$XPX                DATA
 0002:00000348 00000008H .CRT$XPXA               DATA
 0002:00000350 00000008H .CRT$XPZ                DATA
 0002:00000358 00000008H .CRT$XTA                DATA
 0002:00000360 00000010H .CRT$XTZ                DATA
 0002:00000368 00000000H .gfids$y                DATA
 0002:00000370 00012130H .rdata                  DATA
 0002:000124a0 00000a0cH .rdata$r                DATA
 0002:00012eac 00000414H .rdata$zzzdbg           DATA
 0002:000132c0 00000008H .rtc$IAA                DATA
 0002:000132c8 00000008H .rtc$IZZ                DATA
 0002:000132d0 00000008H .rtc$TAA                DATA
 0002:000132d8 00000008H .rtc$TZZ                DATA
 0002:000132e0 000024a0H .xdata                  DATA
 0002:00015780 00000244H .xdata$x                DATA
 0002:000159c4 00000020H .didat$2                DATA
 0002:000159e4 00000024H .didat$3                DATA
 0002:00015a08 00000068H .didat$4                DATA
 0002:00015a70 00000320H .didat$6                DATA
 0002:00015d90 00000070H .didat$7                DATA
 0002:00015e00 00000050H .edata                  DATA
 0002:00015e50 00000014H .idata$2                DATA
 0002:00015e64 00000014H .idata$3                DATA
 0002:00015e78 000002a8H .idata$4                DATA
 0002:00016120 00000616H .idata$6                DATA
 0003:00000000 00000b90H .data                   DATA
 0003:00000b90 00000378H .data$r                 DATA
 0003:00000f08 00000068H .didat$5                DATA
 0003:00000f70 00001898H .bss                    DATA
 0004:00000000 00002700H .pdata                  DATA
 0005:00000000 00000060H .rsrc$01                DATA
 0005:00000060 00000180H .rsrc$02                DATA

  Address         Publics by Value              Rva+Base               Lib:Object

 0000:00000000       __guard_fids_count         0000000000000000     <absolute>
 0000:00000000       __guard_longjmp_count      0000000000000000     <absolute>
 0000:00000000       __hybrid_code_map          0000000000000000     <absolute>
 0000:00000000       __guard_iat_count          0000000000000000     <absolute>
 0000:00000000       __guard_longjmp_table      0000000000000000     <absolute>
 0000:00000000       __volatile_metadata        0000000000000000     <absolute>
 0000:00000000       __guard_iat_table          0000000000000000     <absolute>
 0000:00000000       __hybrid_code_map_count    0000000000000000     <absolute>
 0000:00000000       ___safe_se_handler_count   0000000000000000     <absolute>
 0000:00000000       __enclave_config           0000000000000000     <absolute>
 0000:00000000       ___safe_se_handler_table   0000000000000000     <absolute>
 0000:00000000       __guard_fids_table         0000000000000000     <absolute>
 0000:00000000       __hybrid_auxiliary_iat     0000000000000000     <absolute>
 0000:00000000       __dynamic_value_reloc_table 0000000000000000     <absolute>
 0000:00000100       __guard_flags              0000000000000100     <absolute>
 0000:00000000       __ImageBase                0000000180000000     <linker-defined>
 0001:00000070       __local_stdio_printf_options 0000000180001070 f i Lceb.obj
 0001:00000080       printf                     0000000180001080 f i Lceb.obj
 0001:000000e0       sprintf_s                  00000001800010e0 f i Lceb.obj
 0001:00000140       ?what@exception@stdext@@UEBAPEBDXZ 0000000180001140 f i Lceb.obj
 0001:00000160       ?_Raise@exception@stdext@@QEBAXXZ 0000000180001160 f i Lceb.obj
 0001:000001a0       ?_Doraise@exception@stdext@@MEBAXXZ 00000001800011a0 f i Lceb.obj
 0001:000001a0       ?imbue@?$basic_streambuf@DU?$char_traits@D@std@@@std@@MEAAXAEBVlocale@2@@Z 00000001800011a0 f i Lceb.obj
 0001:000001a0       _guard_check_icall_nop     00000001800011a0 f i LIBCMT:guard_support.obj
 0001:000001a0       ?_Unlock@?$basic_streambuf@DU?$char_traits@D@std@@@std@@UEAAXXZ 00000001800011a0 f i Lceb.obj
 0001:000001a0       ?_Lock@?$basic_streambuf@DU?$char_traits@D@std@@@std@@UEAAXXZ 00000001800011a0 f i Lceb.obj
 0001:000001b0       ??_Eexception@stdext@@UEAAPEAXI@Z 00000001800011b0 f i * CIL library *:* CIL module *
 0001:000001b0       ??_Gruntime_error@std@@UEAAPEAXI@Z 00000001800011b0 f i Lceb.obj
 0001:000001b0       ??_Eruntime_error@std@@UEAAPEAXI@Z 00000001800011b0 f i * CIL library *:* CIL module *
 0001:000001b0       ??_Gexception@stdext@@UEAAPEAXI@Z 00000001800011b0 f i Lceb.obj
 0001:000001e0       ??0runtime_error@std@@QEAA@PEBD@Z 00000001800011e0 f i Lceb.obj
 0001:00000200       ??1_Locinfo@std@@QEAA@XZ   0000000180001200 f i Lceb.obj
 0001:000002a0       ??_E_Facet_base@std@@UEAAPEAXI@Z 00000001800012a0 f i * CIL library *:* CIL module *
 0001:000002a0       ??_G_Facet_base@std@@UEAAPEAXI@Z 00000001800012a0 f i Lceb.obj
 0001:000002d0       ?_Incref@facet@locale@std@@UEAAXXZ 00000001800012d0 f i Lceb.obj
 0001:000002e0       ?_Decref@facet@locale@std@@UEAAPEAV_Facet_base@3@XZ 00000001800012e0 f i Lceb.obj
 0001:000002f0       ?do_encoding@codecvt_base@std@@MEBAHXZ 00000001800012f0 f i Lceb.obj
 0001:000002f0       ?do_max_length@codecvt_base@std@@MEBAHXZ 00000001800012f0 f i Lceb.obj
 0001:000002f0       _get_startup_argv_mode     00000001800012f0 f i LIBCMT:argv_mode.obj
 0001:000002f0       DllMain                    00000001800012f0 f i LIBCMT:dll_dllmain_stub.obj
 0001:00000300       ?do_tolower@?$ctype@D@std@@MEBADD@Z 0000000180001300 f i Lceb.obj
 0001:00000310       ?do_tolower@?$ctype@D@std@@MEBAPEBDPEADPEBD@Z 0000000180001310 f i Lceb.obj
 0001:00000370       ?do_toupper@?$ctype@D@std@@MEBADD@Z 0000000180001370 f i Lceb.obj
 0001:00000380       ?do_toupper@?$ctype@D@std@@MEBAPEBDPEADPEBD@Z 0000000180001380 f i Lceb.obj
 0001:000003e0       ?do_narrow@?$ctype@D@std@@MEBADDD@Z 00000001800013e0 f i Lceb.obj
 0001:000003e0       ?do_widen@?$ctype@D@std@@MEBADD@Z 00000001800013e0 f i Lceb.obj
 0001:000003f0       ?do_widen@?$ctype@D@std@@MEBAPEBDPEBD0PEAD@Z 00000001800013f0 f i Lceb.obj
 0001:00000410       ?do_narrow@?$ctype@D@std@@MEBAPEBDPEBD0DPEAD@Z 0000000180001410 f i Lceb.obj
 0001:00000430       ??_E?$ctype@D@std@@MEAAPEAXI@Z 0000000180001430 f i * CIL library *:* CIL module *
 0001:00000430       ??_G?$ctype@D@std@@MEAAPEAXI@Z 0000000180001430 f i Lceb.obj
 0001:000004a0       ?default_error_condition@error_category@std@@UEBA?AVerror_condition@2@H@Z 00000001800014a0 f i Lceb.obj
 0001:000004b0       ?equivalent@error_category@std@@UEBA_NHAEBVerror_condition@2@@Z 00000001800014b0 f i Lceb.obj
 0001:000004f0       ?equivalent@error_category@std@@UEBA_NAEBVerror_code@2@H@Z 00000001800014f0 f i Lceb.obj
 0001:00000510       ?make_error_code@std@@YA?AVerror_code@1@W4io_errc@1@@Z 0000000180001510 f i Lceb.obj
 0001:00000560       ??0_System_error@std@@IEAA@Verror_code@1@AEBV?$basic_string@DU?$char_traits@D@std@@V?$allocator@D@2@@1@@Z 0000000180001560 f i Lceb.obj
 0001:00000790       ??_Efailure@ios_base@std@@UEAAPEAXI@Z 0000000180001790 f i * CIL library *:* CIL module *
 0001:00000790       ??_E_System_error@std@@UEAAPEAXI@Z 0000000180001790 f i * CIL library *:* CIL module *
 0001:00000790       ??_G_System_error@std@@UEAAPEAXI@Z 0000000180001790 f i Lceb.obj
 0001:00000790       ??_Gfailure@ios_base@std@@UEAAPEAXI@Z 0000000180001790 f i Lceb.obj
 0001:000007c0       ?name@_Iostream_error_category@std@@UEBAPEBDXZ 00000001800017c0 f i Lceb.obj
 0001:000007d0       ?message@_Iostream_error_category@std@@UEBA?AV?$basic_string@DU?$char_traits@D@std@@V?$allocator@D@2@@2@H@Z 00000001800017d0 f i Lceb.obj
 0001:00000820       ??_G_Iostream_error_category@std@@UEAAPEAXI@Z 0000000180001820 f i Lceb.obj
 0001:00000820       ??_E_Iostream_error_category@std@@UEAAPEAXI@Z 0000000180001820 f i * CIL library *:* CIL module *
 0001:00000850       ??0failure@ios_base@std@@QEAA@PEBDAEBVerror_code@2@@Z 0000000180001850 f i Lceb.obj
 0001:00000900       ?_Doraise@failure@ios_base@std@@MEBAXXZ 0000000180001900 f i Lceb.obj
 0001:00000920       ??_Gios_base@std@@UEAAPEAXI@Z 0000000180001920 f i Lceb.obj
 0001:00000920       ??_Eios_base@std@@UEAAPEAXI@Z 0000000180001920 f i * CIL library *:* CIL module *
 0001:00000960       ?Lceb_addon@v8@@YAXAEBV?$FunctionCallbackInfo@VValue@v8@@@1@@Z 0000000180001960 f   Lceb.obj
 0001:000009a0       ?Initialize@v8@@YAXV?$Local@VObject@v8@@@1@@Z 00000001800019a0 f   Lceb.obj
 0001:00000ac0       Lceb                       0000000180001ac0 f   Lceb.obj
 0001:00000ed0       generate_stone_E           0000000180001ed0 f   Lceb.obj
 0001:00000fc0       generate_chenille_body     0000000180001fc0 f   Lceb.obj
 0001:00001130       delete_chenille            0000000180002130 f   Lceb.obj
 0001:00001280       delete_stack               0000000180002280 f   Lceb.obj
 0001:00001330       extract_values_and_quantities_from_chained_list 0000000180002330 f   Lceb.obj
 0001:00001460       recursive                  0000000180002460 f   Lceb.obj
 0001:00001a70       road_to_the_text_file      0000000180002a70 f   Lceb.obj
 0001:00002190       ??_D?$basic_ofstream@DU?$char_traits@D@std@@@std@@QEAAXXZ 0000000180003190 f i Lceb.obj
 0001:00002220       get_nb_values              0000000180003220 f   Lceb.obj
 0001:00002550       ??_D?$basic_ifstream@DU?$char_traits@D@std@@@std@@QEAAXXZ 0000000180003550 f i Lceb.obj
 0001:000025e0       get_nb_ID                  00000001800035e0 f   Lceb.obj
 0001:00002820       get_price                  0000000180003820 f   Lceb.obj
 0001:00002b00       extract_values_from_json   0000000180003b00 f   Lceb.obj
 0001:00002e90       extract_ID_from_json       0000000180003e90 f   Lceb.obj
 0001:00003130       merging                    0000000180004130 f   Lceb.obj
 0001:000033d0       sort                       00000001800043d0 f   Lceb.obj
 0001:00003440       long_to_char               0000000180004440 f   Lceb.obj
 0001:00003620       digit_convert              0000000180004620 f   Lceb.obj
 0001:00003690       getOutputFileName          0000000180004690 f   Lceb.obj
 0001:00003710       ??0?$basic_string@DU?$char_traits@D@std@@V?$allocator@D@2@@std@@QEAA@_KD@Z 0000000180004710 f i Lceb.obj
 0001:00003880       ??0?$basic_string@DU?$char_traits@D@std@@V?$allocator@D@2@@std@@QEAA@QEBD@Z 0000000180004880 f i Lceb.obj
 0001:000039f0       ?open@?$basic_ifstream@DU?$char_traits@D@std@@@std@@QEAAXPEBDHH@Z 00000001800049f0 f i Lceb.obj
 0001:00003ad0       ?imbue@?$basic_filebuf@DU?$char_traits@D@std@@@std@@MEAAXAEBVlocale@2@@Z 0000000180004ad0 f i Lceb.obj
 0001:00003b00       ?sync@?$basic_filebuf@DU?$char_traits@D@std@@@std@@MEAAHXZ 0000000180004b00 f i Lceb.obj
 0001:00003b50       ?setbuf@?$basic_filebuf@DU?$char_traits@D@std@@@std@@MEAAPEAV?$basic_streambuf@DU?$char_traits@D@std@@@2@PEAD_J@Z 0000000180004b50 f i Lceb.obj
 0001:00003bb0       ?seekpos@?$basic_filebuf@DU?$char_traits@D@std@@@std@@MEAA?AV?$fpos@U_Mbstatet@@@2@V32@H@Z 0000000180004bb0 f i Lceb.obj
 0001:00003c90       ?seekoff@?$basic_filebuf@DU?$char_traits@D@std@@@std@@MEAA?AV?$fpos@U_Mbstatet@@@2@_JHH@Z 0000000180004c90 f i Lceb.obj
 0001:00003d80       ?xsputn@?$basic_filebuf@DU?$char_traits@D@std@@@std@@MEAA_JPEBD_J@Z 0000000180004d80 f i Lceb.obj
 0001:00003e60       ?xsgetn@?$basic_filebuf@DU?$char_traits@D@std@@@std@@MEAA_JPEAD_J@Z 0000000180004e60 f i Lceb.obj
 0001:00003f40       ?uflow@?$basic_filebuf@DU?$char_traits@D@std@@@std@@MEAAHXZ 0000000180004f40 f i Lceb.obj
 0001:000041e0       ?underflow@?$basic_filebuf@DU?$char_traits@D@std@@@std@@MEAAHXZ 00000001800051e0 f i Lceb.obj
 0001:00004250       ?pbackfail@?$basic_filebuf@DU?$char_traits@D@std@@@std@@MEAAHH@Z 0000000180005250 f i Lceb.obj
 0001:00004340       ?overflow@?$basic_filebuf@DU?$char_traits@D@std@@@std@@MEAAHH@Z 0000000180005340 f i Lceb.obj
 0001:000044e0       ?_Unlock@?$basic_filebuf@DU?$char_traits@D@std@@@std@@UEAAXXZ 00000001800054e0 f i Lceb.obj
 0001:00004500       ?_Lock@?$basic_filebuf@DU?$char_traits@D@std@@@std@@UEAAXXZ 0000000180005500 f i Lceb.obj
 0001:00004520       ??1?$basic_filebuf@DU?$char_traits@D@std@@@std@@UEAA@XZ 0000000180005520 f i Lceb.obj
 0001:000045d0       ??6?$basic_ostream@DU?$char_traits@D@std@@@std@@QEAAAEAV01@M@Z 00000001800055d0 f i Lceb.obj
 0001:000047d0       ??6?$basic_ostream@DU?$char_traits@D@std@@@std@@QEAAAEAV01@K@Z 00000001800057d0 f i Lceb.obj
 0001:000049c0       ??6?$basic_ostream@DU?$char_traits@D@std@@@std@@QEAAAEAV01@H@Z 00000001800059c0 f i Lceb.obj
 0001:00004bb0       ?get@?$basic_istream@DU?$char_traits@D@std@@@std@@QEAAHXZ 0000000180005bb0 f i Lceb.obj
 0001:00004d90       ?showmanyc@?$basic_streambuf@DU?$char_traits@D@std@@@std@@MEAA_JXZ 0000000180005d90 f i Lceb.obj
 0001:00004d90       ?sync@?$basic_streambuf@DU?$char_traits@D@std@@@std@@MEAAHXZ 0000000180005d90 f i Lceb.obj
 0001:00004da0       ?setbuf@?$basic_streambuf@DU?$char_traits@D@std@@@std@@MEAAPEAV12@PEAD_J@Z 0000000180005da0 f i Lceb.obj
 0001:00004db0       ?seekoff@?$basic_streambuf@DU?$char_traits@D@std@@@std@@MEAA?AV?$fpos@U_Mbstatet@@@2@_JHH@Z 0000000180005db0 f i Lceb.obj
 0001:00004db0       ?seekpos@?$basic_streambuf@DU?$char_traits@D@std@@@std@@MEAA?AV?$fpos@U_Mbstatet@@@2@V32@H@Z 0000000180005db0 f i Lceb.obj
 0001:00004dd0       ?xsputn@?$basic_streambuf@DU?$char_traits@D@std@@@std@@MEAA_JPEBD_J@Z 0000000180005dd0 f i Lceb.obj
 0001:00004e90       ?xsgetn@?$basic_streambuf@DU?$char_traits@D@std@@@std@@MEAA_JPEAD_J@Z 0000000180005e90 f i Lceb.obj
 0001:00004f40       ?uflow@?$basic_streambuf@DU?$char_traits@D@std@@@std@@MEAAHXZ 0000000180005f40 f i Lceb.obj
 0001:00004f80       ?underflow@?$basic_streambuf@DU?$char_traits@D@std@@@std@@MEAAHXZ 0000000180005f80 f i Lceb.obj
 0001:00004f80       ?overflow@?$basic_streambuf@DU?$char_traits@D@std@@@std@@MEAAHH@Z 0000000180005f80 f i Lceb.obj
 0001:00004f80       ?pbackfail@?$basic_streambuf@DU?$char_traits@D@std@@@std@@MEAAHH@Z 0000000180005f80 f i Lceb.obj
 0001:00004f90       ??_G?$basic_ofstream@DU?$char_traits@D@std@@@std@@UEAAPEAXI@Z 0000000180005f90 f i Lceb.obj
 0001:00004f90       ??_E?$basic_ofstream@DU?$char_traits@D@std@@@std@@UEAAPEAXI@Z 0000000180005f90 f i * CIL library *:* CIL module *
 0001:00004fd0       ??_E?$basic_ifstream@DU?$char_traits@D@std@@@std@@UEAAPEAXI@Z 0000000180005fd0 f i * CIL library *:* CIL module *
 0001:00004fd0       ??_G?$basic_ifstream@DU?$char_traits@D@std@@@std@@UEAAPEAXI@Z 0000000180005fd0 f i Lceb.obj
 0001:00005010       ??_G?$basic_filebuf@DU?$char_traits@D@std@@@std@@UEAAPEAXI@Z 0000000180006010 f i Lceb.obj
 0001:00005010       ??_E?$basic_filebuf@DU?$char_traits@D@std@@@std@@UEAAPEAXI@Z 0000000180006010 f i * CIL library *:* CIL module *
 0001:00005050       ??_E?$basic_ostream@DU?$char_traits@D@std@@@std@@UEAAPEAXI@Z 0000000180006050 f i * CIL library *:* CIL module *
 0001:00005050       ??_G?$basic_ostream@DU?$char_traits@D@std@@@std@@UEAAPEAXI@Z 0000000180006050 f i Lceb.obj
 0001:000050c0       ??_E?$basic_istream@DU?$char_traits@D@std@@@std@@UEAAPEAXI@Z 00000001800060c0 f i * CIL library *:* CIL module *
 0001:000050c0       ??_G?$basic_istream@DU?$char_traits@D@std@@@std@@UEAAPEAXI@Z 00000001800060c0 f i Lceb.obj
 0001:00005130       ??_E?$basic_streambuf@DU?$char_traits@D@std@@@std@@UEAAPEAXI@Z 0000000180006130 f i * CIL library *:* CIL module *
 0001:00005130       ??_G?$basic_streambuf@DU?$char_traits@D@std@@@std@@UEAAPEAXI@Z 0000000180006130 f i Lceb.obj
 0001:000051b0       ?do_length@?$codecvt@DDU_Mbstatet@@@std@@MEBAHAEAU_Mbstatet@@PEBD1_K@Z 00000001800061b0 f i Lceb.obj
 0001:000051c0       ?do_unshift@?$codecvt@DDU_Mbstatet@@@std@@MEBAHAEAU_Mbstatet@@PEAD1AEAPEAD@Z 00000001800061c0 f i Lceb.obj
 0001:000051d0       ?do_in@?$codecvt@DDU_Mbstatet@@@std@@MEBAHAEAU_Mbstatet@@PEBD1AEAPEBDPEAD3AEAPEAD@Z 00000001800061d0 f i Lceb.obj
 0001:000051d0       ?do_out@?$codecvt@DDU_Mbstatet@@@std@@MEBAHAEAU_Mbstatet@@PEBD1AEAPEBDPEAD3AEAPEAD@Z 00000001800061d0 f i Lceb.obj
 0001:000051f0       __acrt_uninitialize_command_line 00000001800061f0 f i libucrt:argv_data.obj
 0001:000051f0       ?do_always_noconv@?$codecvt@DDU_Mbstatet@@@std@@MEBA_NXZ 00000001800061f0 f i Lceb.obj
 0001:00005200       ??0sentry@?$basic_ostream@DU?$char_traits@D@std@@@std@@QEAA@AEAV12@@Z 0000000180006200 f i Lceb.obj
 0001:00005270       ?do_put@?$num_put@DV?$ostreambuf_iterator@DU?$char_traits@D@std@@@std@@@std@@MEBA?AV?$ostreambuf_iterator@DU?$char_traits@D@std@@@2@V32@AEAVios_base@2@DPEBX@Z 0000000180006270 f i Lceb.obj
 0001:00005310       ?do_put@?$num_put@DV?$ostreambuf_iterator@DU?$char_traits@D@std@@@std@@@std@@MEBA?AV?$ostreambuf_iterator@DU?$char_traits@D@std@@@2@V32@AEAVios_base@2@DO@Z 0000000180006310 f i Lceb.obj
 0001:000055f0       ?do_put@?$num_put@DV?$ostreambuf_iterator@DU?$char_traits@D@std@@@std@@@std@@MEBA?AV?$ostreambuf_iterator@DU?$char_traits@D@std@@@2@V32@AEAVios_base@2@DN@Z 00000001800065f0 f i Lceb.obj
 0001:000058d0       ?do_put@?$num_put@DV?$ostreambuf_iterator@DU?$char_traits@D@std@@@std@@@std@@MEBA?AV?$ostreambuf_iterator@DU?$char_traits@D@std@@@2@V32@AEAVios_base@2@D_K@Z 00000001800068d0 f i Lceb.obj
 0001:000059f0       ?do_put@?$num_put@DV?$ostreambuf_iterator@DU?$char_traits@D@std@@@std@@@std@@MEBA?AV?$ostreambuf_iterator@DU?$char_traits@D@std@@@2@V32@AEAVios_base@2@D_J@Z 00000001800069f0 f i Lceb.obj
 0001:00005b10       ?do_put@?$num_put@DV?$ostreambuf_iterator@DU?$char_traits@D@std@@@std@@@std@@MEBA?AV?$ostreambuf_iterator@DU?$char_traits@D@std@@@2@V32@AEAVios_base@2@DK@Z 0000000180006b10 f i Lceb.obj
 0001:00005c30       ?do_put@?$num_put@DV?$ostreambuf_iterator@DU?$char_traits@D@std@@@std@@@std@@MEBA?AV?$ostreambuf_iterator@DU?$char_traits@D@std@@@2@V32@AEAVios_base@2@DJ@Z 0000000180006c30 f i Lceb.obj
 0001:00005d50       ?do_put@?$num_put@DV?$ostreambuf_iterator@DU?$char_traits@D@std@@@std@@@std@@MEBA?AV?$ostreambuf_iterator@DU?$char_traits@D@std@@@2@V32@AEAVios_base@2@D_N@Z 0000000180006d50 f i Lceb.obj
 0001:00006050       ?push_back@?$basic_string@DU?$char_traits@D@std@@V?$allocator@D@2@@std@@QEAAXD@Z 0000000180007050 f i Lceb.obj
 0001:000061e0       ?append@?$basic_string@DU?$char_traits@D@std@@V?$allocator@D@2@@std@@QEAAAEAV12@QEBD_K@Z 00000001800071e0 f i Lceb.obj
 0001:00006260       ?_Reset_back@?$basic_filebuf@DU?$char_traits@D@std@@@std@@AEAAXXZ 0000000180007260 f i Lceb.obj
 0001:00006290       ?_Initcvt@?$basic_filebuf@DU?$char_traits@D@std@@@std@@IEAAXAEBV?$codecvt@DDU_Mbstatet@@@2@@Z 0000000180007290 f i Lceb.obj
 0001:00006330       ?_Endwrite@?$basic_filebuf@DU?$char_traits@D@std@@@std@@IEAA_NXZ 0000000180007330 f i Lceb.obj
 0001:00006400       ?_Init@?$basic_filebuf@DU?$char_traits@D@std@@@std@@IEAAXPEAU_iobuf@@W4_Initfl@12@@Z 0000000180007400 f i Lceb.obj
 0001:000064f0       ?close@?$basic_filebuf@DU?$char_traits@D@std@@@std@@QEAAPEAV12@XZ 00000001800074f0 f i Lceb.obj
 0001:000065c0       ?open@?$basic_filebuf@DU?$char_traits@D@std@@@std@@QEAAPEAV12@PEBDHH@Z 00000001800075c0 f i Lceb.obj
 0001:00006670       ??0?$basic_filebuf@DU?$char_traits@D@std@@@std@@QEAA@PEAU_iobuf@@@Z 0000000180007670 f i Lceb.obj
 0001:00006720       ?_Pnavail@?$basic_streambuf@DU?$char_traits@D@std@@@std@@IEBA_JXZ 0000000180007720 f i Lceb.obj
 0001:00006740       ?_Gnavail@?$basic_streambuf@DU?$char_traits@D@std@@@std@@IEBA_JXZ 0000000180007740 f i Lceb.obj
 0001:00006760       ?setstate@?$basic_ios@DU?$char_traits@D@std@@@std@@QEAAXH_N@Z 0000000180007760 f i Lceb.obj
 0001:000067e0       ??_G?$num_put@DV?$ostreambuf_iterator@DU?$char_traits@D@std@@@std@@@std@@MEAAPEAXI@Z 00000001800077e0 f i Lceb.obj
 0001:000067e0       ??_E?$codecvt@DDU_Mbstatet@@@std@@MEAAPEAXI@Z 00000001800077e0 f i * CIL library *:* CIL module *
 0001:000067e0       ??_E?$num_put@DV?$ostreambuf_iterator@DU?$char_traits@D@std@@@std@@@std@@MEAAPEAXI@Z 00000001800077e0 f i * CIL library *:* CIL module *
 0001:000067e0       ??_G?$codecvt@DDU_Mbstatet@@@std@@MEAAPEAXI@Z 00000001800077e0 f i Lceb.obj
 0001:00006810       ?do_truename@?$numpunct@D@std@@MEBA?AV?$basic_string@DU?$char_traits@D@std@@V?$allocator@D@2@@2@XZ 0000000180007810 f i Lceb.obj
 0001:00006830       ?do_falsename@?$numpunct@D@std@@MEBA?AV?$basic_string@DU?$char_traits@D@std@@V?$allocator@D@2@@2@XZ 0000000180007830 f i Lceb.obj
 0001:00006850       ?do_grouping@?$numpunct@D@std@@MEBA?AV?$basic_string@DU?$char_traits@D@std@@V?$allocator@D@2@@2@XZ 0000000180007850 f i Lceb.obj
 0001:00006870       ?do_thousands_sep@?$numpunct@D@std@@MEBADXZ 0000000180007870 f i Lceb.obj
 0001:00006880       ?do_decimal_point@?$numpunct@D@std@@MEBADXZ 0000000180007880 f i Lceb.obj
 0001:00006890       ?_Iput@?$num_put@DV?$ostreambuf_iterator@DU?$char_traits@D@std@@@std@@@std@@AEBA?AV?$ostreambuf_iterator@DU?$char_traits@D@std@@@2@V32@AEAVios_base@2@DPEAD_K@Z 0000000180007890 f i Lceb.obj
 0001:00006f00       ?_Fput@?$num_put@DV?$ostreambuf_iterator@DU?$char_traits@D@std@@@std@@@std@@AEBA?AV?$ostreambuf_iterator@DU?$char_traits@D@std@@@2@V32@AEAVios_base@2@DPEBD_K@Z 0000000180007f00 f i Lceb.obj
 0001:000075f0       ?flush@?$basic_ostream@DU?$char_traits@D@std@@@std@@QEAAAEAV12@XZ 00000001800085f0 f i Lceb.obj
 0001:000076c0       ?init@?$basic_ios@DU?$char_traits@D@std@@@std@@IEAAXPEAV?$basic_streambuf@DU?$char_traits@D@std@@@2@_N@Z 00000001800086c0 f i Lceb.obj
 0001:000077e0       ??_E?$numpunct@D@std@@MEAAPEAXI@Z 00000001800087e0 f i * CIL library *:* CIL module *
 0001:000077e0       ??_G?$numpunct@D@std@@MEAAPEAXI@Z 00000001800087e0 f i Lceb.obj
 0001:00007840       ?_Xran@?$_String_val@U?$_Simple_types@D@std@@@std@@SAXXZ 0000000180008840 f i Lceb.obj
 0001:00007860       ??$use_facet@V?$ctype@D@std@@@std@@YAAEBV?$ctype@D@0@AEBVlocale@0@@Z 0000000180008860 f i Lceb.obj
 0001:00007a60       ??$?6U?$char_traits@D@std@@@std@@YAAEAV?$basic_ostream@DU?$char_traits@D@std@@@0@AEAV10@PEBD@Z 0000000180008a60 f i Lceb.obj
 0001:00007d00       ??$?6U?$char_traits@D@std@@@std@@YAAEAV?$basic_ostream@DU?$char_traits@D@std@@@0@AEAV10@D@Z 0000000180008d00 f i Lceb.obj
 0001:00007fa0       ??$use_facet@V?$codecvt@DDU_Mbstatet@@@std@@@std@@YAAEBV?$codecvt@DDU_Mbstatet@@@0@AEBVlocale@0@@Z 0000000180008fa0 f i Lceb.obj
 0001:00008180       ??$use_facet@V?$num_put@DV?$ostreambuf_iterator@DU?$char_traits@D@std@@@std@@@std@@@std@@YAAEBV?$num_put@DV?$ostreambuf_iterator@DU?$char_traits@D@std@@@std@@@0@AEBVlocale@0@@Z 0000000180009180 f i Lceb.obj
 0001:00008360       ??$use_facet@V?$numpunct@D@std@@@std@@YAAEBV?$numpunct@D@0@AEBVlocale@0@@Z 0000000180009360 f i Lceb.obj
 0001:00008470       ??$_Reallocate_grow_by@V<lambda_e1befb086ad3257e3f042a63030725f7>@@_KD@?$basic_string@DU?$char_traits@D@std@@V?$allocator@D@2@@std@@QEAAAEAV01@_KV<lambda_e1befb086ad3257e3f042a63030725f7>@@_KD@Z 0000000180009470 f i Lceb.obj
 0001:000085f0       ??$_Reallocate_grow_by@V<lambda_65e615be2a453ca0576c979606f46740>@@PEBD_K@?$basic_string@DU?$char_traits@D@std@@V?$allocator@D@2@@std@@QEAAAEAV01@_KV<lambda_65e615be2a453ca0576c979606f46740>@@PEBD_K@Z 00000001800095f0 f i Lceb.obj
 0001:00008770       ??$_Reallocate_grow_by@V<lambda_b986da8d428e4af07c64af60eec09b61>@@_K_KD@?$basic_string@DU?$char_traits@D@std@@V?$allocator@D@2@@std@@QEAAAEAV01@_KV<lambda_b986da8d428e4af07c64af60eec09b61>@@_K2D@Z 0000000180009770 f i Lceb.obj
 0001:00008920       ?_Getcat@?$numpunct@D@std@@SA_KPEAPEBVfacet@locale@2@PEBV42@@Z 0000000180009920 f i Lceb.obj
 0001:00008b10       ?_Xlen@?$basic_string@DU?$char_traits@D@std@@V?$allocator@D@2@@std@@SAXXZ 0000000180009b10 f i Lceb.obj
 0001:00008b30       ??$_Immortalize_impl@V_Iostream_error_category@std@@@std@@YAHPEAX0PEAPEAX@Z 0000000180009b30 f i Lceb.obj
 0001:00008b48       ??_E?$basic_ostream@DU?$char_traits@D@std@@@std@@$4PPPPPPPM@A@EAAPEAXI@Z 0000000180009b48 f i Lceb.obj
 0001:00008b54       ??_E?$basic_ifstream@DU?$char_traits@D@std@@@std@@$4PPPPPPPM@A@EAAPEAXI@Z 0000000180009b54 f i Lceb.obj
 0001:00008b60       ??_E?$basic_istream@DU?$char_traits@D@std@@@std@@$4PPPPPPPM@A@EAAPEAXI@Z 0000000180009b60 f i Lceb.obj
 0001:00008b6c       ??_E?$basic_ofstream@DU?$char_traits@D@std@@@std@@$4PPPPPPPM@A@EAAPEAXI@Z 0000000180009b6c f i Lceb.obj
 0001:00008bb4       __imp_load_?GetCurrentContext@Isolate@v8@@QEAA?AV?$Local@VContext@v8@@@2@XZ 0000000180009bb4 f   node:node.exe
 0001:00008bc0       __tailMerge_node_exe       0000000180009bc0     node:node.exe
 0001:00008c39       __imp_load_?GetCurrent@Isolate@v8@@SAPEAV12@XZ 0000000180009c39 f   node:node.exe
 0001:00008c45       __imp_load_??1HandleScope@v8@@QEAA@XZ 0000000180009c45 f   node:node.exe
 0001:00008c51       __imp_load_??0HandleScope@v8@@QEAA@PEAVIsolate@1@@Z 0000000180009c51 f   node:node.exe
 0001:00008c5d       __imp_load_?GetFunction@FunctionTemplate@v8@@QEAA?AV?$MaybeLocal@VFunction@v8@@@2@V?$Local@VContext@v8@@@2@@Z 0000000180009c5d f   node:node.exe
 0001:00008c69       __imp_load_?New@FunctionTemplate@v8@@SA?AV?$Local@VFunctionTemplate@v8@@@2@PEAVIsolate@2@P6AXAEBV?$FunctionCallbackInfo@VValue@v8@@@2@@ZV?$Local@VValue@v8@@@2@V?$Local@VSignature@v8@@@2@HW4ConstructorBehavior@2@W4SideEffectType@2@@Z 0000000180009c69 f   node:node.exe
 0001:00008c75       __imp_load_?ToLocalEmpty@V8@v8@@CAXXZ 0000000180009c75 f   node:node.exe
 0001:00008c81       __imp_load_?NewFromUtf8@String@v8@@SA?AV?$MaybeLocal@VString@v8@@@2@PEAVIsolate@2@PEBDW4NewStringType@2@H@Z 0000000180009c81 f   node:node.exe
 0001:00008c8d       __imp_load_?Value@Number@v8@@QEBANXZ 0000000180009c8d f   node:node.exe
 0001:00008c99       __imp_load_?Set@Object@v8@@QEAA_NV?$Local@VValue@v8@@@2@0@Z 0000000180009c99 f   node:node.exe
 0001:00008ca5       __imp_load_?SetName@Function@v8@@QEAAXV?$Local@VString@v8@@@2@@Z 0000000180009ca5 f   node:node.exe
 0001:00008cb1       __imp_load_node_module_register 0000000180009cb1 f   node:node.exe
 0001:00008cc0       ??0_Init_locks@std@@QEAA@XZ 0000000180009cc0 f   libcpmt:xlock.obj
 0001:00008d0c       ??0_Lockit@std@@QEAA@H@Z   0000000180009d0c f   libcpmt:xlock.obj
 0001:00008d48       ??1_Init_locks@std@@QEAA@XZ 0000000180009d48 f   libcpmt:xlock.obj
 0001:00008d8c       ??1_Lockit@std@@QEAA@XZ    0000000180009d8c f   libcpmt:xlock.obj
 0001:00008dc0       ??0exception@std@@QEAA@AEBV01@@Z 0000000180009dc0 f i libcpmt:xonce.obj
 0001:00008df8       ??_Gout_of_range@std@@UEAAPEAXI@Z 0000000180009df8 f i libcpmt:xthrow.obj
 0001:00008df8       ??_Glogic_error@std@@UEAAPEAXI@Z 0000000180009df8 f i libcpmt:xthrow.obj
 0001:00008df8       ??_Eout_of_range@std@@UEAAPEAXI@Z 0000000180009df8 f i libcpmt:xthrow.obj
 0001:00008df8       ??_Ebad_array_new_length@std@@UEAAPEAXI@Z 0000000180009df8 f i LIBCMT:throw_bad_alloc.obj
 0001:00008df8       ??_Gbad_array_new_length@std@@UEAAPEAXI@Z 0000000180009df8 f i LIBCMT:throw_bad_alloc.obj
 0001:00008df8       ??_Ebad_exception@std@@UEAAPEAXI@Z 0000000180009df8 f i libvcruntime:frame.obj
 0001:00008df8       ??_Elogic_error@std@@UEAAPEAXI@Z 0000000180009df8 f i libcpmt:xthrow.obj
 0001:00008df8       ??_Gbad_alloc@std@@UEAAPEAXI@Z 0000000180009df8 f i libcpmt:xthrow.obj
 0001:00008df8       ??_Eexception@std@@UEAAPEAXI@Z 0000000180009df8 f i libcpmt:xonce.obj
 0001:00008df8       ??_Elength_error@std@@UEAAPEAXI@Z 0000000180009df8 f i libcpmt:xthrow.obj
 0001:00008df8       ??_Ebad_alloc@std@@UEAAPEAXI@Z 0000000180009df8 f i libcpmt:xthrow.obj
 0001:00008df8       ??_Gbad_exception@std@@UEAAPEAXI@Z 0000000180009df8 f i libvcruntime:frame.obj
 0001:00008df8       ??_Glength_error@std@@UEAAPEAXI@Z 0000000180009df8 f i libcpmt:xthrow.obj
 0001:00008df8       ??_Gexception@std@@UEAAPEAXI@Z 0000000180009df8 f i libcpmt:xonce.obj
 0001:00008e3c       ?_Execute_once@std@@YAHAEAUonce_flag@1@P6AHPEAX1PEAPEAX@Z1@Z 0000000180009e3c f   libcpmt:xonce.obj
 0001:00008e44       ?what@exception@std@@UEBAPEBDXZ 0000000180009e44 f i libcpmt:xonce.obj
 0001:00008e58       ??1_Fac_tidy_reg_t@std@@QEAA@XZ 0000000180009e58 f i libcpmt:locale0.obj
 0001:00008ec0       ??4?$_Yarn@D@std@@QEAAAEAV01@PEBD@Z 0000000180009ec0 f i libcpmt:locale0.obj
 0001:00008f38       ??_G_Locimp@locale@std@@MEAAPEAXI@Z 0000000180009f38 f i libcpmt:locale0.obj
 0001:00008f38       ??_E_Locimp@locale@std@@MEAAPEAXI@Z 0000000180009f38 f i libcpmt:locale0.obj
 0001:00008fa4       ?_Facet_Register@std@@YAXPEAV_Facet_base@1@@Z 0000000180009fa4 f   libcpmt:locale0.obj
 0001:00008fdc       ?_Getgloballocale@locale@std@@CAPEAV_Locimp@12@XZ 0000000180009fdc f   libcpmt:locale0.obj
 0001:00008fe4       ?_Init@locale@std@@CAPEAV_Locimp@12@_N@Z 0000000180009fe4 f   libcpmt:locale0.obj
 0001:00009090       ?_Locimp_dtor@_Locimp@locale@std@@CAXPEAV123@@Z 000000018000a090 f   libcpmt:locale0.obj
 0001:00009118       ?_Locinfo_ctor@_Locinfo@std@@SAXPEAV12@PEBD@Z 000000018000a118 f   libcpmt:locale0.obj
 0001:00009184       ?_Locinfo_dtor@_Locinfo@std@@SAXPEAV12@@Z 000000018000a184 f   libcpmt:locale0.obj
 0001:000091a0       ?_New_Locimp@_Locimp@locale@std@@CAPEAV123@_N@Z 000000018000a1a0 f   libcpmt:locale0.obj
 0001:00009210       ?_Setgloballocale@locale@std@@CAXPEAX@Z 000000018000a210 f   libcpmt:locale0.obj
 0001:00009244       _Deletegloballocale        000000018000a244 f   libcpmt:locale0.obj
 0001:000092b4       ??0bad_alloc@std@@QEAA@AEBV01@@Z 000000018000a2b4 f i libcpmt:xthrow.obj
 0001:000092f4       ??0bad_alloc@std@@QEAA@XZ  000000018000a2f4 f i libcpmt:xthrow.obj
 0001:00009314       ??0length_error@std@@QEAA@AEBV01@@Z 000000018000a314 f i libcpmt:xthrow.obj
 0001:00009354       ??0length_error@std@@QEAA@PEBD@Z 000000018000a354 f i libcpmt:xthrow.obj
 0001:000093a0       ??0logic_error@std@@QEAA@AEBV01@@Z 000000018000a3a0 f i libcpmt:xthrow.obj
 0001:000093e0       ??0out_of_range@std@@QEAA@AEBV01@@Z 000000018000a3e0 f i libcpmt:xthrow.obj
 0001:00009420       ??0out_of_range@std@@QEAA@PEBD@Z 000000018000a420 f i libcpmt:xthrow.obj
 0001:0000946c       ??1bad_array_new_length@std@@UEAA@XZ 000000018000a46c f i LIBCMT:throw_bad_alloc.obj
 0001:0000946c       ??1out_of_range@std@@UEAA@XZ 000000018000a46c f i libcpmt:xthrow.obj
 0001:0000946c       ??1bad_exception@std@@UEAA@XZ 000000018000a46c f i libvcruntime:frame.obj
 0001:0000946c       ??1length_error@std@@UEAA@XZ 000000018000a46c f i libcpmt:xthrow.obj
 0001:0000946c       ??1bad_alloc@std@@UEAA@XZ  000000018000a46c f i libcpmt:xthrow.obj
 0001:00009480       ?__scrt_throw_std_bad_alloc@@YAXXZ 000000018000a480 f   LIBCMT:throw_bad_alloc.obj
 0001:00009480       ?_Xbad_alloc@std@@YAXXZ    000000018000a480 f   libcpmt:xthrow.obj
 0001:000094a0       ?_Xlength_error@std@@YAXPEBD@Z 000000018000a4a0 f   libcpmt:xthrow.obj
 0001:000094c4       ?_Xout_of_range@std@@YAXPEBD@Z 000000018000a4c4 f   libcpmt:xthrow.obj
 0001:000094e8       ?_Ios_base_dtor@ios_base@std@@CAXPEAV12@@Z 000000018000a4e8 f   libcpmt:ios.obj
 0001:00009568       ?_Tidy@ios_base@std@@AEAAXXZ 000000018000a568 f i libcpmt:ios.obj
 0001:000095e8       ??$_Xfiopen@D@std@@YAPEAU_iobuf@@PEBDHH@Z 000000018000a5e8 f i libcpmt:fiopen.obj
 0001:000096f0       ?_Fiopen@std@@YAPEAU_iobuf@@PEBDHH@Z 000000018000a6f0 f   libcpmt:fiopen.obj
 0001:000096f8       ?_Syserror_map@std@@YAPEBDH@Z 000000018000a6f8 f   libcpmt:syserror.obj
 0001:00009720       _Getctype                  000000018000a720 f   libcpmt:_tolower.obj
 0001:000097e8       _Tolower                   000000018000a7e8 f   libcpmt:_tolower.obj
 0001:00009918       _Getcvt                    000000018000a918 f   libcpmt:xwctomb.obj
 0001:000099a8       _Toupper                   000000018000a9a8 f   libcpmt:_toupper.obj
 0001:00009ae8       _Mtxdst                    000000018000aae8 f   libcpmt:xmtx.obj
 0001:00009af0       _Mtxinit                   000000018000aaf0 f   libcpmt:xmtx.obj
 0001:00009b00       _Mtxlock                   000000018000ab00 f   libcpmt:xmtx.obj
 0001:00009b08       _Mtxunlock                 000000018000ab08 f   libcpmt:xmtx.obj
 0001:00009fe0       __crtInitOnceExecuteOnce   000000018000afe0 f   libcpmt:winapisupp.obj
 0001:0000a0ac       __crtInitializeCriticalSectionEx 000000018000b0ac f   libcpmt:winapisupp.obj
 0001:0000a0dc       ?_Atexit@@YAXP6AXXZ@Z      000000018000b0dc f   libcpmt:iosptrs.obj
 0001:0000a11c       __crtLCMapStringA          000000018000b11c f   libcpmt:StlLCMapStringA.obj
 0001:0000a3d0       GetTableIndexFromLocaleName 000000018000b3d0 f   libcpmt:winapinls.obj
 0001:0000a460       __crtDownlevelLocaleNameToLCID 000000018000b460 f   libcpmt:winapinls.obj
 0001:0000a494       __crtLCMapStringEx         000000018000b494 f   libcpmt:winapinls.obj
 0001:0000a530       __wcsnicmp_ascii           000000018000b530 f   libcpmt:winapinls.obj
 0001:0000a5b0       __security_check_cookie    000000018000b5b0 f   LIBCMT:amdsecgs.obj
 0001:0000a5d4       ??3@YAXPEAX_K@Z            000000018000b5d4 f   LIBCMT:delete_scalar_size.obj
 0001:0000a5d4       ??_V@YAXPEAX@Z             000000018000b5d4 f   LIBCMT:delete_array.obj
 0001:0000a5dc       __raise_securityfailure    000000018000b5dc f   LIBCMT:gs_report.obj
 0001:0000a610       __report_gsfailure         000000018000b610 f   LIBCMT:gs_report.obj
 0001:0000a6e4       __report_rangecheckfailure 000000018000b6e4 f   LIBCMT:gs_report.obj
 0001:0000a6f8       __report_securityfailure   000000018000b6f8 f   LIBCMT:gs_report.obj
 0001:0000a878       ??2@YAPEAX_K@Z             000000018000b878 f   LIBCMT:new_scalar.obj
 0001:0000abe4       _DllMainCRTStartup         000000018000bbe4 f   LIBCMT:dll_dllmain.obj
 0001:0000ac24       __scrt_acquire_startup_lock 000000018000bc24 f   LIBCMT:utility.obj
 0001:0000ac60       __scrt_dllmain_after_initialize_c 000000018000bc60 f   LIBCMT:utility.obj
 0001:0000ac94       __scrt_dllmain_before_initialize_c 000000018000bc94 f   LIBCMT:utility.obj
 0001:0000acac       __scrt_dllmain_crt_thread_attach 000000018000bcac f   LIBCMT:utility.obj
 0001:0000acd4       __scrt_dllmain_crt_thread_detach 000000018000bcd4 f   LIBCMT:utility.obj
 0001:0000acec       __scrt_dllmain_exception_filter 000000018000bcec f   LIBCMT:utility.obj
 0001:0000ad4c       __scrt_dllmain_uninitialize_c 000000018000bd4c f   LIBCMT:utility.obj
 0001:0000ad7c       __scrt_dllmain_uninitialize_critical 000000018000bd7c f   LIBCMT:utility.obj
 0001:0000ad90       __scrt_initialize_crt      000000018000bd90 f   LIBCMT:utility.obj
 0001:0000addc       __scrt_initialize_onexit_tables 000000018000bddc f   LIBCMT:utility.obj
 0001:0000aeb4       __scrt_is_nonwritable_in_current_image 000000018000beb4 f   LIBCMT:utility.obj
 0001:0000af50       __scrt_release_startup_lock 000000018000bf50 f   LIBCMT:utility.obj
 0001:0000af74       __scrt_uninitialize_crt    000000018000bf74 f   LIBCMT:utility.obj
 0001:0000afa0       _onexit                    000000018000bfa0 f   LIBCMT:utility.obj
 0001:0000aff0       atexit                     000000018000bff0 f   LIBCMT:utility.obj
 0001:0000b008       __GSHandlerCheck           000000018000c008 f   LIBCMT:gshandler.obj
 0001:0000b028       __GSHandlerCheckCommon     000000018000c028 f   LIBCMT:gshandler.obj
 0001:0000b084       __GSHandlerCheck_EH        000000018000c084 f   LIBCMT:gshandlereh.obj
 0001:0000b104       ??_Gtype_info@@UEAAPEAXI@Z 000000018000c104 f i LIBCMT:std_type_info_static.obj
 0001:0000b104       ??_Etype_info@@UEAAPEAXI@Z 000000018000c104 f i LIBCMT:std_type_info_static.obj
 0001:0000b140       _alloca_probe              000000018000c140 f   LIBCMT:chkstk.obj
 0001:0000b140       __chkstk                   000000018000c140 f   LIBCMT:chkstk.obj
 0001:0000b194       ??3@YAXPEAX@Z              000000018000c194 f   LIBCMT:delete_scalar.obj
 0001:0000b19c       ??0bad_array_new_length@std@@QEAA@AEBV01@@Z 000000018000c19c f i LIBCMT:throw_bad_alloc.obj
 0001:0000b1dc       ??0bad_array_new_length@std@@QEAA@XZ 000000018000c1dc f i LIBCMT:throw_bad_alloc.obj
 0001:0000b1fc       ?__scrt_throw_std_bad_array_new_length@@YAXXZ 000000018000c1fc f   LIBCMT:throw_bad_alloc.obj
 0001:0000b21c       __security_init_cookie     000000018000c21c f   LIBCMT:gs_support.obj
 0001:0000b2c8       ?__scrt_initialize_type_info@@YAXXZ 000000018000c2c8 f   LIBCMT:tncleanup.obj
 0001:0000b2d8       ?__scrt_uninitialize_type_info@@YAXXZ 000000018000c2d8 f   LIBCMT:tncleanup.obj
 0001:0000b2e4       __local_stdio_scanf_options 000000018000c2e4 f i LIBCMT:default_local_stdio_options.obj
 0001:0000b2ec       __scrt_initialize_default_local_stdio_options 000000018000c2ec f   LIBCMT:default_local_stdio_options.obj
 0001:0000b308       __scrt_get_dyn_tls_init_callback 000000018000c308 f   LIBCMT:dyn_tls_init.obj
 0001:0000b310       __crt_debugger_hook        000000018000c310 f   LIBCMT:utility_desktop.obj
 0001:0000b318       __scrt_fastfail            000000018000c318 f   LIBCMT:utility_desktop.obj
 0001:0000b464       _RTC_Initialize            000000018000c464 f   LIBCMT:initsect.obj
 0001:0000b4a0       _RTC_Terminate             000000018000c4a0 f   LIBCMT:initsect.obj
 0001:0000b4dc       __isa_available_init       000000018000c4dc f   LIBCMT:cpu_disp.obj
 0001:0000b658       __scrt_is_ucrt_dll_in_use  000000018000c658 f   LIBCMT:ucrt_detection.obj
 0001:0000b670       _purecall                  000000018000c670 f   libvcruntime:purevirt.obj
 0001:0000b6a0       __std_exception_copy       000000018000c6a0 f   libvcruntime:std_exception.obj
 0001:0000b730       __std_exception_destroy    000000018000c730 f   libvcruntime:std_exception.obj
 0001:0000b758       _CxxThrowException         000000018000c758 f   libvcruntime:throw.obj
 0001:0000b818       ??$_CallSETranslator@V__FrameHandler3@@@@YAHPEAUEHExceptionRecord@@PEA_KPEAU_CONTEXT@@PEAU_xDISPATCHER_CONTEXT@@PEBU_s_FuncInfo@@K1@Z 000000018000c818 f i libvcruntime:risctrnsctrl.obj
 0001:0000b86c       ?CatchTryBlock@__FrameHandler3@@SAPEBU_s_TryBlockMapEntry@@PEBU_s_FuncInfo@@H@Z 000000018000c86c f   libvcruntime:risctrnsctrl.obj
 0001:0000b8c4       ?ExecutionInCatch@__FrameHandler3@@SA_NPEAU_xDISPATCHER_CONTEXT@@PEBU_s_FuncInfo@@@Z 000000018000c8c4 f   libvcruntime:risctrnsctrl.obj
 0001:0000b8f0       ?FrameUnwindToEmptyState@__FrameHandler3@@SAXPEA_KPEAU_xDISPATCHER_CONTEXT@@PEBU_s_FuncInfo@@@Z 000000018000c8f0 f   libvcruntime:risctrnsctrl.obj
 0001:0000b954       ?GetEstablisherFrame@__FrameHandler3@@SAPEA_KPEA_KPEAU_xDISPATCHER_CONTEXT@@PEBU_s_FuncInfo@@0@Z 000000018000c954 f   libvcruntime:risctrnsctrl.obj
 0001:0000ba20       ?GetRangeOfTrysToCheck@__FrameHandler3@@SA?AU?$pair@Viterator@TryBlockMap@__FrameHandler3@@V123@@std@@AEAVTryBlockMap@1@HH@Z 000000018000ca20 f   libvcruntime:risctrnsctrl.obj
 0001:0000bb7c       ?UnwindNestedFrames@__FrameHandler3@@SAXPEA_KPEAUEHExceptionRecord@@PEAU_CONTEXT@@0PEAXPEBU_s_FuncInfo@@HHPEBU_s_HandlerType@@PEAU_xDISPATCHER_CONTEXT@@E@Z 000000018000cb7c f   libvcruntime:risctrnsctrl.obj
 0001:0000bca0       _CreateFrameInfo           000000018000cca0 f   libvcruntime:risctrnsctrl.obj
 0001:0000bcdc       _FindAndUnlinkFrame        000000018000ccdc f   libvcruntime:risctrnsctrl.obj
 0001:0000bd30       _GetImageBase              000000018000cd30 f   libvcruntime:risctrnsctrl.obj
 0001:0000bd44       _GetThrowImageBase         000000018000cd44 f   libvcruntime:risctrnsctrl.obj
 0001:0000bd58       _SetImageBase              000000018000cd58 f   libvcruntime:risctrnsctrl.obj
 0001:0000bd70       _SetThrowImageBase         000000018000cd70 f   libvcruntime:risctrnsctrl.obj
 0001:0000bd88       __CxxFrameHandler3         000000018000cd88 f   libvcruntime:risctrnsctrl.obj
 0001:0000be20       memcpy_repmovs             000000018000ce20 f   libvcruntime:memcpy.obj
 0001:0000be40       memmove                    000000018000ce40 f   libvcruntime:memcpy.obj
 0001:0000be40       memcpy                     000000018000ce40 f   libvcruntime:memcpy.obj
 0001:0000c280       memset_repmovs             000000018000d280 f   libvcruntime:memset.obj
 0001:0000c2a0       memset                     000000018000d2a0 f   libvcruntime:memset.obj
 0001:0000c430       __DestructExceptionObject  000000018000d430 f   libvcruntime:ehhelpers.obj
 0001:0000c4a4       ?_CallMemberFunction0@@YAXQEAX0@Z 000000018000d4a4 f i libvcruntime:ehhelpers.obj
 0001:0000c4a8       _IsExceptionObjectToBeDestroyed 000000018000d4a8 f   libvcruntime:ehhelpers.obj
 0001:0000c4d8       __AdjustPointer            000000018000d4d8 f   libvcruntime:ehhelpers.obj
 0001:0000c4fc       __FrameUnwindFilter        000000018000d4fc f   libvcruntime:ehhelpers.obj
 0001:0000c548       __std_terminate            000000018000d548 f   libvcruntime:ehhelpers.obj
 0001:0000c570       memchr                     000000018000d570 f   libvcruntime:memchr.obj
 0001:0000c5f0       memcmp                     000000018000d5f0 f   libvcruntime:memcmp.obj
 0001:0000c6b8       __C_specific_handler       000000018000d6b8 f   libvcruntime:riscchandler.obj
 0001:0000c8c4       __vcrt_initialize          000000018000d8c4 f   libvcruntime:initialization.obj
 0001:0000c8f8       __vcrt_thread_attach       000000018000d8f8 f   libvcruntime:initialization.obj
 0001:0000c90c       __vcrt_thread_detach       000000018000d90c f   libvcruntime:initialization.obj
 0001:0000c920       __vcrt_uninitialize        000000018000d920 f   libvcruntime:initialization.obj
 0001:0000c940       __vcrt_uninitialize_critical 000000018000d940 f   libvcruntime:initialization.obj
 0001:0000c950       __std_type_info_compare    000000018000d950 f   libvcruntime:std_type_info.obj
 0001:0000c978       __std_type_info_destroy_list 000000018000d978 f   libvcruntime:std_type_info.obj
 0001:0000c9a4       __vcrt_initialize_pure_virtual_call_handler 000000018000d9a4 f   libvcruntime:purevirt_data.obj
 0001:0000c9b4       __vcrt_freefls             000000018000d9b4 f   libvcruntime:per_thread_data.obj
 0001:0000c9d4       __vcrt_freeptd             000000018000d9d4 f   libvcruntime:per_thread_data.obj
 0001:0000ca24       __vcrt_getptd              000000018000da24 f   libvcruntime:per_thread_data.obj
 0001:0000ca40       __vcrt_getptd_noexit       000000018000da40 f   libvcruntime:per_thread_data.obj
 0001:0000cb0c       __vcrt_initialize_ptd      000000018000db0c f   libvcruntime:per_thread_data.obj
 0001:0000cb60       __vcrt_uninitialize_ptd    000000018000db60 f   libvcruntime:per_thread_data.obj
 0001:0000cb84       ?GetCurrentState@__FrameHandler3@@SAHPEA_KPEAU_xDISPATCHER_CONTEXT@@PEBU_s_FuncInfo@@@Z 000000018000db84 f   libvcruntime:ehstate.obj
 0001:0000cbac       ?GetUnwindTryBlock@__FrameHandler3@@SAHPEA_KPEAU_xDISPATCHER_CONTEXT@@PEBU_s_FuncInfo@@@Z 000000018000dbac f   libvcruntime:ehstate.obj
 0001:0000cbd8       ?SetState@__FrameHandler3@@SAXPEA_KPEBU_s_FuncInfo@@H@Z 000000018000dbd8 f   libvcruntime:ehstate.obj
 0001:0000cbe4       ?SetUnwindTryBlock@__FrameHandler3@@SAXPEA_KPEAU_xDISPATCHER_CONTEXT@@PEBU_s_FuncInfo@@H@Z 000000018000dbe4 f   libvcruntime:ehstate.obj
 0001:0000cc20       ?StateFromControlPc@__FrameHandler3@@SAHPEBU_s_FuncInfo@@PEAU_xDISPATCHER_CONTEXT@@@Z 000000018000dc20 f   libvcruntime:ehstate.obj
 0001:0000cc28       ?StateFromIp@__FrameHandler3@@SAHPEBU_s_FuncInfo@@PEAU_xDISPATCHER_CONTEXT@@_K@Z 000000018000dc28 f   libvcruntime:ehstate.obj
 0001:0000d6b4       ??$TypeMatchHelper@V__FrameHandler3@@@@YAHPEBU_s_HandlerType@@PEBU_s_CatchableType@@PEBU_s_ThrowInfo@@@Z 000000018000e6b4 f i libvcruntime:frame.obj
 0001:0000d7f8       ??$__InternalCxxFrameHandler@V__FrameHandler3@@@@YA?AW4_EXCEPTION_DISPOSITION@@PEAUEHExceptionRecord@@PEA_KPEAU_CONTEXT@@PEAU_xDISPATCHER_CONTEXT@@PEBU_s_FuncInfo@@H1E@Z 000000018000e7f8 f i libvcruntime:frame.obj
 0001:0000da40       ??0bad_exception@std@@QEAA@AEBV01@@Z 000000018000ea40 f i libvcruntime:frame.obj
 0001:0000da80       ??0bad_exception@std@@QEAA@XZ 000000018000ea80 f i libvcruntime:frame.obj
 0001:0000daa0       ?CxxCallCatchBlock@__FrameHandler3@@SAPEAXPEAU_EXCEPTION_RECORD@@@Z 000000018000eaa0 f   libvcruntime:frame.obj
 0001:0000dd14       ?FrameUnwindToState@__FrameHandler3@@SAXPEA_KPEAU_xDISPATCHER_CONTEXT@@PEBU_s_FuncInfo@@H@Z 000000018000ed14 f   libvcruntime:frame.obj
 0001:0000dea8       ?GetHandlerSearchState@__FrameHandler3@@SAHPEA_KPEAU_xDISPATCHER_CONTEXT@@PEBU_s_FuncInfo@@@Z 000000018000eea8 f i libvcruntime:frame.obj
 0001:0000e0ac       ?_CallMemberFunction1@@YAXQEAX00@Z 000000018000f0ac f i libvcruntime:frame.obj
 0001:0000e0b8       ?_CallMemberFunction2@@YAXQEAX00H@Z 000000018000f0b8 f i libvcruntime:frame.obj
 0001:0000e0e0       _NLG_Notify                000000018000f0e0 f   libvcruntime:notify.obj
 0001:0000e100       __NLG_Dispatch2            000000018000f100 f   libvcruntime:notify.obj
 0001:0000e110       __NLG_Return2              000000018000f110 f   libvcruntime:notify.obj
 0001:0000e114       __except_validate_context_record 000000018000f114 f   libvcruntime:jbcxrval.obj
 0001:0000e14c       __vcrt_initialize_locks    000000018000f14c f   libvcruntime:locks.obj
 0001:0000e194       __vcrt_uninitialize_locks  000000018000f194 f   libvcruntime:locks.obj
 0001:0000e3a4       __vcrt_FlsAlloc            000000018000f3a4 f   libvcruntime:winapi_downlevel.obj
 0001:0000e3ec       __vcrt_FlsFree             000000018000f3ec f   libvcruntime:winapi_downlevel.obj
 0001:0000e434       __vcrt_FlsGetValue         000000018000f434 f   libvcruntime:winapi_downlevel.obj
 0001:0000e47c       __vcrt_FlsSetValue         000000018000f47c f   libvcruntime:winapi_downlevel.obj
 0001:0000e4d0       __vcrt_InitializeCriticalSectionEx 000000018000f4d0 f   libvcruntime:winapi_downlevel.obj
 0001:0000e534       __vcrt_initialize_winapi_thunks 000000018000f534 f   libvcruntime:winapi_downlevel.obj
 0001:0000e564       __vcrt_uninitialize_winapi_thunks 000000018000f564 f   libvcruntime:winapi_downlevel.obj
 0001:0000e5c0       _CallSettingFrame          000000018000f5c0 f   libvcruntime:handlers.obj
 0001:0000e610       _CallSettingFrameEncoded   000000018000f610 f   libvcruntime:handlers.obj
 0001:0000e658       abort                      000000018000f658 f   libucrt:abort.obj
 0001:0000e6b0       _fputc_nolock              000000018000f6b0 f   libucrt:fputc.obj
 0001:0000e6c8       fputc                      000000018000f6c8 f   libucrt:fputc.obj
 0001:0000e7ec       calloc                     000000018000f7ec f   libucrt:calloc.obj
 0001:0000e7f4       __acrt_initialize_stdio    000000018000f7f4 f   libucrt:_file.obj
 0001:0000e914       __acrt_iob_func            000000018000f914 f   libucrt:_file.obj
 0001:0000e928       __acrt_uninitialize_stdio  000000018000f928 f   libucrt:_file.obj
 0001:0000e984       _get_stream_buffer_pointers 000000018000f984 f   libucrt:_file.obj
 0001:0000e9cc       _lock_file                 000000018000f9cc f   libucrt:_file.obj
 0001:0000e9d8       _unlock_file               000000018000f9d8 f   libucrt:_file.obj
 0001:0000e9e4       __acrt_call_reportfault    000000018000f9e4 f   libucrt:invalid_parameter.obj
 0001:0000eb40       __acrt_initialize_invalid_parameter_handler 000000018000fb40 f   libucrt:invalid_parameter.obj
 0001:0000eb48       _invalid_parameter         000000018000fb48 f   libucrt:invalid_parameter.obj
 0001:0000ebf8       _invalid_parameter_noinfo  000000018000fbf8 f   libucrt:invalid_parameter.obj
 0001:0000ec18       _invalid_parameter_noinfo_noreturn 000000018000fc18 f   libucrt:invalid_parameter.obj
 0001:0000ec48       _invoke_watson             000000018000fc48 f   libucrt:invalid_parameter.obj
 0001:0000eeac       __acrt_stdio_flush_nolock  000000018000feac f   libucrt:fflush.obj
 0001:0000ef28       _fflush_nolock             000000018000ff28 f   libucrt:fflush.obj
 0001:0000ef74       _flushall                  000000018000ff74 f   libucrt:fflush.obj
 0001:0000ef7c       fflush                     000000018000ff7c f   libucrt:fflush.obj
 0001:0000efe4       _fclose_nolock             000000018000ffe4 f   libucrt:fclose.obj
 0001:0000f068       fclose                     0000000180010068 f   libucrt:fclose.obj
 0001:0000f0cc       perror                     00000001800100cc f   libucrt:perror.obj
 0001:0000f230       strcspn                    0000000180010230 f   libucrt:strcspn.obj
 0001:0000f800       ??$ensure_buffer_is_big_enough@D@formatting_buffer@__crt_stdio_output@@QEAA_N_K@Z 0000000180010800 f i libucrt:output.obj
 0001:0000f8a8       ??$type_case_integer_parse_into_buffer@I@?$output_processor@DV?$stream_output_adapter@D@__crt_stdio_output@@V?$standard_base@DV?$stream_output_adapter@D@__crt_stdio_output@@@2@@__crt_stdio_output@@AEAAXII_N@Z 00000001800108a8 f i libucrt:output.obj
 0001:0000f8a8       ??$type_case_integer_parse_into_buffer@I@?$output_processor@DV?$string_output_adapter@D@__crt_stdio_output@@V?$format_validation_base@DV?$string_output_adapter@D@__crt_stdio_output@@@2@@__crt_stdio_output@@AEAAXII_N@Z 00000001800108a8 f i libucrt:output.obj
 0001:0000f938       ??$type_case_integer_parse_into_buffer@_K@?$output_processor@DV?$stream_output_adapter@D@__crt_stdio_output@@V?$standard_base@DV?$stream_output_adapter@D@__crt_stdio_output@@@2@@__crt_stdio_output@@AEAAX_KI_N@Z 0000000180010938 f i libucrt:output.obj
 0001:0000f938       ??$type_case_integer_parse_into_buffer@_K@?$output_processor@DV?$string_output_adapter@D@__crt_stdio_output@@V?$format_validation_base@DV?$string_output_adapter@D@__crt_stdio_output@@@2@@__crt_stdio_output@@AEAAX_KI_N@Z 0000000180010938 f i libucrt:output.obj
 0001:0000f9cc       ??$write_multiple_characters@V?$stream_output_adapter@D@__crt_stdio_output@@D@__crt_stdio_output@@YAXAEBV?$stream_output_adapter@D@0@DHQEAH@Z 00000001800109cc f i libucrt:output.obj
 0001:0000fa58       ??$write_multiple_characters@V?$string_output_adapter@D@__crt_stdio_output@@D@__crt_stdio_output@@YAXAEBV?$string_output_adapter@D@0@DHQEAH@Z 0000000180010a58 f i libucrt:output.obj
 0001:0000fad0       ??0_LocaleUpdate@@QEAA@QEAU__crt_locale_pointers@@@Z 0000000180010ad0 f i libucrt:output.obj
 0001:0000fb6c       ??1_LocaleUpdate@@QEAA@XZ  0000000180010b6c f i libucrt:output.obj
 0001:0000fcb0       ?crop_zeroes@__crt_stdio_output@@YAXPEADQEAU__crt_locale_pointers@@@Z 0000000180010cb0 f i libucrt:output.obj
 0001:0000fd1c       ?force_decimal_point@__crt_stdio_output@@YAXPEADQEAU__crt_locale_pointers@@@Z 0000000180010d1c f i libucrt:output.obj
 0001:0000fd8c       ?parse_int_from_format_string@?$output_processor@DV?$string_output_adapter@D@__crt_stdio_output@@V?$format_validation_base@DV?$string_output_adapter@D@__crt_stdio_output@@@2@@__crt_stdio_output@@AEAA_NQEAH@Z 0000000180010d8c f i libucrt:output.obj
 0001:0000fd8c       ?parse_int_from_format_string@?$output_processor@DV?$stream_output_adapter@D@__crt_stdio_output@@V?$standard_base@DV?$stream_output_adapter@D@__crt_stdio_output@@@2@@__crt_stdio_output@@AEAA_NQEAH@Z 0000000180010d8c f i libucrt:output.obj
 0001:0000fe30       ?process@?$output_processor@DV?$stream_output_adapter@D@__crt_stdio_output@@V?$standard_base@DV?$stream_output_adapter@D@__crt_stdio_output@@@2@@__crt_stdio_output@@QEAAHXZ 0000000180010e30 f i libucrt:output.obj
 0001:00010048       ?process@?$output_processor@DV?$string_output_adapter@D@__crt_stdio_output@@V?$format_validation_base@DV?$string_output_adapter@D@__crt_stdio_output@@@2@@__crt_stdio_output@@QEAAHXZ 0000000180011048 f i libucrt:output.obj
 0001:00010260       ?state_case_normal@?$output_processor@DV?$stream_output_adapter@D@__crt_stdio_output@@V?$standard_base@DV?$stream_output_adapter@D@__crt_stdio_output@@@2@@__crt_stdio_output@@AEAA_NXZ 0000000180011260 f i libucrt:output.obj
 0001:000102d0       ?state_case_normal@?$output_processor@DV?$string_output_adapter@D@__crt_stdio_output@@V?$format_validation_base@DV?$string_output_adapter@D@__crt_stdio_output@@@2@@__crt_stdio_output@@AEAA_NXZ 00000001800112d0 f i libucrt:output.obj
 0001:00010344       ?state_case_normal_tchar@?$output_processor@DV?$stream_output_adapter@D@__crt_stdio_output@@V?$standard_base@DV?$stream_output_adapter@D@__crt_stdio_output@@@2@@__crt_stdio_output@@AEAA_ND@Z 0000000180011344 f i libucrt:output.obj
 0001:000103e8       ?state_case_normal_tchar@?$output_processor@DV?$string_output_adapter@D@__crt_stdio_output@@V?$format_validation_base@DV?$string_output_adapter@D@__crt_stdio_output@@@2@@__crt_stdio_output@@AEAA_ND@Z 00000001800113e8 f i libucrt:output.obj
 0001:00010490       ?state_case_size@?$output_processor@DV?$stream_output_adapter@D@__crt_stdio_output@@V?$standard_base@DV?$stream_output_adapter@D@__crt_stdio_output@@@2@@__crt_stdio_output@@AEAA_NXZ 0000000180011490 f i libucrt:output.obj
 0001:00010604       ?state_case_size@?$output_processor@DV?$string_output_adapter@D@__crt_stdio_output@@V?$format_validation_base@DV?$string_output_adapter@D@__crt_stdio_output@@@2@@__crt_stdio_output@@AEAA_NXZ 0000000180011604 f i libucrt:output.obj
 0001:00010778       ?state_case_type@?$output_processor@DV?$stream_output_adapter@D@__crt_stdio_output@@V?$standard_base@DV?$stream_output_adapter@D@__crt_stdio_output@@@2@@__crt_stdio_output@@AEAA_NXZ 0000000180011778 f i libucrt:output.obj
 0001:000109fc       ?state_case_type@?$output_processor@DV?$string_output_adapter@D@__crt_stdio_output@@V?$format_validation_base@DV?$string_output_adapter@D@__crt_stdio_output@@@2@@__crt_stdio_output@@AEAA_NXZ 00000001800119fc f i libucrt:output.obj
 0001:00010c64       ?type_case_Z@?$output_processor@DV?$string_output_adapter@D@__crt_stdio_output@@V?$format_validation_base@DV?$string_output_adapter@D@__crt_stdio_output@@@2@@__crt_stdio_output@@AEAA_NXZ 0000000180011c64 f i libucrt:output.obj
 0001:00010c64       ?type_case_Z@?$output_processor@DV?$stream_output_adapter@D@__crt_stdio_output@@V?$standard_base@DV?$stream_output_adapter@D@__crt_stdio_output@@@2@@__crt_stdio_output@@AEAA_NXZ 0000000180011c64 f i libucrt:output.obj
 0001:00010cdc       ?type_case_a@?$output_processor@DV?$stream_output_adapter@D@__crt_stdio_output@@V?$standard_base@DV?$stream_output_adapter@D@__crt_stdio_output@@@2@@__crt_stdio_output@@AEAA_NXZ 0000000180011cdc f i libucrt:output.obj
 0001:00010cdc       ?type_case_a@?$output_processor@DV?$string_output_adapter@D@__crt_stdio_output@@V?$format_validation_base@DV?$string_output_adapter@D@__crt_stdio_output@@@2@@__crt_stdio_output@@AEAA_NXZ 0000000180011cdc f i libucrt:output.obj
 0001:00010e98       ?type_case_c_tchar@?$output_processor@DV?$string_output_adapter@D@__crt_stdio_output@@V?$format_validation_base@DV?$string_output_adapter@D@__crt_stdio_output@@@2@@__crt_stdio_output@@AEAA_ND@Z 0000000180011e98 f i libucrt:output.obj
 0001:00010e98       ?type_case_c_tchar@?$output_processor@DV?$stream_output_adapter@D@__crt_stdio_output@@V?$standard_base@DV?$stream_output_adapter@D@__crt_stdio_output@@@2@@__crt_stdio_output@@AEAA_ND@Z 0000000180011e98 f i libucrt:output.obj
 0001:00010f54       ?type_case_integer@?$output_processor@DV?$string_output_adapter@D@__crt_stdio_output@@V?$format_validation_base@DV?$string_output_adapter@D@__crt_stdio_output@@@2@@__crt_stdio_output@@AEAA_NI_N@Z 0000000180011f54 f i libucrt:output.obj
 0001:00010f54       ?type_case_integer@?$output_processor@DV?$stream_output_adapter@D@__crt_stdio_output@@V?$standard_base@DV?$stream_output_adapter@D@__crt_stdio_output@@@2@@__crt_stdio_output@@AEAA_NI_N@Z 0000000180011f54 f i libucrt:output.obj
 0001:0001111c       ?type_case_n@?$output_processor@DV?$string_output_adapter@D@__crt_stdio_output@@V?$format_validation_base@DV?$string_output_adapter@D@__crt_stdio_output@@@2@@__crt_stdio_output@@AEAA_NXZ 000000018001211c f i libucrt:output.obj
 0001:0001111c       ?type_case_n@?$output_processor@DV?$stream_output_adapter@D@__crt_stdio_output@@V?$standard_base@DV?$stream_output_adapter@D@__crt_stdio_output@@@2@@__crt_stdio_output@@AEAA_NXZ 000000018001211c f i libucrt:output.obj
 0001:000111f8       ?type_case_s@?$output_processor@DV?$string_output_adapter@D@__crt_stdio_output@@V?$format_validation_base@DV?$string_output_adapter@D@__crt_stdio_output@@@2@@__crt_stdio_output@@AEAA_NXZ 00000001800121f8 f i libucrt:output.obj
 0001:000111f8       ?type_case_s@?$output_processor@DV?$stream_output_adapter@D@__crt_stdio_output@@V?$standard_base@DV?$stream_output_adapter@D@__crt_stdio_output@@@2@@__crt_stdio_output@@AEAA_NXZ 00000001800121f8 f i libucrt:output.obj
 0001:00011290       ?validate_stream_is_ansi_if_required@?$__acrt_stdio_char_traits@D@@SA_NQEAU_iobuf@@@Z 0000000180012290 f i libucrt:output.obj
 0001:0001132c       ?write_stored_string_tchar@?$output_processor@DV?$stream_output_adapter@D@__crt_stdio_output@@V?$standard_base@DV?$stream_output_adapter@D@__crt_stdio_output@@@2@@__crt_stdio_output@@AEAA_ND@Z 000000018001232c f i libucrt:output.obj
 0001:00011450       ?write_stored_string_tchar@?$output_processor@DV?$string_output_adapter@D@__crt_stdio_output@@V?$format_validation_base@DV?$string_output_adapter@D@__crt_stdio_output@@@2@@__crt_stdio_output@@AEAA_ND@Z 0000000180012450 f i libucrt:output.obj
 0001:00011528       ?write_string@?$string_output_adapter@D@__crt_stdio_output@@QEBAXQEBDHQEAHAEAV__crt_deferred_errno_cache@@@Z 0000000180012528 f i libucrt:output.obj
 0001:000115cc       ?write_string_impl@?$output_adapter_common@DV?$stream_output_adapter@D@__crt_stdio_output@@@__crt_stdio_output@@IEBAXQEBDHQEAHAEAV__crt_deferred_errno_cache@@@Z 00000001800125cc f i libucrt:output.obj
 0001:000116c4       __stdio_common_vfprintf    00000001800126c4 f   libucrt:output.obj
 0001:00011750       __stdio_common_vsprintf_s  0000000180012750 f   libucrt:output.obj
 0001:000117b4       _fgetc_nolock              00000001800127b4 f   libucrt:fgetc.obj
 0001:000117f8       fgetc                      00000001800127f8 f   libucrt:fgetc.obj
 0001:00011900       localeconv                 0000000180012900 f   libucrt:localeconv.obj
 0001:000119d8       _fwrite_nolock             00000001800129d8 f   libucrt:fwrite.obj
 0001:00011b84       fwrite                     0000000180012b84 f   libucrt:fwrite.obj
 0001:00011c08       fgetpos                    0000000180012c08 f   libucrt:fgetpos.obj
 0001:00011d74       setvbuf                    0000000180012d74 f   libucrt:setvbuf.obj
 0001:00011e10       free                       0000000180012e10 f   libucrt:free.obj
 0001:00011e24       ??$parse_integer@KV?$c_string_character_source@D@__crt_strtox@@@__crt_strtox@@YAKQEAU__crt_locale_pointers@@V?$c_string_character_source@D@0@H_N@Z 0000000180012e24 f i libucrt:atox.obj
 0001:00012160       ??$parse_integer@KV?$c_string_character_source@_W@__crt_strtox@@@__crt_strtox@@YAKQEAU__crt_locale_pointers@@V?$c_string_character_source@_W@0@H_N@Z 0000000180013160 f i libucrt:atox.obj
 0001:00012814       _wtol                      0000000180013814 f   libucrt:atox.obj
 0001:00012840       atoi                       0000000180013840 f   libucrt:atox.obj
 0001:0001286c       _ungetc_nolock             000000018001386c f   libucrt:ungetc.obj
 0001:00012994       ungetc                     0000000180013994 f   libucrt:ungetc.obj
 0001:000129ec       frexp                      00000001800139ec f   libucrt:frexp.obj
 0001:00012b58       ??$parse_floating_point@V?$c_string_character_source@D@__crt_strtox@@N@__crt_strtox@@YA?AW4SLD_STATUS@@QEAU__crt_locale_pointers@@V?$c_string_character_source@D@0@QEAN@Z 0000000180013b58 f i libucrt:atof.obj
 0001:00012bf8       ??$parse_floating_point_from_source@V?$c_string_character_source@D@__crt_strtox@@@__crt_strtox@@YA?AW4floating_point_parse_result@0@QEAU__crt_locale_pointers@@AEAV?$c_string_character_source@D@0@AEAUfloating_point_string@0@@Z 0000000180013bf8 f i libucrt:atof.obj
 0001:000130e0       ??$parse_floating_point_possible_infinity@DV?$c_string_character_source@D@__crt_strtox@@PEBD@__crt_strtox@@YA?AW4floating_point_parse_result@0@AEADAEAV?$c_string_character_source@D@0@PEBD@Z 00000001800140e0 f i libucrt:atof.obj
 0001:0001323c       ??$parse_floating_point_possible_nan@DV?$c_string_character_source@D@__crt_strtox@@PEBD@__crt_strtox@@YA?AW4floating_point_parse_result@0@AEADAEAV?$c_string_character_source@D@0@PEBD@Z 000000018001423c f i libucrt:atof.obj
 0001:00013428       ??$parse_floating_point_possible_nan_is_ind@DV?$c_string_character_source@D@__crt_strtox@@@__crt_strtox@@YA_NAEADAEAV?$c_string_character_source@D@0@@Z 0000000180014428 f i libucrt:atof.obj
 0001:0001346c       ??$parse_floating_point_possible_nan_is_snan@DV?$c_string_character_source@D@__crt_strtox@@@__crt_strtox@@YA_NAEADAEAV?$c_string_character_source@D@0@@Z 000000018001446c f i libucrt:atof.obj
 0001:000134b0       ??$parse_floating_point_write_result@N@__crt_strtox@@YA?AW4SLD_STATUS@@W4floating_point_parse_result@0@AEBUfloating_point_string@0@QEAN@Z 00000001800144b0 f i libucrt:atof.obj
 0001:00013690       ?as_double@floating_point_value@__crt_strtox@@QEBAAEANXZ 0000000180014690 f i libucrt:atof.obj
 0001:000136cc       ?as_float@floating_point_value@__crt_strtox@@QEBAAEAMXZ 00000001800146cc f i libucrt:atof.obj
 0001:00013708       ?assemble_floating_point_value@__crt_strtox@@YA?AW4SLD_STATUS@@_KH_N1AEBVfloating_point_value@1@@Z 0000000180014708 f i libucrt:atof.obj
 0001:00013ab0       ?assemble_floating_point_value_from_big_integer@__crt_strtox@@YA?AW4SLD_STATUS@@AEBUbig_integer@1@I_N1AEBVfloating_point_value@1@@Z 0000000180014ab0 f i libucrt:atof.obj
 0001:00013c14       ?convert_decimal_string_to_floating_type_common@__crt_strtox@@YA?AW4SLD_STATUS@@AEBUfloating_point_string@1@AEBVfloating_point_value@1@@Z 0000000180014c14 f i libucrt:atof.obj
 0001:00015994       ?convert_hexadecimal_string_to_floating_type_common@__crt_strtox@@YA?AW4SLD_STATUS@@AEBUfloating_point_string@1@AEBVfloating_point_value@1@@Z 0000000180016994 f i libucrt:atof.obj
 0001:00015a40       ?divide@__crt_strtox@@YA_KAEAUbig_integer@1@AEBU21@@Z 0000000180016a40 f i libucrt:atof.obj
 0001:00015e6c       atof                       0000000180016e6c f   libucrt:atof.obj
 0001:00015efc       fsetpos                    0000000180016efc f   libucrt:fsetpos.obj
 0001:00015f34       _fread_nolock_s            0000000180016f34 f   libucrt:fread.obj
 0001:000161c4       fread                      00000001800171c4 f   libucrt:fread.obj
 0001:000161e4       fread_s                    00000001800171e4 f   libucrt:fread.obj
 0001:00016494       _fseeki64                  0000000180017494 f   libucrt:fseek.obj
 0001:0001649c       fseek                      000000018001749c f   libucrt:fseek.obj
 0001:000164a4       malloc                     00000001800174a4 f   libucrt:malloc.obj
 0001:000164ac       __ascii_stricmp            00000001800174ac f   libucrt:stricmp.obj
 0001:000164ec       _stricmp                   00000001800174ec f   libucrt:stricmp.obj
 0001:00016534       _stricmp_l                 0000000180017534 f   libucrt:stricmp.obj
 0001:000165e8       __acrt_initialize_locks    00000001800175e8 f   libucrt:locks.obj
 0001:00016630       __acrt_lock                0000000180017630 f   libucrt:locks.obj
 0001:0001664c       __acrt_uninitialize_locks  000000018001764c f   libucrt:locks.obj
 0001:00016684       __acrt_unlock              0000000180017684 f   libucrt:locks.obj
 0001:000166a0       _lock_locales              00000001800176a0 f   libucrt:locks.obj
 0001:000166bc       _unlock_locales            00000001800176bc f   libucrt:locks.obj
 0001:000166cc       terminate                  00000001800176cc f   libucrt:terminate.obj
 0001:000169cc       setlocale                  00000001800179cc f   libucrt:setlocale.obj
 0001:00016ad4       _fsopen                    0000000180017ad4 f   libucrt:fopen.obj
 0001:00016adc       __pctype_func              0000000180017adc f   libucrt:ctype.obj
 0001:00016b0c       isdigit                    0000000180017b0c f i libucrt:_ctype.obj
 0001:00016ba0       islower                    0000000180017ba0 f i libucrt:_ctype.obj
 0001:00016c34       isupper                    0000000180017c34 f i libucrt:_ctype.obj
 0001:00016cc8       _wcsdup                    0000000180017cc8 f   libucrt:wcsdup.obj
 0001:00016d4c       ___lc_codepage_func        0000000180017d4c f   libucrt:initctype.obj
 0001:00016d7c       ___lc_locale_name_func     0000000180017d7c f   libucrt:initctype.obj
 0001:00016db0       ___mb_cur_max_func         0000000180017db0 f   libucrt:initctype.obj
 0001:00016de0       __acrt_locale_initialize_ctype 0000000180017de0 f   libucrt:initctype.obj
 0001:00017430       __acrt_errno_from_os_error 0000000180018430 f   libucrt:errno.obj
 0001:00017478       __acrt_errno_map_os_error  0000000180018478 f   libucrt:errno.obj
 0001:000174c8       __doserrno                 00000001800184c8 f   libucrt:errno.obj
 0001:000174e8       _errno                     00000001800184e8 f   libucrt:errno.obj
 0001:00017510       pow                        0000000180018510 f   libucrt:pow.obj
 0001:00018bb0       powf                       0000000180019bb0 f   libucrt:powf.obj
 0001:00019a78       __strncnt                  000000018001aa78 f   libucrt:strncnt.obj
 0001:00019a90       ??$__acrt_mbs_to_wcs_cp@U__crt_win32_buffer_internal_dynamic_resizing@@@@YAHQEBDAEAV?$__crt_win32_buffer@_WU__crt_win32_buffer_internal_dynamic_resizing@@@@I@Z 000000018001aa90 f i libucrt:strftime.obj
 0001:00019c08       ??$__acrt_wcs_to_mbs_cp@U__crt_win32_buffer_no_resizing@@@@YAHQEB_WAEAV?$__crt_win32_buffer@DU__crt_win32_buffer_no_resizing@@@@I@Z 000000018001ac08 f i libucrt:strftime.obj
 0001:00019d7c       _tolower_l                 000000018001ad7c f   libucrt:tolower_toupper.obj
 0001:00019ebc       tolower                    000000018001aebc f   libucrt:tolower_toupper.obj
 0001:00019ee8       wcscpy_s                   000000018001aee8 f   libucrt:wcscpy_s.obj
 0001:00019f50       strnlen                    000000018001af50 f   libucrt:strnlen.obj
 0001:0001a0a0       wcsnlen                    000000018001b0a0 f   libucrt:strnlen.obj
 0001:0001a278       __acrt_initialize_new_handler 000000018001b278 f   libucrt:new_handler.obj
 0001:0001a280       _callnewh                  000000018001b280 f   libucrt:new_handler.obj
 0001:0001a2b0       _query_new_handler         000000018001b2b0 f   libucrt:new_handler.obj
 0001:0001a2e4       _initterm                  000000018001b2e4 f   libucrt:initterm.obj
 0001:0001a348       _initterm_e                000000018001b348 f   libucrt:initterm.obj
 0001:0001a388       _seh_filter_dll            000000018001b388 f   libucrt:exception_filter.obj
 0001:0001a39c       _seh_filter_exe            000000018001b39c f   libucrt:exception_filter.obj
 0001:0001a78c       __acrt_initialize_thread_local_exit_callback 000000018001b78c f   libucrt:exit.obj
 0001:0001a794       _cexit                     000000018001b794 f   libucrt:exit.obj
 0001:0001a7a4       _exit                      000000018001b7a4 f   libucrt:exit.obj
 0001:0001a7b0       _is_c_termination_complete 000000018001b7b0 f   libucrt:exit.obj
 0001:0001a97c       __acrt_allocate_buffer_for_argv 000000018001b97c f   libucrt:argv_parsing.obj
 0001:0001a9dc       _configure_narrow_argv     000000018001b9dc f   libucrt:argv_parsing.obj
 0001:0001ad54       __dcrt_uninitialize_environments_nolock 000000018001bd54 f   libucrt:environment_initialization.obj
 0001:0001ad8c       _initialize_narrow_environment 000000018001bd8c f   libucrt:environment_initialization.obj
 0001:0001b0d4       _crt_atexit                000000018001c0d4 f   libucrt:onexit.obj
 0001:0001b0e4       _execute_onexit_table      000000018001c0e4 f   libucrt:onexit.obj
 0001:0001b120       _initialize_onexit_table   000000018001c120 f   libucrt:onexit.obj
 0001:0001b148       _register_onexit_function  000000018001c148 f   libucrt:onexit.obj
 0001:0001b2bc       __acrt_initialize          000000018001c2bc f   libucrt:initialization.obj
 0001:0001b2d0       __acrt_thread_attach       000000018001c2d0 f   libucrt:initialization.obj
 0001:0001b2e4       __acrt_thread_detach       000000018001c2e4 f   libucrt:initialization.obj
 0001:0001b2f4       __acrt_uninitialize        000000018001c2f4 f   libucrt:initialization.obj
 0001:0001b32c       __acrt_uninitialize_critical 000000018001c32c f   libucrt:initialization.obj
 0001:0001b33c       strcpy_s                   000000018001c33c f   libucrt:strcpy_s.obj
 0001:0001b39c       wcsncmp                    000000018001c39c f   libucrt:wcsncmp.obj
 0001:0001b3e0       strncmp                    000000018001c3e0 f   libucrt:strncmp.obj
 0001:0001b4a8       __acrt_get_sigabrt_handler 000000018001c4a8 f   libucrt:signal.obj
 0001:0001b4d8       __acrt_initialize_signal_handlers 000000018001c4d8 f   libucrt:signal.obj
 0001:0001b4f8       raise                      000000018001c4f8 f   libucrt:signal.obj
 0001:0001b764       _fileno                    000000018001c764 f   libucrt:fileno.obj
 0001:0001b8e8       __acrt_stdio_flush_and_write_narrow_nolock 000000018001c8e8 f   libucrt:_flsbuf.obj
 0001:0001bbd0       __acrt_initialize_lowio    000000018001cbd0 f   libucrt:ioinit.obj
 0001:0001bc0c       __acrt_uninitialize_lowio  000000018001cc0c f   libucrt:ioinit.obj
 0001:0001bc4c       _calloc_base               000000018001cc4c f   libucrt:calloc_base.obj
 0001:0001bcc4       _free_base                 000000018001ccc4 f   libucrt:free_base.obj
 0001:0001bf80       __acrt_AppPolicyGetProcessTerminationMethodInternal 000000018001cf80 f   libucrt:winapi_thunks.obj
 0001:0001bfd0       __acrt_AreFileApisANSI     000000018001cfd0 f   libucrt:winapi_thunks.obj
 0001:0001c00c       __acrt_EnumSystemLocalesEx 000000018001d00c f   libucrt:winapi_thunks.obj
 0001:0001c0a4       __acrt_FlsAlloc            000000018001d0a4 f   libucrt:winapi_thunks.obj
 0001:0001c0ec       __acrt_FlsFree             000000018001d0ec f   libucrt:winapi_thunks.obj
 0001:0001c134       __acrt_FlsGetValue         000000018001d134 f   libucrt:winapi_thunks.obj
 0001:0001c17c       __acrt_FlsSetValue         000000018001d17c f   libucrt:winapi_thunks.obj
 0001:0001c1d0       __acrt_GetLocaleInfoEx     000000018001d1d0 f   libucrt:winapi_thunks.obj
 0001:0001c254       __acrt_GetUserDefaultLocaleName 000000018001d254 f   libucrt:winapi_thunks.obj
 0001:0001c2b8       __acrt_InitializeCriticalSectionEx 000000018001d2b8 f   libucrt:winapi_thunks.obj
 0001:0001c31c       __acrt_IsValidLocaleName   000000018001d31c f   libucrt:winapi_thunks.obj
 0001:0001c374       __acrt_LCIDToLocaleName    000000018001d374 f   libucrt:winapi_thunks.obj
 0001:0001c3e4       __acrt_LCMapStringEx       000000018001d3e4 f   libucrt:winapi_thunks.obj
 0001:0001c4c0       __acrt_LocaleNameToLCID    000000018001d4c0 f   libucrt:winapi_thunks.obj
 0001:0001c510       __acrt_can_use_vista_locale_apis 000000018001d510 f   libucrt:winapi_thunks.obj
 0001:0001c540       __acrt_eagerly_load_locale_apis 000000018001d540 f   libucrt:winapi_thunks.obj
 0001:0001c69c       __acrt_initialize_winapi_thunks 000000018001d69c f   libucrt:winapi_thunks.obj
 0001:0001c6d0       __acrt_uninitialize_winapi_thunks 000000018001d6d0 f   libucrt:winapi_thunks.obj
 0001:0001c714       _fcloseall                 000000018001d714 f   libucrt:closeall.obj
 0001:0001c7c8       __acrt_stdio_free_buffer_nolock 000000018001d7c8 f   libucrt:_freebuf.obj
 0001:0001cb80       __acrt_freeptd             000000018001db80 f   libucrt:per_thread_data.obj
 0001:0001cbc4       __acrt_getptd              000000018001dbc4 f   libucrt:per_thread_data.obj
 0001:0001cc98       __acrt_getptd_head         000000018001dc98 f   libucrt:per_thread_data.obj
 0001:0001cd40       __acrt_getptd_noexit       000000018001dd40 f   libucrt:per_thread_data.obj
 0001:0001ce0c       __acrt_initialize_ptd      000000018001de0c f   libucrt:per_thread_data.obj
 0001:0001ce48       __acrt_uninitialize_ptd    000000018001de48 f   libucrt:per_thread_data.obj
 0001:0001cef8       _commit                    000000018001def8 f   libucrt:commit.obj
 0001:0001d7f8       _write                     000000018001e7f8 f   libucrt:write.obj
 0001:0001d8e4       _write_nolock              000000018001e8e4 f   libucrt:write.obj
 0001:0001dc34       _close                     000000018001ec34 f   libucrt:close.obj
 0001:0001dcd8       _close_nolock              000000018001ecd8 f   libucrt:close.obj
 0001:0001dd98       ?__acrt_stdio_allocate_stream@@YA?AV__crt_stdio_stream@@XZ 000000018001ed98 f   libucrt:stream.obj
 0001:0001ddf0       ?__acrt_stdio_free_stream@@YAXV__crt_stdio_stream@@@Z 000000018001edf0 f   libucrt:stream.obj
 0001:0001def8       __sys_errlist              000000018001eef8 f   libucrt:syserr.obj
 0001:0001df00       __sys_nerr                 000000018001ef00 f   libucrt:syserr.obj
 0001:0001df08       __acrt_lowio_create_handle_array 000000018001ef08 f   libucrt:osfinfo.obj
 0001:0001dfb0       __acrt_lowio_destroy_handle_array 000000018001efb0 f   libucrt:osfinfo.obj
 0001:0001e000       __acrt_lowio_ensure_fh_exists 000000018001f000 f   libucrt:osfinfo.obj
 0001:0001e0a8       __acrt_lowio_lock_fh       000000018001f0a8 f   libucrt:osfinfo.obj
 0001:0001e0d0       __acrt_lowio_set_os_handle 000000018001f0d0 f   libucrt:osfinfo.obj
 0001:0001e190       __acrt_lowio_unlock_fh     000000018001f190 f   libucrt:osfinfo.obj
 0001:0001e1b8       _alloc_osfhnd              000000018001f1b8 f   libucrt:osfinfo.obj
 0001:0001e2f8       _free_osfhnd               000000018001f2f8 f   libucrt:osfinfo.obj
 0001:0001e3b4       _get_osfhandle             000000018001f3b4 f   libucrt:osfinfo.obj
 0001:0001e42c       _malloc_base               000000018001f42c f   libucrt:malloc_base.obj
 0001:0001e48c       strtol                     000000018001f48c f   libucrt:strtox.obj
 0001:0001e4b8       _mbtowc_l                  000000018001f4b8 f   libucrt:mbtowc.obj
 0001:0001e634       mbtowc                     000000018001f634 f   libucrt:mbtowc.obj
 0001:0001e63c       _wctomb_s_l                000000018001f63c f   libucrt:wctomb.obj
 0001:0001e7dc       wctomb_s                   000000018001f7dc f   libucrt:wctomb.obj
 0001:0001e7f0       __acrt_update_locale_info  000000018001f7f0 f   libucrt:locale_update.obj
 0001:0001e824       __acrt_update_multibyte_info 000000018001f824 f   libucrt:locale_update.obj
 0001:0001f22c       __acrt_fp_format           000000018002022c f   libucrt:cvt.obj
 0001:0001f4b4       _get_printf_count_output   00000001800204b4 f   libucrt:printf_count_output.obj
 0001:0001f4cc       __acrt_stdio_begin_temporary_buffering_nolock 00000001800204cc f   libucrt:_sftbuf.obj
 0001:0001f59c       __acrt_stdio_end_temporary_buffering_nolock 000000018002059c f   libucrt:_sftbuf.obj
 0001:0001f840       __acrt_copy_locale_name    0000000180020840 f   libucrt:wsetlocale.obj
 0001:0001f8c4       __acrt_set_locale_changed  00000001800208c4 f   libucrt:wsetlocale.obj
 0001:0001f8d0       __acrt_uninitialize_locale 00000001800208d0 f   libucrt:wsetlocale.obj
 0001:0001f900       __lc_lctowcs               0000000180020900 f   libucrt:wsetlocale.obj
 0001:0001f9a4       __lc_wcstolc               00000001800209a4 f   libucrt:wsetlocale.obj
 0001:0001fbe0       _expandlocale              0000000180020be0 f   libucrt:wsetlocale.obj
 0001:0001ffc4       _wcscats                   0000000180020fc4 f   libucrt:wsetlocale.obj
 0001:0002002c       _wsetlocale                000000018002102c f   libucrt:wsetlocale.obj
 0001:000208a4       __acrt_stdio_refill_and_read_narrow_nolock 00000001800218a4 f   libucrt:_filbuf.obj
 0001:00020ee0       _ftelli64                  0000000180021ee0 f   libucrt:ftell.obj
 0001:00020ee8       _ftelli64_nolock           0000000180021ee8 f   libucrt:ftell.obj
 0001:00020ef0       iswctype                   0000000180021ef0 f   libucrt:iswctype.obj
 0001:00020f60       _isctype_l                 0000000180021f60 f   libucrt:isctype.obj
 0001:00021070       __acrt_stdio_allocate_buffer_nolock 0000000180022070 f   libucrt:_getbuf.obj
 0001:000210d8       _dsign                     00000001800220d8 f   libucrt:nan.obj
 0001:000210f0       _errcode                   00000001800220f0 f   libucrt:fpexcept.obj
 0001:00021134       _except1                   0000000180022134 f   libucrt:fpexcept.obj
 0001:00021228       _handle_exc                0000000180022228 f   libucrt:fpexcept.obj
 0001:00021490       _raise_exc                 0000000180022490 f   libucrt:fpexcept.obj
 0001:000214b8       _raise_exc_ex              00000001800224b8 f   libucrt:fpexcept.obj
 0001:000217c8       _raise_excf                00000001800227c8 f   libucrt:fpexcept.obj
 0001:000217f4       _set_errno_from_matherr    00000001800227f4 f   libucrt:fpexcept.obj
 0001:00021824       _umatherr                  0000000180022824 f   libucrt:fpexcept.obj
 0001:000218f8       _decomp                    00000001800228f8 f   libucrt:util.obj
 0001:00021a30       _sptype                    0000000180022a30 f   libucrt:util.obj
 0001:00021aa4       _clrfp                     0000000180022aa4 f   libucrt:fpctrl.obj
 0001:00021ac4       _ctrlfp                    0000000180022ac4 f   libucrt:fpctrl.obj
 0001:00021b40       _set_statfp                0000000180022b40 f   libucrt:fpctrl.obj
 0001:00021b60       _statfp                    0000000180022b60 f   libucrt:fpctrl.obj
 0001:00021b74       fegetround                 0000000180022b74 f   libucrt:fegetround.obj
 0001:0002215c       _read                      000000018002315c f   libucrt:read.obj
 0001:00022278       _read_nolock               0000000180023278 f   libucrt:read.obj
 0001:0002285c       _lseeki64                  000000018002385c f   libucrt:lseek.obj
 0001:00022864       _lseeki64_nolock           0000000180023864 f   libucrt:lseek.obj
 0001:00022a70       _mbstowcs_s_l              0000000180023a70 f   libucrt:mbstowcs.obj
 0001:00022ba4       mbstowcs_s                 0000000180023ba4 f   libucrt:mbstowcs.obj
 0001:00022f2c       _wcstombs_s_l              0000000180023f2c f   libucrt:wcstombs.obj
 0001:00023018       ??$__acrt_stdio_parse_mode@D@@YA?AU__acrt_stdio_stream_mode@@QEBD@Z 0000000180024018 f i libucrt:openfile.obj
 0001:000232dc       _openfile                  00000001800242dc f   libucrt:openfile.obj
 0001:000234f4       __acrt_GetLocaleInfoA      00000001800244f4 f   libucrt:getlocaleinfoa.obj
 0001:000236bc       __acrt_GetStringTypeA      00000001800246bc f   libucrt:getstringtypea.obj
 0001:00023b64       __acrt_LCMapStringA        0000000180024b64 f   libucrt:lcmapstringa.obj
 0001:00023bfc       _realloc_base              0000000180024bfc f   libucrt:realloc_base.obj
 0001:00023c80       __acrt_initialize_fma3     0000000180024c80 f   libucrt:fma3_available.obj
[...]
 0004:00002220       $pdata$GetLcidFromLanguage 000000018004b220     libucrt:getqloc_downlevel.obj
 0004:0000222c       $pdata$LangCountryEnumProc 000000018004b22c     libucrt:getqloc_downlevel.obj
 0004:00002238       $pdata$LanguageEnumProc    000000018004b238     libucrt:getqloc_downlevel.obj
 0004:00002244       $pdata$ProcessCodePage     000000018004b244     libucrt:getqloc_downlevel.obj
 0004:00002250       $pdata$TestDefaultLanguage 000000018004b250     libucrt:getqloc_downlevel.obj
 0004:0000225c       $pdata$TranslateName       000000018004b25c     libucrt:getqloc_downlevel.obj
 0004:00002268       $pdata$__acrt_get_qualified_locale_downlevel 000000018004b268     libucrt:getqloc_downlevel.obj
 0004:00002280       $pdata$__acrt_fenv_set_control 000000018004b280     libucrt:_fenvutils.obj
 0004:0000228c       $pdata$?__wcsrtombs_utf8@__crt_mbstring@@YA_KPEADPEAPEB_W_KPEAU_Mbstatet@@@Z 000000018004b28c     libucrt:wcrtomb.obj
 0004:00002298       $pdata$_wcsnicmp           000000018004b298     libucrt:wcsnicmp.obj
 0004:000022a4       $pdata$_wcsnicmp_l         000000018004b2a4     libucrt:wcsnicmp.obj
 0004:000022b0       $pdata$__ascii_strnicmp    000000018004b2b0     libucrt:strnicmp.obj
 0004:000022bc       $pdata$_strnicmp           000000018004b2bc     libucrt:strnicmp.obj
 0004:000022c8       $pdata$_strnicmp_l         000000018004b2c8     libucrt:strnicmp.obj
 0004:000022d4       $pdata$??$common_sopen_dispatch@D@@YAHQEBDHHHQEAHH@Z 000000018004b2d4     libucrt:open.obj
 0004:000022e0       $pdata$?configure_text_mode@@YAHHUfile_options@?A0xa9d50aae@@HAEAW4__crt_lowio_text_mode@@@Z 000000018004b2e0     libucrt:open.obj
 0004:000022ec       $pdata$?decode_options@@YA?AUfile_options@?A0xa9d50aae@@HHH@Z 000000018004b2ec     libucrt:open.obj
 0004:000022f8       $pdata$?truncate_ctrl_z_if_present@@YAHH@Z 000000018004b2f8     libucrt:open.obj
 0004:00002304       $pdata$_sopen_nolock       000000018004b304     libucrt:open.obj
 0004:00002310       $pdata$_sopen_s            000000018004b310     libucrt:open.obj
 0004:0000231c       $pdata$_wsopen_nolock      000000018004b31c     libucrt:open.obj
 0004:00002328       $pdata$strncpy_s           000000018004b328     libucrt:strncpy_s.obj
 0004:00002334       $pdata$_call_matherr       000000018004b334     libucrt:libm_error.obj
 0004:00002340       $pdata$_exception_enabled  000000018004b340     libucrt:libm_error.obj
 0004:0000234c       $pdata$_handle_error       000000018004b34c     libucrt:libm_error.obj
 0004:00002358       $pdata$_handle_errorf      000000018004b358     libucrt:libm_error.obj
 0004:00002364       $pdata$_towlower_l         000000018004b364     libucrt:towlower.obj
 0004:00002370       $pdata$qsort               000000018004b370     libucrt:qsort.obj
 0004:0000237c       $pdata$4$qsort             000000018004b37c     libucrt:qsort.obj
 0004:00002388       $pdata$5$qsort             000000018004b388     libucrt:qsort.obj
 0004:00002394       $pdata$fallbackMethod      000000018004b394     libucrt:strpbrk.obj
 0004:000023a0       $pdata$strpbrk             000000018004b3a0     libucrt:strpbrk.obj
 0004:000023ac       $pdata$_mbsdec_l           000000018004b3ac     libucrt:mbsdec.obj
 0004:000023b8       $pdata$?initialize_multibyte@@YAHXZ 000000018004b3b8     libucrt:multibyte_initializer.obj
 0004:000023c4       $pdata$_msize_base         000000018004b3c4     libucrt:msize.obj
 0004:000023d0       $pdata$?__mbrtoc32_utf8@__crt_mbstring@@YA_KPEA_UPEBD_KPEAU_Mbstatet@@@Z 000000018004b3d0     libucrt:mbrtoc32.obj
 0004:000023dc       $pdata$__dcrt_lowio_ensure_console_output_initialized 000000018004b3dc     libucrt:initcon.obj
 0004:000023e8       $pdata$__dcrt_terminate_console_output 000000018004b3e8     libucrt:initcon.obj
 0004:000023f4       $pdata$__dcrt_write_console 000000018004b3f4     libucrt:initcon.obj
 0004:00002400       $pdata$fegetenv            000000018004b400     libucrt:fegetenv.obj
 0004:0000240c       $pdata$fesetenv            000000018004b40c     libucrt:fesetenv.obj
 0004:00002418       $pdata$feholdexcept        000000018004b418     libucrt:feholdexcept.obj
 0004:00002430       $pdata$??$common_xtox@K_W@@YAHKQEA_W_KI_N@Z 000000018004b430     libucrt:xtoa.obj
 0004:0000243c       $pdata$??$common_xtox_s@K_W@@YAHKQEA_W_KI_N@Z 000000018004b43c     libucrt:xtoa.obj
 0004:00002448       $pdata$_itow_s             000000018004b448     libucrt:xtoa.obj
 0004:00002454       $pdata$?__c16rtomb_utf8@__crt_mbstring@@YA_KPEAD_SPEAU_Mbstatet@@@Z 000000018004b454     libucrt:c16rtomb.obj
 0004:00002460       $pdata$_get_fmode          000000018004b460     libucrt:setmode.obj
 0004:0000246c       $pdata$_setmode_nolock     000000018004b46c     libucrt:setmode.obj
 0004:00002478       $pdata$_chsize_nolock      000000018004b478     libucrt:chsize.obj
 0004:00002484       $pdata$__acrt_LCMapStringW 000000018004b484     libucrt:lcmapstringw.obj
 0004:00002490       $pdata$_clearfp            000000018004b490     libucrt:ieee.obj
 0004:0000249c       $pdata$_log10_special      000000018004b49c     libucrt:log_special.obj
 0004:000024a8       $pdata$_log_special_common 000000018004b4a8     libucrt:log_special.obj
 0004:000024b4       $pdata$?DloadAcquireSectionWriteAccess@@YAXXZ 000000018004b4b4     DelayImp:delayhlp.obj
 0004:000024c0       $pdata$?DloadGetSRWLockFunctionPointers@@YAEXZ 000000018004b4c0     DelayImp:delayhlp.obj
 0004:000024cc       $pdata$?DloadMakePermanentImageCommit@@YAXPEAX_K@Z 000000018004b4cc     DelayImp:delayhlp.obj
 0004:000024d8       $pdata$?DloadObtainSection@@YAPEAXPEAK0@Z 000000018004b4d8     DelayImp:delayhlp.obj
 0004:000024e4       $pdata$?DloadProtectSection@@YAXKPEAK@Z 000000018004b4e4     DelayImp:delayhlp.obj
 0004:000024f0       $pdata$?DloadReleaseSectionWriteAccess@@YAXXZ 000000018004b4f0     DelayImp:delayhlp.obj
 0004:000024fc       $pdata$__delayLoadHelper2  000000018004b4fc     DelayImp:delayhlp.obj
 0004:00002508       $pdata$_IsNonwritableInCurrentImage 000000018004b508     LIBCMT:pesect.obj
 0004:00002514       $pdata$_local_unwind       000000018004b514     libvcruntime:jmpuwind.obj
 0004:00002520       $pdata$strrchr             000000018004b520     libvcruntime:strrchr.obj
 0004:0000252c       $pdata$wcschr              000000018004b52c     libvcruntime:wcschr.obj
 0004:00002544       $pdata$?fin$0@?0??dllmain_crt_process_attach@@YAHQEAUHINSTANCE__@@QEAX@Z@4HA 000000018004b544     LIBCMT:dll_dllmain.obj
 0004:00002550       $pdata$?fin$0@?0??dllmain_crt_process_detach@@YAH_N@Z@4HA 000000018004b550     LIBCMT:dll_dllmain.obj
 0004:0000255c       $pdata$?filt$0@?0??dllmain_dispatch@@YAHQEAUHINSTANCE__@@KQEAX@Z@4HA 000000018004b55c     LIBCMT:dll_dllmain.obj
 0004:00002568       $pdata$__scrt_is_nonwritable_in_current_image$filt$0 000000018004b568     LIBCMT:utility.obj
 0004:00002574       $pdata$?filt$0@?0???$_CallSETranslator@V__FrameHandler3@@@@YAHPEAUEHExceptionRecord@@PEA_KPEAU_CONTEXT@@PEAU_xDISPATCHER_CONTEXT@@PEBU_s_FuncInfo@@K1@Z@4HA 000000018004b574     libvcruntime:risctrnsctrl.obj
 0004:00002580       $pdata$__DestructExceptionObject$filt$0 000000018004b580     libvcruntime:ehhelpers.obj
 0004:0000258c       $pdata$?filt$0@?0??CxxCallCatchBlock@__FrameHandler3@@SAPEAXPEAU_EXCEPTION_RECORD@@@Z@4HA 000000018004b58c     libvcruntime:frame.obj
 0004:00002598       $pdata$?fin$1@?0??CxxCallCatchBlock@__FrameHandler3@@SAPEAXPEAU_EXCEPTION_RECORD@@@Z@4HA 000000018004b598     libvcruntime:frame.obj
 0004:000025a4       $pdata$?filt$0@?0??FrameUnwindToState@__FrameHandler3@@SAXPEA_KPEAU_xDISPATCHER_CONTEXT@@PEBU_s_FuncInfo@@H@Z@4HA 000000018004b5a4     libvcruntime:frame.obj
 0004:000025b0       $pdata$?fin$1@?0??FrameUnwindToState@__FrameHandler3@@SAXPEA_KPEAU_xDISPATCHER_CONTEXT@@PEBU_s_FuncInfo@@H@Z@4HA 000000018004b5b0     libvcruntime:frame.obj
 0004:000025bc       $pdata$fputc$fin$0         000000018004b5bc     libucrt:fputc.obj
 0004:000025c8       $pdata$?fin$0@?0???$?RV<lambda_84ec643ea9557e2f7dc01bb0e9624395>@@AEAV<lambda_ca71763b3c0644891230e4f79ea54fa6>@@V<lambda_439a761618c59b0600e24586724d733b>@@@?$__crt_seh_guarded_call@H@@QEAAH$$QEAV<lambda_84ec643ea9557e2f7dc01bb0e9624395>@@AEAV<lambda_ca71763b3c0644891230e4f79ea54fa6>@@$$QEAV<lambda_439a761618c59b0600e24586724d733b>@@@Z@4HA 000000018004b5c8     libucrt:setvbuf.obj
 0004:000025c8       $pdata$?fin$0@?0???$?RV<lambda_842d9ff0dc9ef11c61343bbaebe7f885>@@AEAV<lambda_c5860995281e5c4ce005b3de8f5874ee>@@V<lambda_d90129c13df834fdcbf8d2b88dafcf2d>@@@?$__crt_seh_guarded_call@X@@QEAAX$$QEAV<lambda_842d9ff0dc9ef11c61343bbaebe7f885>@@AEAV<lambda_c5860995281e5c4ce005b3de8f5874ee>@@$$QEAV<lambda_d90129c13df834fdcbf8d2b88dafcf2d>@@@Z@4HA 000000018004b5c8     libucrt:fflush.obj
 0004:000025c8       $pdata$?fin$0@?0???$?RV<lambda_bdbcead8b570fa3d5ec6d9679862a6e5>@@AEAV<lambda_96f4279ff90247a4c5c5d9824f56f8c1>@@V<lambda_4606be27f17b5e5579e09050fab91818>@@@?$__crt_seh_guarded_call@_K@@QEAA_K$$QEAV<lambda_bdbcead8b570fa3d5ec6d9679862a6e5>@@AEAV<lambda_96f4279ff90247a4c5c5d9824f56f8c1>@@$$QEAV<lambda_4606be27f17b5e5579e09050fab91818>@@@Z@4HA 000000018004b5c8     libucrt:fwrite.obj
 0004:000025c8       $pdata$?fin$0@?0???$?RV<lambda_c376a267cfb53b6959b3b692ec76b120>@@AEAV<lambda_9a32fed5bf61b6b509b2d3f6003082a1>@@V<lambda_572fbb9fa0ab338edf41edfd4b5fcc8d>@@@?$__crt_seh_guarded_call@H@@QEAAH$$QEAV<lambda_c376a267cfb53b6959b3b692ec76b120>@@AEAV<lambda_9a32fed5bf61b6b509b2d3f6003082a1>@@$$QEAV<lambda_572fbb9fa0ab338edf41edfd4b5fcc8d>@@@Z@4HA 000000018004b5c8     libucrt:fflush.obj
 0004:000025c8       $pdata$?fin$0@?0???$?RV<lambda_a62c933ada0517137acf5807a1eeac1f>@@AEAV<lambda_a31071773b9a94e445cbd5d04ef99106>@@V<lambda_56065050dbf3ada7e59a83db45153de3>@@@?$__crt_seh_guarded_call@H@@QEAAH$$QEAV<lambda_a62c933ada0517137acf5807a1eeac1f>@@AEAV<lambda_a31071773b9a94e445cbd5d04ef99106>@@$$QEAV<lambda_56065050dbf3ada7e59a83db45153de3>@@@Z@4HA 000000018004b5c8     libucrt:output.obj
 0004:000025d4       $pdata$?fin$0@?0???$?RV<lambda_886d6c58226a84441f68b9f2b8217b83>@@AEAV<lambda_ab61a845afdef5b7c387490eaf3616ee>@@V<lambda_f7f22ab5edc0698d5f6905b0d3f44752>@@@?$__crt_seh_guarded_call@X@@QEAAX$$QEAV<lambda_886d6c58226a84441f68b9f2b8217b83>@@AEAV<lambda_ab61a845afdef5b7c387490eaf3616ee>@@$$QEAV<lambda_f7f22ab5edc0698d5f6905b0d3f44752>@@@Z@4HA 000000018004b5d4     libucrt:fflush.obj
 0004:000025e0       $pdata$?fin$0@?0??common_fseek@@YAHV__crt_stdio_stream@@_JH@Z@4HA 000000018004b5e0     libucrt:fseek.obj
 0004:000025e0       $pdata$fclose$fin$0        000000018004b5e0     libucrt:fclose.obj
 0004:000025e0       $pdata$?fin$0@?0???$common_ftell@_J@@YA_JV__crt_stdio_stream@@@Z@4HA 000000018004b5e0     libucrt:ftell.obj
 0004:000025ec       $pdata$perror$fin$0        000000018004b5ec     libucrt:perror.obj
 0004:000025f8       $pdata$fgetc$fin$0         000000018004b5f8     libucrt:fgetc.obj
 0004:00002604       $pdata$ungetc$fin$0        000000018004b604     libucrt:ungetc.obj
 0004:00002610       $pdata$fread_s$fin$0       000000018004b610     libucrt:fread.obj
 0004:0000261c       $pdata$?fin$0@?0???$?RV<lambda_1d892b297fdedeee07ed8124eeb2f2fa>@@AEAV<lambda_ffc046909424fd52df0ac47e64813305>@@V<lambda_01a7098693036236037e7cdb9bca3d73>@@@?$__crt_seh_guarded_call@X@@QEAAX$$QEAV<lambda_1d892b297fdedeee07ed8124eeb2f2fa>@@AEAV<lambda_ffc046909424fd52df0ac47e64813305>@@$$QEAV<lambda_01a7098693036236037e7cdb9bca3d73>@@@Z@4HA 000000018004b61c     libucrt:wsetlocale.obj
 0004:0000261c       $pdata$?fin$0@?0???$?RV<lambda_aa87e3671a710a21b5dc78c0bdf72e11>@@AEAV<lambda_92619d2358a28f41a33ba319515a20b9>@@V<lambda_6992ecaafeb10aed2b74cb1fae11a551>@@@?$__crt_seh_guarded_call@X@@QEAAX$$QEAV<lambda_aa87e3671a710a21b5dc78c0bdf72e11>@@AEAV<lambda_92619d2358a28f41a33ba319515a20b9>@@$$QEAV<lambda_6992ecaafeb10aed2b74cb1fae11a551>@@@Z@4HA 000000018004b61c     libucrt:per_thread_data.obj
 0004:0000261c       $pdata$?fin$0@?0???$?RV<lambda_0ae27a3a962d80f24befdcbee591983d>@@AEAV<lambda_8d0ee55de4b1038c4002e0adecdf1839>@@V<lambda_dc504788e8f1664fe9b84e20bfb512f2>@@@?$__crt_seh_guarded_call@X@@QEAAX$$QEAV<lambda_0ae27a3a962d80f24befdcbee591983d>@@AEAV<lambda_8d0ee55de4b1038c4002e0adecdf1839>@@$$QEAV<lambda_dc504788e8f1664fe9b84e20bfb512f2>@@@Z@4HA 000000018004b61c     libucrt:per_thread_data.obj
 0004:0000261c       $pdata$?fin$0@?0???$?RV<lambda_2d41944a1d46af3157314b8a01080d33>@@AEAV<lambda_8f455de75cd7d7f24b4096f044d8b9e6>@@V<lambda_aa500f224e6afead328df44964fe2772>@@@?$__crt_seh_guarded_call@X@@QEAAX$$QEAV<lambda_2d41944a1d46af3157314b8a01080d33>@@AEAV<lambda_8f455de75cd7d7f24b4096f044d8b9e6>@@$$QEAV<lambda_aa500f224e6afead328df44964fe2772>@@@Z@4HA 000000018004b61c     libucrt:per_thread_data.obj
 0004:0000261c       $pdata$?fin$0@?0???$?RV<lambda_efdfa57d1f175319df784efa44bb7b81>@@AEAV<lambda_5f0a4c1567f8adc6734073e5d1e1b35c>@@V<lambda_2e8a7d3640ea6ccb4c2413664c2db6fd>@@@?$__crt_seh_guarded_call@X@@QEAAX$$QEAV<lambda_efdfa57d1f175319df784efa44bb7b81>@@AEAV<lambda_5f0a4c1567f8adc6734073e5d1e1b35c>@@$$QEAV<lambda_2e8a7d3640ea6ccb4c2413664c2db6fd>@@@Z@4HA 000000018004b61c     libucrt:mbctype.obj
 0004:0000261c       $pdata$?fin$0@?0???$?RV<lambda_bd00b5aa228bd7e7e5b2b5db5fd2933b>@@AEAV<lambda_777d11615145f89ee95b9466d285deeb>@@V<lambda_6e5e48fbd24f9f8f81b203eb3d877683>@@@?$__crt_seh_guarded_call@H@@QEAAH$$QEAV<lambda_bd00b5aa228bd7e7e5b2b5db5fd2933b>@@AEAV<lambda_777d11615145f89ee95b9466d285deeb>@@$$QEAV<lambda_6e5e48fbd24f9f8f81b203eb3d877683>@@@Z@4HA 000000018004b61c     libucrt:winapi_thunks.obj
 0004:0000261c       $pdata$?fin$0@?0???$?RV<lambda_f2e299630e499de9f9a165e60fcd3db5>@@AEAV<lambda_2ae9d31cdba2644fcbeaf08da7c24588>@@V<lambda_40d01ff24d0e7b3814fdbdcee8eab3c7>@@@?$__crt_seh_guarded_call@X@@QEAAX$$QEAV<lambda_f2e299630e499de9f9a165e60fcd3db5>@@AEAV<lambda_2ae9d31cdba2644fcbeaf08da7c24588>@@$$QEAV<lambda_40d01ff24d0e7b3814fdbdcee8eab3c7>@@@Z@4HA 000000018004b61c     libucrt:per_thread_data.obj
 0004:0000261c       $pdata$?fin$0@?0???$?RV<lambda_450d765d439847d4c735a33c368b5fc0>@@AEAV<lambda_44731a7d0e6d81c3e6aa82d741081786>@@V<lambda_601a2a7da3b7a96e9554ac7215c4b07c>@@@?$__crt_seh_guarded_call@P6AXH@Z@@QEAAP6AXH@Z$$QEAV<lambda_450d765d439847d4c735a33c368b5fc0>@@AEAV<lambda_44731a7d0e6d81c3e6aa82d741081786>@@$$QEAV<lambda_601a2a7da3b7a96e9554ac7215c4b07c>@@@Z@4HA 000000018004b61c     libucrt:signal.obj
 0004:0000261c       $pdata$?fin$0@?0???$?RV<lambda_9bd929c17696992ce54f1d748594fc62>@@AEAV<lambda_082c17da81b0962e08c0587ee0fac50c>@@V<lambda_9c08ac857f4975304d44e9f601d9b878>@@@?$__crt_seh_guarded_call@PEAD@@QEAAPEAD$$QEAV<lambda_9bd929c17696992ce54f1d748594fc62>@@AEAV<lambda_082c17da81b0962e08c0587ee0fac50c>@@$$QEAV<lambda_9c08ac857f4975304d44e9f601d9b878>@@@Z@4HA 000000018004b61c     libucrt:setlocale.obj
 0004:0000261c       $pdata$?fin$0@?0???$?RV<lambda_7777bce6b2f8c936911f934f8298dc43>@@AEAV<lambda_f03950bc5685219e0bcd2087efbe011e>@@V<lambda_3883c3dff614d5e0c5f61bb1ac94921c>@@@?$__crt_seh_guarded_call@H@@QEAAH$$QEAV<lambda_7777bce6b2f8c936911f934f8298dc43>@@AEAV<lambda_f03950bc5685219e0bcd2087efbe011e>@@$$QEAV<lambda_3883c3dff614d5e0c5f61bb1ac94921c>@@@Z@4HA 000000018004b61c     libucrt:onexit.obj
 0004:0000261c       $pdata$?fin$0@?0???$?RV<lambda_638799b9deba96c50f710eeac98168cd>@@AEAV<lambda_22ebabd17bc4fa466a2aca6d8deb888d>@@V<lambda_a6f7d7db0129f75315ebf26d50c089f1>@@@?$__crt_seh_guarded_call@H@@QEAAH$$QEAV<lambda_638799b9deba96c50f710eeac98168cd>@@AEAV<lambda_22ebabd17bc4fa466a2aca6d8deb888d>@@$$QEAV<lambda_a6f7d7db0129f75315ebf26d50c089f1>@@@Z@4HA 000000018004b61c     libucrt:onexit.obj
 0004:0000261c       $pdata$?fin$0@?0???$?RV<lambda_d80eeec6fff315bfe5c115232f3240e3>@@AEAV<lambda_6e4b09c48022b2350581041d5f6b0c4c>@@V<lambda_2358e3775559c9db80273638284d5e45>@@@?$__crt_seh_guarded_call@X@@QEAAX$$QEAV<lambda_d80eeec6fff315bfe5c115232f3240e3>@@AEAV<lambda_6e4b09c48022b2350581041d5f6b0c4c>@@$$QEAV<lambda_2358e3775559c9db80273638284d5e45>@@@Z@4HA 000000018004b61c     libucrt:exit.obj
 0004:00002628       $pdata$?fin$0@?0???$common_fsopen@D@@YAPEAU_iobuf@@QEBD0H@Z@4HA 000000018004b628     libucrt:fopen.obj
 0004:00002634       $pdata$_query_new_handler$fin$0 000000018004b634     libucrt:new_handler.obj
 0004:00002640       $pdata$?filt$0@?0???R<lambda_6e4b09c48022b2350581041d5f6b0c4c>@@QEBA@XZ@4HA 000000018004b640     libucrt:exit.obj
 0004:0000264c       $pdata$raise$fin$0         000000018004b64c     libucrt:signal.obj
 0004:00002658       $pdata$__acrt_initialize_lowio$fin$0 000000018004b658     libucrt:ioinit.obj
 0004:00002658       $pdata$__acrt_lowio_ensure_fh_exists$fin$0 000000018004b658     libucrt:osfinfo.obj
 0004:00002658       $pdata$_alloc_osfhnd$fin$0 000000018004b658     libucrt:osfinfo.obj
 0004:00002664       $pdata$?fin$0@?0??__acrt_stdio_allocate_stream@@YA?AV__crt_stdio_stream@@XZ@4HA 000000018004b664     libucrt:stream.obj
 0004:00002664       $pdata$_fcloseall$fin$0    000000018004b664     libucrt:closeall.obj
 0004:00002670       $pdata$?fin$0@?0???$?RV<lambda_a37b2b86f63e897a80ea819b0eb08c01>@@AEAV<lambda_38ce7e780aa69e748d6df282ebc68efe>@@V<lambda_99fb1378e971ab6e7edea83e3a7a83a2>@@@?$__crt_seh_guarded_call@H@@QEAAH$$QEAV<lambda_a37b2b86f63e897a80ea819b0eb08c01>@@AEAV<lambda_38ce7e780aa69e748d6df282ebc68efe>@@$$QEAV<lambda_99fb1378e971ab6e7edea83e3a7a83a2>@@@Z@4HA 000000018004b670     libucrt:commit.obj
 0004:00002670       $pdata$?fin$0@?0???$?RV<lambda_751a882b2c74d4b022dec766aa51a29a>@@AEAV<lambda_628dfdc04ba53c8bfc02c9951375f3f5>@@V<lambda_f6c7be5f7998530c34de24c7437d6b54>@@@?$__crt_seh_guarded_call@H@@QEAAH$$QEAV<lambda_751a882b2c74d4b022dec766aa51a29a>@@AEAV<lambda_628dfdc04ba53c8bfc02c9951375f3f5>@@$$QEAV<lambda_f6c7be5f7998530c34de24c7437d6b54>@@@Z@4HA 000000018004b670     libucrt:close.obj
 0004:0000267c       $pdata$?fin$0@?0???$common_lseek@_J@@YA_JH_JH@Z@4HA 000000018004b67c     libucrt:lseek.obj
 0004:0000267c       $pdata$_write$fin$0        000000018004b67c     libucrt:write.obj
 0004:00002688       $pdata$?fin$0@?0???$?RV<lambda_410d79af7f07d98d83a3f525b3859a53>@@AEAV<lambda_3e16ef9562a7dcce91392c22ab16ea36>@@V<lambda_38119f0e861e05405d8a144b9b982f0a>@@@?$__crt_seh_guarded_call@X@@QEAAX$$QEAV<lambda_410d79af7f07d98d83a3f525b3859a53>@@AEAV<lambda_3e16ef9562a7dcce91392c22ab16ea36>@@$$QEAV<lambda_38119f0e861e05405d8a144b9b982f0a>@@@Z@4HA 000000018004b688     libucrt:wsetlocale.obj
 0004:00002694       $pdata$?fin$0@?0???$?RV<lambda_7f2adfce497ff2baa965cd4f576ecfd1>@@AEAV<lambda_2a444430fde8c29194d880d93eed5e8f>@@AEAV<lambda_8dff2cf36a5417162780cd64fa2883ef>@@@?$__crt_seh_guarded_call@X@@QEAAX$$QEAV<lambda_7f2adfce497ff2baa965cd4f576ecfd1>@@AEAV<lambda_2a444430fde8c29194d880d93eed5e8f>@@AEAV<lambda_8dff2cf36a5417162780cd64fa2883ef>@@@Z@4HA 000000018004b694     libucrt:wsetlocale.obj
 0004:000026a0       $pdata$_ctrlfp$filt$0      000000018004b6a0     libucrt:fpctrl.obj
 0004:000026ac       $pdata$_read$fin$0         000000018004b6ac     libucrt:read.obj
 0004:000026b8       $pdata$?fin$0@?0??update_thread_multibyte_data_internal@@YAPEAU__crt_multibyte_data@@QEAU__acrt_ptd@@QEAPEAU1@@Z@4HA 000000018004b6b8     libucrt:mbctype.obj
 0004:000026c4       $pdata$__acrt_update_thread_locale_data$fin$0 000000018004b6c4     libucrt:locale_refcounting.obj
 0004:000026d0       $pdata$?fin$0@?0???$common_sopen_dispatch@D@@YAHQEBDHHHQEAHH@Z@4HA 000000018004b6d0     libucrt:open.obj
 0004:000026dc       $pdata$_IsNonwritableInCurrentImage$filt$0 000000018004b6dc     LIBCMT:pesect.obj
 0004:000026e8       $pdata$??__Fclassic_locale@std@@YAXXZ 000000018004b6e8     libcpmt:locale0.obj
 0004:000026f4       $pdata$??__Finit_atexit@@YAXXZ 000000018004b6f4     libcpmt:iosptrs.obj
 0005:00000060       $R000000                   000000018004c060     * linker generated manifest res *

 Exports

  ordinal    name

        1    _register_addon_
